06-04 21:53:16.406 15424 17704 D CompatChangeReporter: Compat change id reported: 297989574; UID 10162; state: ENABLED
06-04 21:53:16.409 28283 28283 E Finsky  : [2] Setup::DSE: Failed to sync Phenotype experiments, time out after PT0.001S (Waited 1 milliseconds (plus 527792 nanoseconds delay) for ivp@40e4527[status=PENDING, info=[tag=[ivn@64f83d4]]])
06-04 21:53:16.416 28733 28733 I cr_PolicyProvider: #notifySettingsAvailable() 0
06-04 21:53:16.417 28733 28733 I cr_CombinedPProvider: #onSettingsAvailable() 0
06-04 21:53:16.417 28733 28733 I cr_CombinedPProvider: #flushPolicies()
06-04 21:53:16.417 28733 28733 I cr_PolicyService: #onPolicyServiceInitialized()
06-04 21:53:16.418 28733 28733 I cr_ChromeTabbedActivity: #initializeState
06-04 21:53:16.421 28907 28907 D nativeloader: Configuring clns-10 for other apk /data/app/~~fry24zrDs3THWfnTXJcXcA==/com.android.chrome-JdxmfNcwBAZS_6XM4RNugA==/Chrome.apk. target_sdk_version=35, uses_libraries=, library_path=/data/app/~~fry24zrDs3THWfnTXJcXcA==/com.android.chrome-JdxmfNcwBAZS_6XM4RNugA==/lib/arm64:/data/app/~~fry24zrDs3THWfnTXJcXcA==/com.android.chrome-JdxmfNcwBAZS_6XM4RNugA==/Chrome.apk!/lib/arm64-v8a:/data/app/~~bAWld88vGZIp2gx_c16ZOQ==/com.google.android.trichromelibrary_699813532-MuApWYbTReCiok4Ut41Ccg==/TrichromeLibrary.apk!/lib/arm64-v8a, permitted_path=/data:/mnt/expand:/data/user/0/com.android.chrome
06-04 21:53:16.430 28907 28907 D CompatChangeReporter: Compat change id reported: 202956589; UID 10162; state: ENABLED
06-04 21:53:16.446  3474  3474 D BoundBrokerSvc: onBind: Intent { act=com.google.android.gms.languageprofile.service.START xflg=0x4 pkg=com.google.android.gms }
06-04 21:53:16.446  3474  3474 D BoundBrokerSvc: Loading bound service for intent: Intent { act=com.google.android.gms.languageprofile.service.START xflg=0x4 pkg=com.google.android.gms }
06-04 21:53:16.452 28733 28733 W cr_ActivityDispatcher: CustomTabsIntent#shouldAlwaysUseBrowserUI() = false
06-04 21:53:16.466 28907 28907 V GraphicsEnvironment: Currently set values for:
06-04 21:53:16.466 28907 28907 V GraphicsEnvironment:   angle_gl_driver_selection_pkgs=[]
06-04 21:53:16.466 28907 28907 V GraphicsEnvironment:   angle_gl_driver_selection_values=[]
06-04 21:53:16.467 28907 28907 V GraphicsEnvironment: com.android.chrome is not listed in per-application setting
06-04 21:53:16.467 28907 28907 V GraphicsEnvironment: ANGLE allowlist from config: com.dreamgames.royalmatch com.dts.freefiremax com.dxx.firenow com.gramgames.mergedragons com.ludo.king com.mojang.minecraftpe com.my.defense com.nintendo.zaka com.os.airforce com.playrix.fishdomdd.gplay io.teslatech.callbreak jp.konami.prospia net.peakgames.toonblast
06-04 21:53:16.472 28733 28903 W cr_media: BLUETOOTH_CONNECT permission is missing.
06-04 21:53:16.472 28733 28903 W cr_media: getBluetoothAdapter() requires BLUETOOTH permission
06-04 21:53:16.472 28733 28903 W cr_media: registerBluetoothIntentsIfNeeded: Requires BLUETOOTH permission
06-04 21:53:16.473 28907 28907 V GraphicsEnvironment: No special selections for ANGLE, returning default driver choice
06-04 21:53:16.473 28907 28907 V GraphicsEnvironment: Neither updatable production driver nor prerelease driver is supported.
06-04 21:53:16.474 28907 28907 I LoadedApk: No resource references to update in package com.google.android.trichromelibrary
06-04 21:53:16.475 28907 28907 I cr_SplitCompatApp: version=134.0.6998.135 (699813532) minSdkVersion=29 isBundle=false processName=com.android.chrome:privileged_process0 isIsolatedProcess=false
06-04 21:53:16.477 28861 28874 I cr_LibraryLoader: Successfully loaded native library
06-04 21:53:16.491 28861 28874 I cr_CachingUmaRecorder: Flushed 3 samples from 3 histograms, 0 samples were dropped.
06-04 21:53:16.494 15424 15824 D BackgroundInstallControlService: Package event received: 0
06-04 21:53:16.497 28907 28907 I cr_ChildProcessService: Creating new ChildProcessService pid=28907
06-04 21:53:16.498 28861 28874 W SystemServiceRegistry: No service published for: uimode
06-04 21:53:16.499 28733 28733 I cr_PolicyProvider: #notifySettingsAvailable() 0
06-04 21:53:16.499 28733 28733 I cr_CombinedPProvider: #onSettingsAvailable() 0
06-04 21:53:16.503 28733 28733 I cr_CombinedPProvider: #flushPolicies()
06-04 21:53:16.515 28907 28931 D nativeloader: Load /data/app/~~fry24zrDs3THWfnTXJcXcA==/com.android.chrome-JdxmfNcwBAZS_6XM4RNugA==/Chrome.apk!/lib/arm64-v8a/libchromium_android_linker.so using class loader ns clns-10 (caller=/data/app/~~fry24zrDs3THWfnTXJcXcA==/com.android.chrome-JdxmfNcwBAZS_6XM4RNugA==/Chrome.apk): ok
06-04 21:53:16.522 15424 16759 D ConnectivityService: Returning UNBLOCKED NetworkInfo to uid=10162
06-04 21:53:16.526 28907 28931 I cr_LibraryLoader: Loading monochrome_64 from within /data/app/~~fry24zrDs3THWfnTXJcXcA==/com.android.chrome-JdxmfNcwBAZS_6XM4RNugA==/Chrome.apk
06-04 21:53:16.527 28907 28931 I cr_Linker: loadLibraryImplLocked: monochrome_64, relroMode=2
06-04 21:53:16.540 28733 28733 I cr_OfflineIndicator: onConnectionTypeChanged 2
06-04 21:53:16.541 28733 28733 I cr_OfflineIndicator: Reported by system: [ Transports: WIFI Capabilities: NOT_METERED&INTERNET&NOT_RESTRICTED&TRUSTED&NOT_VPN&NOT_ROAMING&FOREGROUND&NOT_CONGESTED&NOT_SUSPENDED&PARTIAL_CONNECTIVITY&NOT_VCN_MANAGED&NOT_BANDWIDTH_CONSTRAINED LinkUpBandwidth>=12000Kbps LinkDnBandwidth>=30000Kbps TransportInfo: <SSID: <unknown ssid>, BSSID: 02:00:00:00:00:00, MAC: 02:00:00:00:00:00, IP: /10.0.2.16, Security type: 0, Supplicant state: COMPLETED, Wi-Fi standard: legacy, RSSI: -50, Link speed: 1Mbps, Tx Link speed: 1Mbps, Max Supported Tx Link speed: 11Mbps, Rx Link speed: 2Mbps, Max Supported Rx Link speed: 11Mbps, Frequency: 2447MHz, Net ID: -1, Metered hint: false, score: 83, isUsable: true, CarrierMerged: false, SubscriptionId: -1, IsPrimary: -1, Trusted: true, Restricted: false, Ephemeral: false, OEM paid: false, OEM private: false, OSU AP: false, FQDN: <none>, Provider friendly name: <none>, Requesting package name: <none><none>MLO Information: , Is TID-To-Link negotiation supported by the AP: false, AP MLD Address: <none>, AP MLO Link Id: <none>, AP MLO Affiliated links: <none>, Vendor Data: <none>> SignalStrength: -50 UnderlyingNetworks: Null]
06-04 21:53:16.542 28733 28733 I cr_OfflineIndicator: Reported by system: [ Transports: CELLULAR Capabilities: MMS&SUPL&DUN&FOTA&IMS&CBS&INTERNET&NOT_RESTRICTED&TRUSTED&NOT_VPN&NOT_ROAMING&NOT_CONGESTED&NOT_SUSPENDED&PARTIAL_CONNECTIVITY&NOT_VCN_MANAGED&MMTEL&NOT_BANDWIDTH_CONSTRAINED LinkUpBandwidth>=60000Kbps LinkDnBandwidth>=145000Kbps Specifier: <TelephonyNetworkSpecifier [mSubId = 1]> SubscriptionIds: {1} UnderlyingNetworks: Null]
06-04 21:53:16.542 28733 28733 I cr_OfflineIndicator: setConnectionState connectionState=2
06-04 21:53:16.542 28733 28733 W Settings: Setting airplane_mode_on has moved from android.provider.Settings.System to android.provider.Settings.Global, returning read-only value.
06-04 21:53:16.542 28733 28733 I cr_OfflineDetector: Running updateState mConnectivityDetectorInitialized: true, mTimeWhenLastForegrounded: 1255652831, getElapsedTime: 1255652833, mTimeWhenLastOfflineNotificationReceived: 1255652833, mTimeWhenLastOnline: 0, mTimeWhenAirplaneModeToggledOff: 0 mApplicationState: 1, mIsOfflineLastReportedByConnectivityDetector: true, mInAirplaneMode: false mIsEffectivelyOffline: false
06-04 21:53:16.542 28733 28733 I cr_OfflineDetector: updateState(): timeSinceLastForeground: 2, timeSinceOfflineNotificationReceived: 0, timeSinceLastOnline: 1255652833, timeNeededForForeground: 1998, timeNeededForOffline: 2000 timeSinceAirplaneModeToggledOff: 1255652833 timeNeededAfterConnectionChangeFromOnlineToOffline: 0 timeNeededAfterConnectionChangeFromAirplaneToOffline: 0
06-04 21:53:16.542 28733 28733 I cr_OfflineIndicator: processConnectivityCheckResult mConnectionState=2 mConnectivityCheckingStage=1
06-04 21:53:16.542 28733 28733 I cr_OfflineIndicator: scheduleNextConnectivityCheck
06-04 21:53:16.542 28733 28733 I cr_OfflineIndicator: Retry after 5000ms
06-04 21:53:16.544 26297 26297 D BoundBrokerSvc: onRebind: Intent { act=com.google.android.gms.auth.aang.events.services.START dat=chimera-action:/... xflg=0x4 cmp=com.google.android.gms/.chimera.PersistentApiService }
06-04 21:53:16.578 28733 28733 I ContentCaptureHelper: Setting logging level to OFF
06-04 21:53:16.579 26297 30028 I FontLog : (REDACTED) Received query %s, URI %s
06-04 21:53:16.580 26297 30028 I FontLog : (REDACTED) Query [%s] resolved to %s
06-04 21:53:16.581 26297 30028 I FontLog : (REDACTED) Font PFD returned from cache for %s
06-04 21:53:16.581 26297 30028 I FontLog : (REDACTED) Fetch %s end status %s
06-04 21:53:16.587 28907 28931 D nativeloader: Load /data/app/~~bAWld88vGZIp2gx_c16ZOQ==/com.google.android.trichromelibrary_699813532-MuApWYbTReCiok4Ut41Ccg==/TrichromeLibrary.apk!/lib/arm64-v8a/libmonochrome_64.so using class loader ns clns-10 (caller=/data/app/~~fry24zrDs3THWfnTXJcXcA==/com.android.chrome-JdxmfNcwBAZS_6XM4RNugA==/Chrome.apk): ok
06-04 21:53:16.597 26297 30028 I FontLog : (REDACTED) Pulling font file for id = %d, cache size = %d
06-04 21:53:16.599 19211 19211 I GoogleInputMethodService: GoogleInputMethodService.onFinishInput():2057 
06-04 21:53:16.599 19211 19211 I Module  : DeviceLockedStatusModuleProvider$Module.updateDeviceLockedStatus():100 repeatCheckTimes = 0, locked = false
06-04 21:53:16.599 19211 19211 I GoogleInputMethodService: GoogleInputMethodService.onStartInput():1318 onStartInput(EditorInfo{EditorInfo{packageName=com.android.chrome, inputType=0, inputTypeString=NULL, enableLearning=false, autoCorrection=false, autoComplete=false, imeOptions=12000000, privateImeOptions=null, actionName=UNSPECIFIED, actionLabel=null, initialSelStart=-1, initialSelEnd=-1, initialCapsMode=0, label=null, fieldId=0, fieldName=null, extras=null, hintText=null, hintLocales=[]}}, false)
06-04 21:53:16.603 19211 19211 I Module  : DeviceLockedStatusModuleProvider$Module.updateDeviceLockedStatus():100 repeatCheckTimes = 1, locked = false
06-04 21:53:16.604 15424 17402 W PackageConfigPersister: App-specific configuration not found for packageName: com.android.chrome and userId: 0
06-04 21:53:16.606 28283 28926 I RegisterSyncOperation: Register sync called by com.android.vending, syncing since something changed
06-04 21:53:16.608 28733 28733 D WindowOnBackDispatcher: setTopOnBackInvokedCallback (unwrapped): hA3@9c91e0f
06-04 21:53:16.609 15424 16759 D CoreBackPreview: Window{ec20079 u0 com.android.chrome/org.chromium.chrome.browser.ChromeTabbedActivity}: Setting back callback OnBackInvokedCallbackInfo{mCallback=android.window.IOnBackInvokedCallback$Stub$Proxy@eaacf0e, mPriority=0, mIsAnimationCallback=true, mOverrideBehavior=0}
06-04 21:53:16.610 28283 28926 I HeterodyneSyncer: Removed 0 invalid users
06-04 21:53:16.616 28907 28931 I cr_LibraryLoader: Successfully loaded native library
06-04 21:53:16.616 26297 30028 I FontLog : (REDACTED) Received query %s, URI %s
06-04 21:53:16.616 26297 30028 I FontLog : (REDACTED) Query [%s] resolved to %s
06-04 21:53:16.619 28733 28733 I cr_InactivityTracker: Last background time read from the SharedPreference is:1777081110730.
06-04 21:53:16.620 28733 28733 I cr_ChromeActivity: onResumeWithNative: exiting picture in picture if needed
06-04 21:53:16.622 28733 28733 I cr_VideoPersist: Dismiss activity with reason 0
06-04 21:53:16.623 17102 17282 I AiAiTextClassifier: GenerateLinks did not find valid links, returning empty result
06-04 21:53:16.625 15424 15839 E ClipboardService: Denying clipboard access to com.professionballarena.game, application is not in focus nor is it a system service for user 0
06-04 21:53:16.626 15424 15839 E ClipboardService: Denying clipboard access to com.google.android.gms, application is not in focus nor is it a system service for user 0
06-04 21:53:16.626 15424 15839 E ClipboardService: Denying clipboard access to com.arrowagain.game, application is not in focus nor is it a system service for user 0
06-04 21:53:16.627 28733 28733 W cr_BotControlsStacker: Height mismatch observed. [HeightFromSetter] expectedHeight= -1 expectedMinHeight= -1 [onBottomControlsHeightChanged] actualHeight = 63 actualMinHeight= 0
06-04 21:53:16.627 15424 17402 D ConnectivityService: requestNetwork for uid/pid:10162/28733 activeRequest: null callbackRequest: 418 [NetworkRequest [ REQUEST id=419, [ Capabilities: INTERNET&NOT_RESTRICTED&TRUSTED&NOT_VCN_MANAGED&NOT_BANDWIDTH_CONSTRAINED Uid: 10162 RequestorUid: 10162 RequestorPkg: com.android.chrome UnderlyingNetworks: Null] ]] callback flags: 0 order: 2147483647 isUidTracked: false declaredMethods: AVAIL|LOST|NC|LP
06-04 21:53:16.628 15424 15736 D WifiNetworkFactory: got request NetworkRequest [ REQUEST id=419, [ Capabilities: INTERNET&NOT_RESTRICTED&TRUSTED&NOT_VCN_MANAGED&NOT_BANDWIDTH_CONSTRAINED Uid: 10162 RequestorUid: 10162 RequestorPkg: com.android.chrome UnderlyingNetworks: Null] ]
06-04 21:53:16.628 15424 15736 D UntrustedWifiNetworkFactory: got request NetworkRequest [ REQUEST id=419, [ Capabilities: INTERNET&NOT_RESTRICTED&TRUSTED&NOT_VCN_MANAGED&NOT_BANDWIDTH_CONSTRAINED Uid: 10162 RequestorUid: 10162 RequestorPkg: com.android.chrome UnderlyingNetworks: Null] ]
06-04 21:53:16.628 15424 15736 D OemPaidWifiNetworkFactory: got request NetworkRequest [ REQUEST id=419, [ Capabilities: INTERNET&NOT_RESTRICTED&TRUSTED&NOT_VCN_MANAGED&NOT_BANDWIDTH_CONSTRAINED Uid: 10162 RequestorUid: 10162 RequestorPkg: com.android.chrome UnderlyingNetworks: Null] ]
06-04 21:53:16.628 15424 15736 D MultiInternetWifiNetworkFactory: got request NetworkRequest [ REQUEST id=419, [ Capabilities: INTERNET&NOT_RESTRICTED&TRUSTED&NOT_VCN_MANAGED&NOT_BANDWIDTH_CONSTRAINED Uid: 10162 RequestorUid: 10162 RequestorPkg: com.android.chrome UnderlyingNetworks: Null] ]
06-04 21:53:16.629 15424 15755 D ConnectivityService: NetReassign [419 : null → 101] [c 0] [a 1] [i 1]
06-04 21:53:16.631 15885 15885 I ClipboardListener: Clipboard overlay suppressed.
06-04 21:53:16.632 28733 28733 W cr_BotControlsStacker: Height mismatch observed. [HeightFromSetter] expectedHeight= 0 expectedMinHeight= 0 [LayerHeightCalc] actualHeight = 63 actualMinHeight= 0
06-04 21:53:16.632 15424 15755 D ConnectivityService: NetReassign [no changes] [c 0] [a 0] [i 0]
06-04 21:53:16.638 26297 30028 I FontLog : (REDACTED) Fetch %s end status %s
06-04 21:53:16.653 28907 28931 I cr_CachingUmaRecorder: Flushed 4 samples from 4 histograms, 0 samples were dropped.
06-04 21:53:16.654 17102 17282 I AiAiTextClassifier: GenerateLinks did not find valid links, returning empty result
06-04 21:53:16.656 26297  6085 I FontLog : (REDACTED) Pulling font file for id = %d, cache size = %d
06-04 21:53:16.665 15424 15824 D BackgroundInstallControlService: Package event received: 0
06-04 21:53:16.675 28283 28947 E Finsky  : [207] Unable to fetch checkin consistency token: empty token
06-04 21:53:16.678 15424 16597 D CompatChangeReporter: Compat change id reported: 297989574; UID 10153; state: ENABLED
06-04 21:53:16.681 26297  6085 I FontLog : (REDACTED) Received query %s, URI %s
06-04 21:53:16.681 26297  6085 I FontLog : (REDACTED) Query [%s] resolved to %s
06-04 21:53:16.681 17102 17362 I TrainerClient: Preparing to schedule training for population:aiai/playstore/smartselect/prod/train/en/address-otp session_name:smartselect/prod/train/en/address-otp
06-04 21:53:16.701 26297  6085 I FontLog : (REDACTED) Font PFD returned from cache for %s
06-04 21:53:16.702 26297  6085 I FontLog : (REDACTED) Fetch %s end status %s
06-04 21:53:16.740 26297  6085 I FontLog : (REDACTED) Pulling font file for id = %d, cache size = %d
06-04 21:53:16.757 28733 28733 I cr_InactivityTracker: Last visible time read from the SharedPreference is:1777081092504.
06-04 21:53:16.761 28283 28926 I Finsky  : [205] Sending Heterodyne sync request for package com.google.android.finsky.regular
06-04 21:53:16.766 26297 27618 I SQLiteConnectionPool: The connection pool for /data/user/0/com.google.android.gms/databases/metadata.db has been closed but there are still 1 connections in use.  They will be closed as they are released back to the pool.
06-04 21:53:16.769 26297  6085 I FontLog : (REDACTED) Received query %s, URI %s
06-04 21:53:16.769 28733 28733 I Choreographer: Skipped 69 frames!  The application may be doing too much work on its main thread.
06-04 21:53:16.769 26297  6085 I FontLog : (REDACTED) Query [%s] resolved to %s
06-04 21:53:16.788 26297  6085 I FontLog : (REDACTED) Font PFD returned from cache for %s
06-04 21:53:16.788 26297  6085 I FontLog : (REDACTED) Fetch %s end status %s
06-04 21:53:16.799 26297 28768 W FontLog : Error updating last accessed time for {Google Sans Flex, wdth 100.0, wght 400, ital 0.0, bestEffort false}, isVf false}. [CONTEXT service_id=132 ]
06-04 21:53:16.799 26297 28768 W FontLog : java.lang.IllegalStateException: Cannot perform this operation because the connection pool has been closed.
06-04 21:53:16.799 26297 28768 W FontLog : 	at android.database.sqlite.SQLiteConnectionPool.throwIfClosedLocked(SQLiteConnectionPool.java:1112)
06-04 21:53:16.799 26297 28768 W FontLog : 	at android.database.sqlite.SQLiteConnectionPool.waitForConnection(SQLiteConnectionPool.java:803)
06-04 21:53:16.799 26297 28768 W FontLog : 	at android.database.sqlite.SQLiteConnectionPool.acquireConnection(SQLiteConnectionPool.java:402)
06-04 21:53:16.799 26297 28768 W FontLog : 	at android.database.sqlite.SQLiteSession.acquireConnection(SQLiteSession.java:931)
06-04 21:53:16.799 26297 28768 W FontLog : 	at android.database.sqlite.SQLiteSession.prepare(SQLiteSession.java:623)
06-04 21:53:16.799 26297 28768 W FontLog : 	at android.database.sqlite.SQLiteProgram.<init>(SQLiteProgram.java:62)
06-04 21:53:16.799 26297 28768 W FontLog : 	at android.database.sqlite.SQLiteStatement.<init>(SQLiteStatement.java:34)
06-04 21:53:16.799 26297 28768 W FontLog : 	at android.database.sqlite.SQLiteDatabase.executeSql(SQLiteDatabase.java:2232)
06-04 21:53:16.799 26297 28768 W FontLog : 	at android.database.sqlite.SQLiteDatabase.execSQL(SQLiteDatabase.java:2209)
06-04 21:53:16.799 26297 28768 W FontLog : 	at brpf.run(:com.google.android.gms@253434035@25.34.34 (260400-800653487):57)
06-04 21:53:16.799 26297 28768 W FontLog : 	at bbim.c(:com.google.android.gms@253434035@25.34.34 (260400-800653487):50)
06-04 21:53:16.799 26297 28768 W FontLog : 	at bbim.run(:com.google.android.gms@253434035@25.34.34 (260400-800653487):70)
06-04 21:53:16.799 26297 28768 W FontLog : 	at java.util.concurrent.ThreadPoolExecutor.runWorker(ThreadPoolExecutor.java:1154)
06-04 21:53:16.799 26297 28768 W FontLog : 	at java.util.concurrent.ThreadPoolExecutor$Worker.run(ThreadPoolExecutor.java:652)
06-04 21:53:16.799 26297 28768 W FontLog : 	at bboe.run(:com.google.android.gms@253434035@25.34.34 (260400-800653487):8)
06-04 21:53:16.799 26297 28768 W FontLog : 	at java.lang.Thread.run(Thread.java:1563)
06-04 21:53:16.799 26297 28768 W FontLog : Caused by: java.lang.Exception: SQLiteConnectionPool.close()
06-04 21:53:16.799 26297 28768 W FontLog : 	at android.database.sqlite.SQLiteConnectionPool.dispose(SQLiteConnectionPool.java:270)
06-04 21:53:16.799 26297 28768 W FontLog : 	at android.database.sqlite.SQLiteConnectionPool.close(SQLiteConnectionPool.java:250)
06-04 21:53:16.799 26297 28768 W FontLog : 	at android.database.sqlite.SQLiteDatabase.dispose(SQLiteDatabase.java:559)
06-04 21:53:16.799 26297 28768 W FontLog : 	at android.database.sqlite.SQLiteDatabase.onAllReferencesReleased(SQLiteDatabase.java:536)
06-04 21:53:16.799 26297 28768 W FontLog : 	at android.database.sqlite.SQLiteClosable.releaseReference(SQLiteClosable.java:92)
06-04 21:53:16.799 26297 28768 W FontLog : 	at android.database.sqlite.SQLiteClosable.close(SQLiteClosable.java:124)
06-04 21:53:16.799 26297 28768 W FontLog : 	at brpe.c(:com.google.android.gms@253434035@25.34.34 (260400-800653487):3)
06-04 21:53:16.799 26297 28768 W FontLog : 	at brpf.run(:com.google.android.gms@253434035@25.34.34 (260400-800653487):62)
06-04 21:53:16.799 26297 28768 W FontLog : 	... 6 more
06-04 21:53:16.806 26297  6085 I FontLog : (REDACTED) Pulling font file for id = %d, cache size = %d
06-04 21:53:16.808 15424 15824 D BackgroundInstallControlService: Package event received: 0
06-04 21:53:16.821 15424 17704 V GrammaticalInflectionUtils: AttributionSource: android.content.AttributionSource@1e37cfa1 does not have READ_SYSTEM_GRAMMATICAL_GENDER permission.
06-04 21:53:16.835 17102 17219 W AiAiClearcutLogger: Trying to use Clearcut counters (disabled via policy). [CONTEXT ratelimit_period="1 HOURS" ]
06-04 21:53:16.840 28733 28733 D WindowOnBackDispatcher: setTopOnBackInvokedCallback (unwrapped): android.app.Dialog$$ExternalSyntheticLambda2@1878d75
06-04 21:53:16.841 15424 16597 D CoreBackPreview: Window{406c658 u0 com.android.chrome/org.chromium.chrome.browser.ChromeTabbedActivity}: Setting back callback OnBackInvokedCallbackInfo{mCallback=android.window.IOnBackInvokedCallback$Stub$Proxy@d4819a5, mPriority=-1, mIsAnimationCallback=false, mOverrideBehavior=0}
06-04 21:53:16.850  3474  3474 D BoundBrokerSvc: onBind: Intent { act=com.google.android.gms.potokens.service.IntegrityTokenRefreshTaskService.ACTION_TASK_READY dat=chimera-action:/... xflg=0x4 cmp=com.google.android.gms/.chimera.GmsInternalBoundBrokerService }
06-04 21:53:16.850  3474  3474 D BoundBrokerSvc: Loading bound service for intent: Intent { act=com.google.android.gms.potokens.service.IntegrityTokenRefreshTaskService.ACTION_TASK_READY dat=chimera-action:/... xflg=0x4 cmp=com.google.android.gms/.chimera.GmsInternalBoundBrokerService }
06-04 21:53:16.857 26297 27618 I NetworkScheduler.Stats: (REDACTED) Task %s/%s started execution. cause:%s exec_start_elapsed_seconds: %s
06-04 21:53:16.860 15245 15245 D Zygote  : Forked child process 28956
06-04 21:53:16.867 15424 15539 I ActivityManager: Start proc 28956:com.google.android.as.oss/u0a144 for service {com.google.android.as.oss/com.google.android.apps.miphone.astrea.grpc.AstreaGrpcService}
06-04 21:53:16.874 28956 28956 I Zygote  : Process 28956 created for com.google.android.as.oss
06-04 21:53:16.875 28956 28956 I .android.as.oss: Using CollectorTypeCMC GC.
06-04 21:53:16.883 28956 28956 D nativeloader: Load libframework-connectivity-tiramisu-jni.so using APEX ns com_android_tethering for caller /apex/com.android.tethering/javalib/framework-connectivity-t.jar: ok
06-04 21:53:16.897 28733 28748 I HWUI    : Davey! duration=1283ms; Flags=0, FrameTimelineVsyncId=244634859, IntendedVsync=1255651899543513, Vsync=1255653049543398, InputEventId=-949949513, HandleInputStart=1255653061542366, AnimationStart=1255653062544449, PerformTraversalsStart=1255653062584824, DrawStart=1255653097666699, FrameDeadline=1255652166204623, FrameStartTime=1255653060632574, FrameInterval=16666665, WorkloadTarget=16666666, SyncQueued=1255653109496658, SyncStart=1255653109512533, IssueDrawCommandsStart=1255653123151574, SwapBuffers=1255653167465699, FrameCompleted=1255653182940199, DequeueBufferDuration=2292, QueueBufferDuration=392625, GpuCompleted=1255653182940199, SwapBuffersCompleted=1255653175083033, DisplayPresentTime=0, CommandSubmissionCompleted=1255653167465699, 
06-04 21:53:16.905 26297  6085 I FontLog : (REDACTED) Received query %s, URI %s
06-04 21:53:16.905 26297  6085 I FontLog : (REDACTED) Query [%s] resolved to %s
06-04 21:53:16.914 28956 28956 D CompatChangeReporter: Compat change id reported: 242716250; UID 10144; state: ENABLED
06-04 21:53:16.917 26297  6085 I FontLog : (REDACTED) Font PFD returned from cache for %s
06-04 21:53:16.918 26297  6085 I FontLog : (REDACTED) Fetch %s end status %s
06-04 21:53:16.922 26297 28768 I NetworkScheduler.Stats: (REDACTED) Task %s/%s finished executing. cause:%s result: %s elapsed_millis: %s uptime_millis: %s exec_start_elapsed_seconds: %s
06-04 21:53:16.929 28956 28956 D ApplicationLoaders: Returning zygote-cached class loader: /system_ext/framework/androidx.window.extensions.jar
06-04 21:53:16.935  3474  3474 D BoundBrokerSvc: onUnbind: Intent { act=com.google.android.gms.potokens.service.IntegrityTokenRefreshTaskService.ACTION_TASK_READY dat=chimera-action:/... xflg=0x4 cmp=com.google.android.gms/.chimera.GmsInternalBoundBrokerService }
06-04 21:53:16.935 28956 28956 D ApplicationLoaders: Returning zygote-cached class loader: /system_ext/framework/androidx.window.sidecar.jar
06-04 21:53:16.962 28956 28956 D nativeloader: InitLlndkLibrariesProduct: libEGL.so:libGLESv1_CM.so:libGLESv2.so:libGLESv3.so:libRS.so:libandroid_net.so:libapexsupport.so:libavf.so:libbinder_ndk.so:libc.so:libcgrouprc.so:libclang_rt.asan-aarch64-android.so:libclang_rt.hwasan-aarch64-android.so:libcom.android.tethering.connectivity_native.so:libdl.so:libft2.so:liblog.so:libm.so:libmediandk.so:libnativewindow.so:libneuralnetworks.so:libselinux.so:libsync.so:libvendorsupport.so:libvndksupport.so:libvulkan.so
06-04 21:53:16.962 28956 28956 D nativeloader: Configuring product-clns-9 for unbundled product apk /product/priv-app/DeviceIntelligenceNetworkPrebuilt-astrea_20240329.00_RC02/DeviceIntelligenceNetworkPrebuilt-astrea_20240329.00_RC02.apk. target_sdk_version=34, uses_libraries=, library_path=/product/priv-app/DeviceIntelligenceNetworkPrebuilt-astrea_20240329.00_RC02/lib/arm64:/product/priv-app/DeviceIntelligenceNetworkPrebuilt-astrea_20240329.00_RC02/DeviceIntelligenceNetworkPrebuilt-astrea_20240329.00_RC02.apk!/lib/arm64-v8a:/product/lib64:/system/product/lib64, permitted_path=/data:/mnt/expand:/data/user/0/com.google.android.as.oss:/product/lib64:/system/product/lib64
06-04 21:53:16.962 28956 28956 D nativeloader: InitVndkspLibrariesProduct: VNDK is deprecated with product
06-04 21:53:16.963 26297  6085 I FontLog : (REDACTED) Pulling font file for id = %d, cache size = %d
06-04 21:53:16.964 17102 17362 I TrainerClient: Preparing to schedule training for population:aiai/playstore/smartselect/prod/train/all/all_nonsentences session_name:smartselect/prod/train/all/all_nonsentences
06-04 21:53:16.974 26297 28768 I NetworkScheduler.Stats: (REDACTED) Task %s/%s started execution. cause:%s exec_start_elapsed_seconds: %s
06-04 21:53:16.982 28733 28733 I ContentCaptureHelper: Setting logging level to OFF
06-04 21:53:16.985 28956 28956 V GraphicsEnvironment: Currently set values for:
06-04 21:53:16.986 28956 28956 V GraphicsEnvironment:   angle_gl_driver_selection_pkgs=[]
06-04 21:53:16.986 28956 28956 V GraphicsEnvironment:   angle_gl_driver_selection_values=[]
06-04 21:53:16.986 28956 28956 V GraphicsEnvironment: com.google.android.as.oss is not listed in per-application setting
06-04 21:53:16.986 28956 28956 V GraphicsEnvironment: ANGLE allowlist from config: com.dreamgames.royalmatch com.dts.freefiremax com.dxx.firenow com.gramgames.mergedragons com.ludo.king com.mojang.minecraftpe com.my.defense com.nintendo.zaka com.os.airforce com.playrix.fishdomdd.gplay io.teslatech.callbreak jp.konami.prospia net.peakgames.toonblast
06-04 21:53:16.987 15424 15824 D BackgroundInstallControlService: Package event received: 0
06-04 21:53:16.988 28956 28956 V GraphicsEnvironment: No special selections for ANGLE, returning default driver choice
06-04 21:53:16.988 28956 28956 V GraphicsEnvironment: Neither updatable production driver nor prerelease driver is supported.
06-04 21:53:16.989 15986 15986 D RecentsView: onTaskRemoved: 134, not handling task stack changes
06-04 21:53:16.990 15986 15986 D RecentsView: onTaskRemoved: 134, not handling task stack changes
06-04 21:53:16.990 15986 15986 D b/417220811: invalidateLoadedTasks - previous requestLoadId: -1
06-04 21:53:16.996 28733 28966 I HWUI    : Davey! duration=1367ms; Flags=1, FrameTimelineVsyncId=244634859, IntendedVsync=1255651899543513, Vsync=1255653049543398, InputEventId=0, HandleInputStart=1255653061542366, AnimationStart=1255653062544449, PerformTraversalsStart=1255653062584824, DrawStart=1255653195744908, FrameDeadline=1255651916210179, FrameStartTime=1255653060632574, FrameInterval=16666665, WorkloadTarget=16666666, SyncQueued=1255653196485366, SyncStart=1255653196600033, IssueDrawCommandsStart=1255653196690366, SwapBuffers=1255653262865575, FrameCompleted=1255653267272158, DequeueBufferDuration=1917, QueueBufferDuration=489542, GpuCompleted=1255653267251616, SwapBuffersCompleted=1255653267272158, DisplayPresentTime=0, CommandSubmissionCompleted=1255653262865575, 
06-04 21:53:17.000 17102 17362 I TrainerClient: Preparing to schedule training for population:aiai/playstore/smartselect/prod/train/en/selected-in-messaging-apps session_name:smartselect/prod/train/en/selected-in-messaging-apps
06-04 21:53:17.020  3474  3474 D BoundBrokerSvc: onBind: Intent { act=com.google.android.gms.chromesync.service.firstparty.START dat=chimera-action:/... xflg=0x4 cmp=com.google.android.gms/.chimera.GmsApiService }
06-04 21:53:17.020  3474  3474 D BoundBrokerSvc: Loading bound service for intent: Intent { act=com.google.android.gms.chromesync.service.firstparty.START dat=chimera-action:/... xflg=0x4 cmp=com.google.android.gms/.chimera.GmsApiService }
06-04 21:53:17.048 28733 28733 I PlayCore: UID: [10162]  PID: [28733] AppUpdateService : ServiceConnectionImpl.onServiceConnected(ComponentInfo{com.android.vending/com.google.android.finsky.installservice.DevTriggeredUpdateService})
06-04 21:53:17.051 28733 28733 I cr_EnterpriseInfoImpl: #setCacheResult() deviceOwned:false profileOwned:false
06-04 21:53:17.051 28733 28733 I cr_EnterpriseInfo: #getManagedStateForNative() No1@dfed6d1
06-04 21:53:17.052 28907 28931 W libc    : Access denied finding property "vendor.mesa.log"
06-04 21:53:17.052 28907 28931 W libc    : Access denied finding property "vendor.mesa.log.file"
06-04 21:53:17.052 28907 28931 E MESA    : Failed to open rendernode: No such file or directory
06-04 21:53:17.052 28907 28931 E MESA    : Failed to open rendernode: No such file or directory
06-04 21:53:17.057 28956 28956 E ashmem  : Pinning is deprecated since Android Q. Please use trim or other methods.
06-04 21:53:17.064 28956 28956 I PrivateComputeServicesApplication: PrivateComputeServicesApplication#onCreate
06-04 21:53:17.064 28956 28956 I PcsFcInit: Calling BrellaInit for PCS.
06-04 21:53:17.065 28956 28956 I NetworkUsageLogTtlService: NetworkUsageLogTtlService already scheduled.
06-04 21:53:17.069  3474  3487 I fpdk    : (REDACTED) Shared storage file not found for %s
06-04 21:53:17.069 28956 28956 I FederatedTrainingScheduler: Cancelling training for population:pcs/dev/platform_logging session_name:pcs/dev/platform_logging
06-04 21:53:17.070  3474  3487 I fpdk    : (REDACTED) Unable to retrieve flag snapshot for %s, using defaults.
06-04 21:53:17.071 28956 28956 I FederatedTrainingScheduler: Cancelling training for population:pcs/prod/platform_logging session_name:pcs/prod/platform_logging
06-04 21:53:17.081 15424 15824 D BackgroundInstallControlService: Package event received: 0
06-04 21:53:17.081 28733 28905 I PlayCore: UID: [10162]  PID: [28733] AppUpdateService : linkToDeath
06-04 21:53:17.107 28956 28956 I AstreaGrpcService: AstreaGrpcService#onCreate called with the following services: [com.google.android.apps.miphone.astrea.pd.api.ProtectedDownloadService, com.google.android.apps.miphone.astrea.http.api.HttpService, com.google.android.apps.miphone.astrea.fl.api.TrainingService, com.google.android.apps.miphone.astrea.pir.api.PirService]
06-04 21:53:17.114 28907 28931 D vulkan  : searching for layers in '/data/app/~~fry24zrDs3THWfnTXJcXcA==/com.android.chrome-JdxmfNcwBAZS_6XM4RNugA==/lib/arm64'
06-04 21:53:17.120 28907 28931 D vulkan  : searching for layers in '/data/app/~~fry24zrDs3THWfnTXJcXcA==/com.android.chrome-JdxmfNcwBAZS_6XM4RNugA==/Chrome.apk!/lib/arm64-v8a'
06-04 21:53:17.120 28907 28931 D vulkan  : searching for layers in '/data/app/~~bAWld88vGZIp2gx_c16ZOQ==/com.google.android.trichromelibrary_699813532-MuApWYbTReCiok4Ut41Ccg==/TrichromeLibrary.apk!/lib/arm64-v8a'
06-04 21:53:17.121 28907 28931 E MESA    : Failed to open rendernode: No such file or directory
06-04 21:53:17.121 28907 28931 E MESA    : Failed to open rendernode: No such file or directory
06-04 21:53:17.121 28907 28931 E MESA    : Failed to open rendernode: No such file or directory
06-04 21:53:17.122 28907 28931 E MESA    : Failed to open rendernode: No such file or directory
06-04 21:53:17.130 28907 28931 E MESA    : Failed to open rendernode: No such file or directory
06-04 21:53:17.132 28907 28931 E MESA    : Failed to open rendernode: No such file or directory
06-04 21:53:17.132 28907 28931 W libc    : Access denied finding property "vendor.mesa.vk.trace.per.submit"
06-04 21:53:17.132 28907 28931 W libc    : Access denied finding property "vendor.mesa.gallium.print.optio"
06-04 21:53:17.132 28907 28931 W libc    : Access denied finding property "vendor.mesa.vk.trace.frame"
06-04 21:53:17.167 15424 17704 W ActivityManager: Service lookup failed: association not allowed between packages com.google.android.as.oss and com.google.android.gms
06-04 21:53:17.185 28733 28743 W .android.chrome: Suspending all threads took: 27.540ms
06-04 21:53:17.203 28733 28733 D CompatChangeReporter: Compat change id reported: 270674727; UID 10162; state: ENABLED
06-04 21:53:17.204 17102 17339 W ContentCaptureEvent: Text is not a SpannableString.
06-04 21:53:17.204 17102 17102 W AiAiVC  : Unexpected capture event type: 11
06-04 21:53:17.205 28907 28931 E MESA    : Failed to open rendernode: No such file or directory
06-04 21:53:17.214 28907 28931 W libc    : Access denied finding property "vendor.mesa.vk.wsi.headless.swa"
06-04 21:53:17.217 28907 28931 E MESA    : Failed to open rendernode: No such file or directory
06-04 21:53:17.221 28956 28982 W System.err: Seeding context with ref: 150093759
06-04 21:53:17.222 28956 28982 W System.err: val in interceptor: null
06-04 21:53:17.222 28956 28981 W System.err: Seeding context with ref: 127279582
06-04 21:53:17.222 28956 28981 W System.err: val in interceptor: null
06-04 21:53:17.224 28907 28931 E MESA    : Failed to open rendernode: No such file or directory
06-04 21:53:17.224 28907 28931 I GFXSTREAM: [eglDisplay.cpp(297)] Opening libGLESv1_CM_emulation.so
06-04 21:53:17.224 17102 17665 W AiAiFed : [AiAi SmartSelect FL] Cancelling training failed [mode=FEDERATION, population=aiai/playstore/smartselect/prod/train/all/all_nonsentences, session=smartselect/prod/train/all/all_nonsentences]
06-04 21:53:17.224 17102 17665 W AiAiFed : java.lang.IllegalArgumentException: Unsupported response code3
06-04 21:53:17.224 17102 17665 W AiAiFed : 	at qlu.run(PG:48)
06-04 21:53:17.224 17102 17665 W AiAiFed : 	at java.util.concurrent.Executors$RunnableAdapter.call(Executors.java:520)
06-04 21:53:17.224 17102 17665 W AiAiFed : 	at java.util.concurrent.FutureTask.run(FutureTask.java:317)
06-04 21:53:17.224 17102 17665 W AiAiFed : 	at java.util.concurrent.ScheduledThreadPoolExecutor$ScheduledFutureTask.run(ScheduledThreadPoolExecutor.java:348)
06-04 21:53:17.224 17102 17665 W AiAiFed : 	at java.util.concurrent.ThreadPoolExecutor.runWorker(ThreadPoolExecutor.java:1154)
06-04 21:53:17.224 17102 17665 W AiAiFed : 	at java.util.concurrent.ThreadPoolExecutor$Worker.run(ThreadPoolExecutor.java:652)
06-04 21:53:17.224 17102 17665 W AiAiFed : 	at java.lang.Thread.run(Thread.java:1563)
06-04 21:53:17.224 28907 28931 I GFXSTREAM: [eglDisplay.cpp(297)] Opening libGLESv2_emulation.so
06-04 21:53:17.240 17102 17665 W AiAiFed : [AiAi SmartSelect FL] Cancelling training failed [mode=FEDERATION, population=aiai/playstore/smartselect/prod/train/en/address-otp, session=smartselect/prod/train/en/address-otp]
06-04 21:53:17.240 17102 17665 W AiAiFed : java.lang.IllegalArgumentException: Unsupported response code3
06-04 21:53:17.240 17102 17665 W AiAiFed : 	at qlu.run(PG:48)
06-04 21:53:17.240 17102 17665 W AiAiFed : 	at java.util.concurrent.Executors$RunnableAdapter.call(Executors.java:520)
06-04 21:53:17.240 17102 17665 W AiAiFed : 	at java.util.concurrent.FutureTask.run(FutureTask.java:317)
06-04 21:53:17.240 17102 17665 W AiAiFed : 	at java.util.concurrent.ScheduledThreadPoolExecutor$ScheduledFutureTask.run(ScheduledThreadPoolExecutor.java:348)
06-04 21:53:17.240 17102 17665 W AiAiFed : 	at java.util.concurrent.ThreadPoolExecutor.runWorker(ThreadPoolExecutor.java:1154)
06-04 21:53:17.240 17102 17665 W AiAiFed : 	at java.util.concurrent.ThreadPoolExecutor$Worker.run(ThreadPoolExecutor.java:652)
06-04 21:53:17.240 17102 17665 W AiAiFed : 	at java.lang.Thread.run(Thread.java:1563)
06-04 21:53:17.241 17102 17665 W AiAiFed : [AiAi SmartSelect FL] Cancelling training failed [mode=FEDERATION, population=aiai/playstore/smartselect/prod/train/all/all_nonsentences, session=smartselect/prod/train/all/all_nonsentences]
06-04 21:53:17.241 17102 17665 W AiAiFed : aase: UNKNOWN
06-04 21:53:17.241 17102 17665 W AiAiFed : 	at abji.ak(PG:17)
06-04 21:53:17.241 17102 17665 W AiAiFed : 	at aawy.g(PG:1)
06-04 21:53:17.241 17102 17665 W AiAiFed : 	at aawv.a(PG:28)
06-04 21:53:17.241 17102 17665 W AiAiFed : 	at aaxn.run(PG:7)
06-04 21:53:17.241 17102 17665 W AiAiFed : 	at abeh.run(PG:12)
06-04 21:53:17.241 17102 17665 W AiAiFed : 	at java.util.concurrent.ThreadPoolExecutor.runWorker(ThreadPoolExecutor.java:1154)
06-04 21:53:17.241 17102 17665 W AiAiFed : 	at java.util.concurrent.ThreadPoolExecutor$Worker.run(ThreadPoolExecutor.java:652)
06-04 21:53:17.241 17102 17665 W AiAiFed : 	at java.lang.Thread.run(Thread.java:1563)
06-04 21:53:17.253 17102 17665 W AiAiFed : [AiAi SmartSelect FL] Cancelling training failed [mode=FEDERATION, population=aiai/playstore/smartselect/prod/train/en/address-otp, session=smartselect/prod/train/en/address-otp]
06-04 21:53:17.253 17102 17665 W AiAiFed : aase: UNKNOWN
06-04 21:53:17.253 17102 17665 W AiAiFed : 	at abji.ak(PG:17)
06-04 21:53:17.253 17102 17665 W AiAiFed : 	at aawy.g(PG:1)
06-04 21:53:17.253 17102 17665 W AiAiFed : 	at aawv.a(PG:28)
06-04 21:53:17.253 17102 17665 W AiAiFed : 	at aaxn.run(PG:7)
06-04 21:53:17.253 17102 17665 W AiAiFed : 	at abeh.run(PG:12)
06-04 21:53:17.253 17102 17665 W AiAiFed : 	at java.util.concurrent.ThreadPoolExecutor.runWorker(ThreadPoolExecutor.java:1154)
06-04 21:53:17.253 17102 17665 W AiAiFed : 	at java.util.concurrent.ThreadPoolExecutor$Worker.run(ThreadPoolExecutor.java:652)
06-04 21:53:17.253 17102 17665 W AiAiFed : 	at java.lang.Thread.run(Thread.java:1563)
06-04 21:53:17.262 28733 28733 D WindowOnBackDispatcher: setTopOnBackInvokedCallback (unwrapped): android.widget.PopupWindow$PopupDecorView$$ExternalSyntheticLambda1@604b88
06-04 21:53:17.264 15424 17402 D CoreBackPreview: Window{1b47ed0 u0 PopupWindow:699210c}: Setting back callback OnBackInvokedCallbackInfo{mCallback=android.window.IOnBackInvokedCallback$Stub$Proxy@755aee7, mPriority=0, mIsAnimationCallback=false, mOverrideBehavior=0}
06-04 21:53:17.297 28733 28733 W TextView: onProvideContentCaptureStructure(): calling assumeLayout()
06-04 21:53:17.307 17102 17362 I TrainerClient: Preparing to schedule training for population:aiai/playstore/smartselect/prod/train/en/address session_name:smartselect/prod/train/en/address
06-04 21:53:17.308 28733 28733 W TextView: onProvideContentCaptureStructure(): calling assumeLayout()
06-04 21:53:17.313 28956 28982 W System.err: Seeding context with ref: 22969834
06-04 21:53:17.313 28956 28982 W System.err: val in interceptor: null
06-04 21:53:17.314 15424 16422 W libbinder.Binder: Binder transaction to android.hardware.input.IInputManager code 1598246212 took 1416ms. Data bytes: 216 Reply bytes: 4 Flags: 16
06-04 21:53:17.323 17102 17665 W AiAiFed : [AiAi SmartSelect FL] Cancelling training failed [mode=FEDERATION, population=aiai/playstore/smartselect/prod/train/en/selected-in-messaging-apps, session=smartselect/prod/train/en/selected-in-messaging-apps]
06-04 21:53:17.323 17102 17665 W AiAiFed : java.lang.IllegalArgumentException: Unsupported response code3
06-04 21:53:17.323 17102 17665 W AiAiFed : 	at qlu.run(PG:48)
06-04 21:53:17.323 17102 17665 W AiAiFed : 	at java.util.concurrent.Executors$RunnableAdapter.call(Executors.java:520)
06-04 21:53:17.323 17102 17665 W AiAiFed : 	at java.util.concurrent.FutureTask.run(FutureTask.java:317)
06-04 21:53:17.323 17102 17665 W AiAiFed : 	at java.util.concurrent.ScheduledThreadPoolExecutor$ScheduledFutureTask.run(ScheduledThreadPoolExecutor.java:348)
06-04 21:53:17.323 17102 17665 W AiAiFed : 	at java.util.concurrent.ThreadPoolExecutor.runWorker(ThreadPoolExecutor.java:1154)
06-04 21:53:17.323 17102 17665 W AiAiFed : 	at java.util.concurrent.ThreadPoolExecutor$Worker.run(ThreadPoolExecutor.java:652)
06-04 21:53:17.323 17102 17665 W AiAiFed : 	at java.lang.Thread.run(Thread.java:1563)
06-04 21:53:17.323 17102 17665 W AiAiFed : [AiAi SmartSelect FL] Cancelling training failed [mode=FEDERATION, population=aiai/playstore/smartselect/prod/train/en/selected-in-messaging-apps, session=smartselect/prod/train/en/selected-in-messaging-apps]
06-04 21:53:17.323 17102 17665 W AiAiFed : aase: UNKNOWN
06-04 21:53:17.323 17102 17665 W AiAiFed : 	at abji.ak(PG:17)
06-04 21:53:17.323 17102 17665 W AiAiFed : 	at aawy.g(PG:1)
06-04 21:53:17.323 17102 17665 W AiAiFed : 	at aawv.a(PG:28)
06-04 21:53:17.323 17102 17665 W AiAiFed : 	at aaxn.run(PG:7)
06-04 21:53:17.323 17102 17665 W AiAiFed : 	at abeh.run(PG:12)
06-04 21:53:17.323 17102 17665 W AiAiFed : 	at java.util.concurrent.ThreadPoolExecutor.runWorker(ThreadPoolExecutor.java:1154)
06-04 21:53:17.323 17102 17665 W AiAiFed : 	at java.util.concurrent.ThreadPoolExecutor$Worker.run(ThreadPoolExecutor.java:652)
06-04 21:53:17.323 17102 17665 W AiAiFed : 	at java.lang.Thread.run(Thread.java:1563)
06-04 21:53:17.351 17102 17362 I TrainerClient: Preparing to schedule training for population:aiai/playstore/smartselect/prod/train/en/address-phone-other-nonsentences session_name:smartselect/prod/train/en/address-phone-other-nonsentences
06-04 21:53:17.352 28956 28982 W System.err: Seeding context with ref: 211097819
06-04 21:53:17.353 28956 28982 W System.err: val in interceptor: null
06-04 21:53:17.357 17102 17665 W AiAiFed : [AiAi SmartSelect FL] Cancelling training failed [mode=FEDERATION, population=aiai/playstore/smartselect/prod/train/en/address, session=smartselect/prod/train/en/address]
06-04 21:53:17.357 17102 17665 W AiAiFed : java.lang.IllegalArgumentException: Unsupported response code3
06-04 21:53:17.357 17102 17665 W AiAiFed : 	at qlu.run(PG:48)
06-04 21:53:17.357 17102 17665 W AiAiFed : 	at java.util.concurrent.Executors$RunnableAdapter.call(Executors.java:520)
06-04 21:53:17.357 17102 17665 W AiAiFed : 	at java.util.concurrent.FutureTask.run(FutureTask.java:317)
06-04 21:53:17.357 17102 17665 W AiAiFed : 	at java.util.concurrent.ScheduledThreadPoolExecutor$ScheduledFutureTask.run(ScheduledThreadPoolExecutor.java:348)
06-04 21:53:17.357 17102 17665 W AiAiFed : 	at java.util.concurrent.ThreadPoolExecutor.runWorker(ThreadPoolExecutor.java:1154)
06-04 21:53:17.357 17102 17665 W AiAiFed : 	at java.util.concurrent.ThreadPoolExecutor$Worker.run(ThreadPoolExecutor.java:652)
06-04 21:53:17.357 17102 17665 W AiAiFed : 	at java.lang.Thread.run(Thread.java:1563)
06-04 21:53:17.357 17102 17665 W AiAiFed : [AiAi SmartSelect FL] Cancelling training failed [mode=FEDERATION, population=aiai/playstore/smartselect/prod/train/en/address, session=smartselect/prod/train/en/address]
06-04 21:53:17.357 17102 17665 W AiAiFed : aase: UNKNOWN
06-04 21:53:17.357 17102 17665 W AiAiFed : 	at abji.ak(PG:17)
06-04 21:53:17.357 17102 17665 W AiAiFed : 	at aawy.g(PG:1)
06-04 21:53:17.357 17102 17665 W AiAiFed : 	at aawv.a(PG:28)
06-04 21:53:17.357 17102 17665 W AiAiFed : 	at aaxn.run(PG:7)
06-04 21:53:17.357 17102 17665 W AiAiFed : 	at abeh.run(PG:12)
06-04 21:53:17.357 17102 17665 W AiAiFed : 	at java.util.concurrent.ThreadPoolExecutor.runWorker(ThreadPoolExecutor.java:1154)
06-04 21:53:17.357 17102 17665 W AiAiFed : 	at java.util.concurrent.ThreadPoolExecutor$Worker.run(ThreadPoolExecutor.java:652)
06-04 21:53:17.357 17102 17665 W AiAiFed : 	at java.lang.Thread.run(Thread.java:1563)
06-04 21:53:17.367 26297 28768 I NetworkScheduler.Stats: (REDACTED) Task %s/%s finished executing. cause:%s result: %s elapsed_millis: %s uptime_millis: %s exec_start_elapsed_seconds: %s
06-04 21:53:17.371 28907 28931 E MESA    : Failed to open rendernode: No such file or directory
06-04 21:53:17.371 28907 28931 E MESA    : Failed to open rendernode: No such file or directory
06-04 21:53:17.371 28907 28931 E MESA    : Failed to open rendernode: No such file or directory
06-04 21:53:17.374 28733 28733 I ImeTracker: com.android.chrome:c581ae48: onRequestHide at ORIGIN_CLIENT reason HIDE_WINDOW_LOST_FOCUS fromUser false
06-04 21:53:17.374 28733 28733 D InsetsController: hide(ime())
06-04 21:53:17.374 28733 28733 I ImeTracker: com.android.chrome:c581ae48: onCancelled at PHASE_CLIENT_ALREADY_HIDDEN
06-04 21:53:17.380 28907 28931 E MESA    : Failed to open rendernode: No such file or directory
06-04 21:53:17.381 28907 28931 E MESA    : Failed to open rendernode: No such file or directory
06-04 21:53:17.381 28956 28982 W System.err: Seeding context with ref: 225476472
06-04 21:53:17.381 28907 28931 E MESA    : Failed to open rendernode: No such file or directory
06-04 21:53:17.381 28907 28931 W libc    : Access denied finding property "vendor.mesa.vk.trace.per.submit"
06-04 21:53:17.381 28956 28982 W System.err: val in interceptor: null
06-04 21:53:17.382 19211 19211 I GoogleInputMethodService: GoogleInputMethodService.onFinishInput():2057 
06-04 21:53:17.382 19211 19211 I Module  : DeviceLockedStatusModuleProvider$Module.updateDeviceLockedStatus():100 repeatCheckTimes = 0, locked = false
06-04 21:53:17.382 17102 17665 W AiAiFed : [AiAi SmartSelect FL] Cancelling training failed [mode=FEDERATION, population=aiai/playstore/smartselect/prod/train/en/address-phone-other-nonsentences, session=smartselect/prod/train/en/address-phone-other-nonsentences]
06-04 21:53:17.382 17102 17665 W AiAiFed : java.lang.IllegalArgumentException: Unsupported response code3
06-04 21:53:17.382 17102 17665 W AiAiFed : 	at qlu.run(PG:48)
06-04 21:53:17.382 17102 17665 W AiAiFed : 	at java.util.concurrent.Executors$RunnableAdapter.call(Executors.java:520)
06-04 21:53:17.382 17102 17665 W AiAiFed : 	at java.util.concurrent.FutureTask.run(FutureTask.java:317)
06-04 21:53:17.382 17102 17665 W AiAiFed : 	at java.util.concurrent.ScheduledThreadPoolExecutor$ScheduledFutureTask.run(ScheduledThreadPoolExecutor.java:348)
06-04 21:53:17.382 17102 17665 W AiAiFed : 	at java.util.concurrent.ThreadPoolExecutor.runWorker(ThreadPoolExecutor.java:1154)
06-04 21:53:17.382 17102 17665 W AiAiFed : 	at java.util.concurrent.ThreadPoolExecutor$Worker.run(ThreadPoolExecutor.java:652)
06-04 21:53:17.382 17102 17665 W AiAiFed : 	at java.lang.Thread.run(Thread.java:1563)
06-04 21:53:17.383 28907 28931 W libc    : Access denied finding property "vendor.mesa.vk.trace.frame"
06-04 21:53:17.383 15424 16597 I ImeTracker: system_server:c64e6c81: onRequestHide at ORIGIN_SERVER reason IME_REQUESTED_CHANGED_LISTENER fromUser false
06-04 21:53:17.383 19211 19211 I GoogleInputMethodService: GoogleInputMethodService.onStartInput():1318 onStartInput(EditorInfo{EditorInfo{packageName=com.android.chrome, inputType=0, inputTypeString=NULL, enableLearning=false, autoCorrection=false, autoComplete=false, imeOptions=0, privateImeOptions=null, actionName=UNSPECIFIED, actionLabel=null, initialSelStart=-1, initialSelEnd=-1, initialCapsMode=0, label=null, fieldId=0, fieldName=null, extras=null, hintText=null, hintLocales=[]}}, false)
06-04 21:53:17.383 17102 17665 W AiAiFed : [AiAi SmartSelect FL] Cancelling training failed [mode=FEDERATION, population=aiai/playstore/smartselect/prod/train/en/address-phone-other-nonsentences, session=smartselect/prod/train/en/address-phone-other-nonsentences]
06-04 21:53:17.383 17102 17665 W AiAiFed : aase: UNKNOWN
06-04 21:53:17.383 17102 17665 W AiAiFed : 	at abji.ak(PG:17)
06-04 21:53:17.383 17102 17665 W AiAiFed : 	at aawy.g(PG:1)
06-04 21:53:17.383 17102 17665 W AiAiFed : 	at aawv.a(PG:28)
06-04 21:53:17.383 17102 17665 W AiAiFed : 	at aaxn.run(PG:7)
06-04 21:53:17.383 17102 17665 W AiAiFed : 	at abeh.run(PG:12)
06-04 21:53:17.383 17102 17665 W AiAiFed : 	at java.util.concurrent.ThreadPoolExecutor.runWorker(ThreadPoolExecutor.java:1154)
06-04 21:53:17.383 17102 17665 W AiAiFed : 	at java.util.concurrent.ThreadPoolExecutor$Worker.run(ThreadPoolExecutor.java:652)
06-04 21:53:17.383 17102 17665 W AiAiFed : 	at java.lang.Thread.run(Thread.java:1563)
06-04 21:53:17.384 15424 15473 I ImeTracker: system_server:c64e6c81: onCancelled at PHASE_SERVER_SHOULD_HIDE
06-04 21:53:17.387 28907 28931 E MESA    : Failed to open rendernode: No such file or directory
06-04 21:53:17.395 19211 19211 I Module  : DeviceLockedStatusModuleProvider$Module.updateDeviceLockedStatus():100 repeatCheckTimes = 1, locked = false
06-04 21:53:17.395 15424 17402 W PackageConfigPersister: App-specific configuration not found for packageName: com.android.chrome and userId: 0
06-04 21:53:17.400 28733 28743 I .android.chrome: Background young concurrent mark compact GC freed 3988KB AllocSpace bytes, 20(720KB) LOS objects, 24% free, 6563KB/8722KB, paused 28.116ms,1.505ms total 767.829ms
06-04 21:53:17.416 28907 28931 W libc    : Access denied finding property "vendor.mesa.vk.wsi.headless.swa"
06-04 21:53:17.416 28283 28292 I Finsky  : [52] Setup::DSE: Android ID is non-zero.
06-04 21:53:17.434 28907 28931 E MESA    : Failed to open rendernode: No such file or directory
06-04 21:53:17.449 17102 17362 I TrainerClient: Preparing to schedule training for population:aiai/playstore/smartselect/prod/train/en/address-or-pasted-to-map-or-shopping-apps session_name:smartselect/prod/train/en/address-or-pasted-to-map-or-shopping-apps
06-04 21:53:17.457 28907 28931 E MESA    : Failed to open rendernode: No such file or directory
06-04 21:53:17.458 28907 28931 E MESA    : Failed to open rendernode: No such file or directory
06-04 21:53:17.463 28907 28931 E MESA    : Failed to open rendernode: No such file or directory
