06-04 21:49:07.409 27744 27785 E chromium: [0604/214907.393297:ERROR:variations_seed_loader.cc(39)] Seed missing signature.
06-04 21:49:07.446 27744 27785 I chromium: [INFO:variations_seed_loader.cc(67)] Failed to open file for reading.: No such file or directory (2)
06-04 21:49:07.470 15424 15824 D BackgroundInstallControlService: Package event received: 0
06-04 21:49:07.476 27744 27744 I cr_LibraryLoader: Successfully loaded native library
06-04 21:49:07.491 15424 16758 D ActivityManager: sync unfroze 22302 com.google.android.webview:webview_service for 6
06-04 21:49:07.492 27744 27775 W nballarena.game: Verification of java.lang.Object kotlinx.coroutines.JobSupport.awaitSuspend(kotlin.coroutines.Continuation) took 111.023ms (486.38 bytecodes/s) (0B arena alloc)
06-04 21:49:07.498 15424 15824 D BackgroundInstallControlService: Package event received: 0
06-04 21:49:07.501 27744 27744 I cr_CachingUmaRecorder: Flushed 6 samples from 6 histograms, 0 samples were dropped.
06-04 21:49:07.520 27744 27744 I cr_CombinedPProvider: #registerProvider() provider:WV.I8@2fce042 isPolicyCacheEnabled:false policyProvidersSize:0
06-04 21:49:07.533 27744 27773 V FA      : onActivityCreated
06-04 21:49:07.573 27744 27744 I cr_PolicyProvider: #setManagerAndSource() 0
06-04 21:49:07.574 27744 27780 W nballarena.game: Verification of com.google.android.gms.common.internal.ConnectionTelemetryConfiguration com.google.android.gms.common.internal.BaseGmsClient.getTelemetryConfiguration() took 198.183ms (45.41 bytecodes/s) (0B arena alloc)
06-04 21:49:07.581 22302 22302 D ActivityThread: Package [com.professionballarena.game] reported as REPLACED, but missing application info. Assuming REMOVED.
06-04 21:49:07.587 22302 22302 D ActivityThread: Package [com.professionballarena.game] reported as REPLACED, but missing application info. Assuming REMOVED.
06-04 21:49:07.637 15424 16599 V GrammaticalInflectionUtils: AttributionSource: android.content.AttributionSource@6dea2d66 does not have READ_SYSTEM_GRAMMATICAL_GENDER permission.
06-04 21:49:07.703 27744 27775 W nballarena.game: Verification of void kotlinx.coroutines.DebugKt.<clinit>() took 206.739ms (696.53 bytecodes/s) (0B arena alloc)
06-04 21:49:07.709 22324 22324 D Zygote  : Forked child process 27790
06-04 21:49:07.726 27790 27790 E libc    : SetHeapTaggingLevel: re-enabling tagging after it was disabled is not supported
06-04 21:49:07.732 27790 27790 I Zygote  : Process 27790 created for com.google.android.webview:sandboxed_process0:org.chromium.content.app.SandboxedProcessService0:0
06-04 21:49:07.749 27744 27744 I cr_CombinedPProvider: #linkNativeInternal() 1
06-04 21:49:07.751 27744 27786 W nballarena.game: Verification of java.util.List com.google.android.gms.measurement.internal.zzgl.zzm(int) took 109.893ms (9918.66 bytecodes/s) (0B arena alloc)
06-04 21:49:07.765 27790 27790 I ocessService0:0: Using CollectorTypeCMC GC.
06-04 21:49:07.797 27744 27744 I cr_AppResProvider: #getApplicationRestrictionsFromUserManager() Bundle[EMPTY_PARCEL]
06-04 21:49:07.798 27744 27744 I cr_PolicyProvider: #notifySettingsAvailable() 0
06-04 21:49:07.798 27744 27744 I cr_CombinedPProvider: #onSettingsAvailable() 0
06-04 21:49:07.798 27744 27744 I cr_CombinedPProvider: #flushPolicies()
06-04 21:49:07.808 15424 15473 W ActivityTaskManager: Launch timeout has expired, giving up wake lock!
06-04 21:49:07.814 15424 16599 W ActivityManager: Slow operation: 181ms so far, now at startProcess: done starting proc!
06-04 21:49:07.832 15424 16758 W ProcessStats: Tracking association SourceState{1ef3293 com.professionballarena.game/10228 BTop #16055} whose proc state 2 is better than process ProcessState{268cdb9 com.google.android.webview:webview_service/10180 pkg=com.google.android.webview} proc state 14 (6 skipped)
06-04 21:49:07.893 27790 27790 D nativeloader: Load libframework-connectivity-tiramisu-jni.so using APEX ns com_android_tethering for caller /apex/com.android.tethering/javalib/framework-connectivity-t.jar: ok
06-04 21:49:07.894 27744 27775 W nballarena.game: Verification of void androidx.datastore.core.DataStoreImpl.<init>(androidx.datastore.core.Storage, java.util.List, androidx.datastore.core.CorruptionHandler, kotlinx.coroutines.CoroutineScope) took 129.390ms (927.42 bytecodes/s) (0B arena alloc)
06-04 21:49:07.938 15424 15539 W ActivityManager: Slow operation: 297ms so far, now at startProcess: returned from zygote!
06-04 21:49:07.941 15424 15539 W ActivityManager: Slow operation: 300ms so far, now at startProcess: done updating battery stats
06-04 21:49:07.941 15424 15539 W ActivityManager: Slow operation: 301ms so far, now at startProcess: building log message
06-04 21:49:07.941 15424 15539 I ActivityManager: Start proc 27790:com.google.android.webview:sandboxed_process0:org.chromium.content.app.SandboxedProcessService0:0/u0i3 for  {com.professionballarena.game/org.chromium.content.app.SandboxedProcessService0:0}
06-04 21:49:07.941 15424 15539 W ActivityManager: Slow operation: 301ms so far, now at startProcess: starting to update pids map
06-04 21:49:07.942 15424 15539 W ActivityManager: Slow operation: 301ms so far, now at startProcess: done updating pids map
06-04 21:49:07.962 15424 15824 D BackgroundInstallControlService: Package event received: 0
06-04 21:49:07.962 15424 15824 D BackgroundInstallControlService: Package event received: 0
06-04 21:49:08.064 27790 27790 D ApplicationLoaders: Returning zygote-cached class loader: /system_ext/framework/androidx.window.extensions.jar
06-04 21:49:08.065  3474  3474 D BoundBrokerSvc: onBind: Intent { act=com.google.android.gms.safetynet.service.START xflg=0x4 pkg=com.google.android.gms }
06-04 21:49:08.066  3474  3474 D BoundBrokerSvc: Loading bound service for intent: Intent { act=com.google.android.gms.safetynet.service.START xflg=0x4 pkg=com.google.android.gms }
06-04 21:49:08.066 27790 27790 D CompatChangeReporter: Compat change id reported: 202956589; UID 99003; state: ENABLED
06-04 21:49:08.208 27790 27790 I LoadedApk: No resource references to update in package com.google.android.trichromelibrary
06-04 21:49:08.218 27790 27790 I cr_WebViewApkApp: version=134.0.6998.135 (699813532) minSdkVersion=29 isBundle=false processName=com.google.android.webview:sandboxed_process0:org.chromium.content.app.SandboxedProcessService0:0
06-04 21:49:08.255 15424 15824 D BackgroundInstallControlService: Package event received: 0
06-04 21:49:08.258 27790 27790 I cr_ChildProcessService: Creating new ChildProcessService pid=27790
06-04 21:49:08.393 15424 15824 D BackgroundInstallControlService: Package event received: 0
06-04 21:49:08.406 27744 27775 W nballarena.game: Verification of kotlinx.coroutines.JobSupport kotlinx.coroutines.JobNode.getJob() took 213.263ms (56.27 bytecodes/s) (0B arena alloc)
06-04 21:49:08.451 27744 27786 W nballarena.game: Verification of java.lang.Object com.google.android.gms.internal.measurement.zznp.zzaA(com.google.android.gms.internal.measurement.zznw, com.google.android.gms.internal.measurement.zzlk, java.lang.String) took 263.055ms (946.57 bytecodes/s) (0B arena alloc)
06-04 21:49:08.508 15424 16599 D ConnectivityService: requestNetwork for uid/pid:10228/27744 activeRequest: null callbackRequest: 396 [NetworkRequest [ REQUEST id=397, [ Capabilities: INTERNET&NOT_RESTRICTED&TRUSTED&NOT_VCN_MANAGED&NOT_BANDWIDTH_CONSTRAINED Uid: 10228 RequestorUid: 10228 RequestorPkg: com.professionballarena.game UnderlyingNetworks: Null] ]] callback flags: 0 order: 2147483647 isUidTracked: false declaredMethods: AVAIL|LOST|NC|LP
06-04 21:49:08.519 15424 15736 D WifiNetworkFactory: got request NetworkRequest [ REQUEST id=397, [ Capabilities: INTERNET&NOT_RESTRICTED&TRUSTED&NOT_VCN_MANAGED&NOT_BANDWIDTH_CONSTRAINED Uid: 10228 RequestorUid: 10228 RequestorPkg: com.professionballarena.game UnderlyingNetworks: Null] ]
06-04 21:49:08.520 15424 15736 D UntrustedWifiNetworkFactory: got request NetworkRequest [ REQUEST id=397, [ Capabilities: INTERNET&NOT_RESTRICTED&TRUSTED&NOT_VCN_MANAGED&NOT_BANDWIDTH_CONSTRAINED Uid: 10228 RequestorUid: 10228 RequestorPkg: com.professionballarena.game UnderlyingNetworks: Null] ]
06-04 21:49:08.520 15424 15736 D OemPaidWifiNetworkFactory: got request NetworkRequest [ REQUEST id=397, [ Capabilities: INTERNET&NOT_RESTRICTED&TRUSTED&NOT_VCN_MANAGED&NOT_BANDWIDTH_CONSTRAINED Uid: 10228 RequestorUid: 10228 RequestorPkg: com.professionballarena.game UnderlyingNetworks: Null] ]
06-04 21:49:08.520 15424 15736 D MultiInternetWifiNetworkFactory: got request NetworkRequest [ REQUEST id=397, [ Capabilities: INTERNET&NOT_RESTRICTED&TRUSTED&NOT_VCN_MANAGED&NOT_BANDWIDTH_CONSTRAINED Uid: 10228 RequestorUid: 10228 RequestorPkg: com.professionballarena.game UnderlyingNetworks: Null] ]
06-04 21:49:08.532 15424 15755 D ConnectivityService: NetReassign [397 : null → 101] [c 1] [a 4] [i 18]
06-04 21:49:08.536 15424 15755 D ConnectivityService: NetReassign [no changes] [c 0] [a 3] [i 0]
06-04 21:49:08.613  3474  3474 D BoundBrokerSvc: onBind: Intent { act=com.google.android.gms.safebrowsing.SafeBrowsingService.START dat=chimera-action:/... xflg=0x4 cmp=com.google.android.gms/.chimera.GmsBoundBrokerService }
06-04 21:49:08.616  3474  3474 D BoundBrokerSvc: Loading bound service for intent: Intent { act=com.google.android.gms.safebrowsing.SafeBrowsingService.START dat=chimera-action:/... xflg=0x4 cmp=com.google.android.gms/.chimera.GmsBoundBrokerService }
06-04 21:49:08.676 27744 27744 D Capacitor: Starting BridgeActivity
06-04 21:49:08.703 15424 15736 I HalDevMgr: bestIfaceCreationProposal is null, requestIface=STA, existingIface=[name=wlan0 type=STA]
06-04 21:49:08.708 27744 27744 D Capacitor: Registering plugin instance: CapacitorCookies
06-04 21:49:08.714 27744 27744 D Capacitor: Registering plugin instance: WebView
06-04 21:49:08.717 27744 27744 D Capacitor: Registering plugin instance: CapacitorHttp
06-04 21:49:08.724 27744 27744 D Capacitor: Registering plugin instance: SystemBars
06-04 21:49:08.726 27744 27744 D Capacitor: Registering plugin instance: GameAnalytics
06-04 21:49:08.780 27744 27744 D GameAnalytics: GameAnalyticsPlugin loaded, FirebaseAnalytics instance obtained, firebase_app_id=1:933439959875:android:76d88a27e9123f538d35f6, gcm_sender_id=933439959875, project_id=profession-ball-arena, facebook_app_events_configured=false, facebook_collection_enabled=false, facebook_sdk_initialized=false
06-04 21:49:08.781 27744 27744 D Capacitor: Registering plugin instance: GameSocial
06-04 21:49:08.784 27744 27744 D Capacitor: Registering plugin instance: GameReview
06-04 21:49:08.793 27744 27744 D Capacitor: Registering plugin instance: AdMob
06-04 21:49:08.885 27826 27826 W libbinder.BackendUnifiedServiceManager: Thread Pool max thread count is 0. Cannot cache binder as linkToDeath cannot be implemented. serviceName: package
06-04 21:49:08.919 27744 27744 W Capacitor: Unable to read file at path public/plugins
06-04 21:49:08.970 27744 27744 D Capacitor: Loading app at https://localhost
06-04 21:49:09.123 27744 27786 W nballarena.game: Verification of void com.google.common.util.concurrent.MoreExecutors.useDaemonThreadFactory(java.util.concurrent.ThreadPoolExecutor) took 486.642ms (53.43 bytecodes/s) (0B arena alloc)
06-04 21:49:09.134 15690 15691 I artd    : GetBestInfo: odex next to the dex file (/product/priv-app/PrebuiltGmsCore/oat/arm64/PrebuiltGmsCore.odex) is kOatUpToDate with filter 'verify' executable 'false'
06-04 21:49:09.136 15690 19816 W artd    : Could not get dex checksums for location /data/app/~~n4kQt_qV4sELtgvUB_MreQ==/com.arrowagain.game-eWnpHANVuymeyIjJp0n_fg==/base.apk, fd=-1
06-04 21:49:09.139 15690 19816 I artd    : GetBestInfo: /data/user_de/0/com.google.android.gms/app_chimera/m/0000000a/dl-MlkitOcrCommon.optional_253434100400.apk has no usable artifacts
06-04 21:49:09.146 15690 15691 I artd    : GetBestInfo: /data/user/0/com.google.android.gms/app_dg_cache/DD26CFCA40A2391A1E3626BBAF83BD500298C9F7/the.apk has no usable artifacts
06-04 21:49:09.147 15690 19816 I artd    : GetBestInfo: /data/user_de/0/com.google.android.gms/app_chimera/m/00000001/CronetDynamite.apk has no usable artifacts
06-04 21:49:09.149 15690 19816 I artd    : GetBestInfo: /data/user_de/0/com.google.android.gms/app_chimera/m/00000002/DynamiteLoader.apk has no usable artifacts
06-04 21:49:09.150 15690 15691 I artd    : GetBestInfo: /data/user_de/0/com.google.android.gms/app_chimera/m/00000005/GoogleCertificates.apk has no usable artifacts
06-04 21:49:09.230 15690 15691 I artd    : GetBestInfo: /data/user_de/0/com.google.android.gms/app_chimera/m/00000009/dl-TfliteDynamiteDynamite.integ_252130102100400.apk has no usable artifacts
06-04 21:49:09.253 27744 27786 W nballarena.game: Verification of void com.google.android.gms.internal.measurement.zzly.run() took 118.291ms (321.24 bytecodes/s) (0B arena alloc)
06-04 21:49:09.266 27790 27815 I cr_LibraryLoader: Successfully loaded native library
06-04 21:49:09.268 27790 27815 I cr_CachingUmaRecorder: Flushed 2 samples from 2 histograms, 0 samples were dropped.
06-04 21:49:09.296 27790 27815 W SystemServiceRegistry: No service published for: uimode
06-04 21:49:09.297 15690 15691 I artd    : GetBestInfo: /data/user_de/0/com.google.android.gms/app_chimera/m/00000008/dl-VisionOcr.optional_253434100000.apk has no usable artifacts
06-04 21:49:09.298 15690 19816 I artd    : GetBestInfo: /data/user_de/0/com.google.android.gms/app_chimera/m/00000007/MeasurementDynamite.apk has no usable artifacts
06-04 21:49:09.310 27744 27809 W cr_media: BLUETOOTH_CONNECT permission is missing.
06-04 21:49:09.320 27744 27744 D Capacitor: App started
06-04 21:49:09.328 27744 27809 W cr_media: getBluetoothAdapter() requires BLUETOOTH permission
06-04 21:49:09.333 27744 27809 W cr_media: registerBluetoothIntentsIfNeeded: Requires BLUETOOTH permission
06-04 21:49:09.349 27744 27775 W nballarena.game: Verification of kotlinx.coroutines.Deferred kotlinx.coroutines.BuildersKt__Builders_commonKt.async(kotlinx.coroutines.CoroutineScope, kotlin.coroutines.CoroutineContext, kotlinx.coroutines.CoroutineStart, kotlin.jvm.functions.Function2) took 617.513ms (51.82 bytecodes/s) (0B arena alloc)
06-04 21:49:09.383 27790 27815 W chromium: [WARNING:runtime_features.cc(550)] Fenced frames cannot be enabled in this configuration. Use --enable-features=FencedFrames instead.
06-04 21:49:09.385 27790 27815 W chromium: [WARNING:runtime_features.cc(575)] Topics cannot be enabled in this configuration. Use --enable-features=BrowsingTopics in addition.
06-04 21:49:09.385 27790 27815 W chromium: [WARNING:runtime_features.cc(596)] SharedStorage cannot be enabled in this configuration. Use --enable-features=SharedStorageAPI in addition.
06-04 21:49:09.406 27744 27744 D Capacitor: App resumed
06-04 21:49:09.457 27744 27829 W libc    : Access denied finding property "vendor.mesa.log"
06-04 21:49:09.457 27744 27829 W libc    : Access denied finding property "vendor.mesa.log.file"
06-04 21:49:09.457 27744 27829 E MESA    : Failed to open rendernode: No such file or directory
06-04 21:49:09.457 27744 27829 E MESA    : Failed to open rendernode: No such file or directory
06-04 21:49:09.633 27744 27829 D vulkan  : searching for layers in '/data/app/~~3lrmnrMNFVaB1fJybXhjmw==/com.professionballarena.game-ES7vROwdZL-viOaDWTEgzA==/lib/arm64'
06-04 21:49:09.649 27744 27829 D vulkan  : searching for layers in '/data/app/~~3lrmnrMNFVaB1fJybXhjmw==/com.professionballarena.game-ES7vROwdZL-viOaDWTEgzA==/base.apk!/lib/arm64-v8a'
06-04 21:49:09.649 27744 27829 E MESA    : Failed to open rendernode: No such file or directory
06-04 21:49:09.649 27744 27829 E MESA    : Failed to open rendernode: No such file or directory
06-04 21:49:09.663 27744 27829 E MESA    : Failed to open rendernode: No such file or directory
06-04 21:49:09.673 27744 27829 E MESA    : Failed to open rendernode: No such file or directory
06-04 21:49:09.699 27744 27744 W HWUI    : Unknown dataspace 0
06-04 21:49:09.713 27744 27829 E MESA    : Failed to open rendernode: No such file or directory
06-04 21:49:09.713 27744 27829 E MESA    : Failed to open rendernode: No such file or directory
06-04 21:49:09.725 27744 27829 W libc    : Access denied finding property "vendor.mesa.vk.trace.per.submit"
06-04 21:49:09.725 27744 27829 W libc    : Access denied finding property "vendor.mesa.gallium.print.optio"
06-04 21:49:09.725 27744 27829 W libc    : Access denied finding property "vendor.mesa.vk.trace.frame"
06-04 21:49:09.766 27744 27744 D InsetsController: Setting requestedVisibleTypes to 496 (was 503)
06-04 21:49:09.962 15424 15755 D InetDiagMessage: Destroyed 0 sockets, proto=IPPROTO_TCP, family=AF_INET, states=14
06-04 21:49:09.974 15424 15755 D InetDiagMessage: Destroyed 0 sockets, proto=IPPROTO_TCP, family=AF_INET6, states=14
06-04 21:49:09.979 15424 15755 D InetDiagMessage: Destroyed live tcp sockets for uids={10170} in 18ms
06-04 21:49:09.979 15424 15755 D InetDiagMessage: Destroyed 0 sockets, proto=IPPROTO_TCP, family=AF_INET, states=14
06-04 21:49:09.979 15424 15755 D InetDiagMessage: Destroyed 0 sockets, proto=IPPROTO_TCP, family=AF_INET6, states=14
06-04 21:49:09.979 15424 15755 D InetDiagMessage: Destroyed live tcp sockets for uids={20170} in 1ms
06-04 21:49:09.986 27744 27829 E MESA    : Failed to open rendernode: No such file or directory
06-04 21:49:10.019 27744 27786 W nballarena.game: Verification of void com.google.android.gms.internal.measurement.zzpg.<init>(com.google.android.gms.internal.measurement.zzlk, com.google.android.gms.internal.measurement.zzon, java.lang.String, byte[]) took 365.117ms (142.42 bytecodes/s) (0B arena alloc)
06-04 21:49:10.039 26297  6085 I FontLog : (REDACTED) Received query %s, URI %s
06-04 21:49:10.107 26297  6085 I FontLog : (REDACTED) Query [%s] resolved to %s
06-04 21:49:10.207 27744 27829 W libc    : Access denied finding property "vendor.mesa.vk.wsi.headless.swa"
06-04 21:49:10.210 27744 27805 D Capacitor: Handling local request: https://localhost/
06-04 21:49:10.226 27744 27829 E MESA    : Failed to open rendernode: No such file or directory
06-04 21:49:10.330 26297  6085 I FontLog : (REDACTED) Font PFD returned from cache for %s
06-04 21:49:10.371 26297  6085 I FontLog : (REDACTED) Fetch %s end status %s
06-04 21:49:10.376 27744 27832 I nballarena.game: hiddenapi: Accessing hidden method Ldalvik/system/VMStack;->getStackClass2()Ljava/lang/Class; (runtime_flags=0, domain=core-platform, api=unsupported) from Lcom/google/android/gms/internal/measurement/zzaaj; (domain=app, TargetSdkVersion=36) using reflection: allowed
06-04 21:49:10.416 27744 27846 I CameraManagerGlobal: Connecting to camera service
06-04 21:49:10.420 27744 27829 E MESA    : Failed to open rendernode: No such file or directory
06-04 21:49:10.426 27744 27744 D InsetsController: Setting requestedVisibleTypes to 503 (was 496)
06-04 21:49:10.430 22302 22306 W webview_service: Reducing the number of considered missed Gc histogram windows from 20253 to 100
06-04 21:49:10.439 27744 27744 I Choreographer: Skipped 72 frames!  The application may be doing too much work on its main thread.
06-04 21:49:10.445 26297  6085 I FontLog : (REDACTED) Pulling font file for id = %d, cache size = %d
06-04 21:49:10.465 27744 27744 D WindowOnBackDispatcher: setTopOnBackInvokedCallback (unwrapped): android.app.Activity$$ExternalSyntheticLambda0@279e3fa
06-04 21:49:10.475 15424 16829 D CoreBackPreview: Window{873304b u0 com.professionballarena.game/com.professionballarena.game.MainActivity}: Setting back callback OnBackInvokedCallbackInfo{mCallback=android.window.IOnBackInvokedCallback$Stub$Proxy@c75dc3, mPriority=-1, mIsAnimationCallback=false, mOverrideBehavior=0}
06-04 21:49:10.494 27744 27744 D VRI[MainActivity]: WindowInsets changed: 1080x2400 statusBars:[0,63,0,0] navigationBars:[0,0,0,63] mandatorySystemGestures:[0,63,0,84] 
06-04 21:49:10.511 27744 27832 W nballarena.game: Verification of com.google.android.gms.internal.measurement.zzzq com.google.android.gms.internal.measurement.zzzm.zzc() took 126.915ms (55.16 bytecodes/s) (0B arena alloc)
06-04 21:49:10.528 27744 27786 W nballarena.game: Verification of boolean com.google.android.gms.internal.measurement.zzpg.zzl(java.util.List) took 386.880ms (18.09 bytecodes/s) (0B arena alloc)
06-04 21:49:10.749 27744 27744 D nativeloader: Load libstats_jni.so using APEX ns com_android_os_statsd for caller /apex/com.android.os.statsd/javalib/framework-statsd.jar: ok
06-04 21:49:10.853 27744 27832 W nballarena.game: Verification of void com.google.android.gms.internal.measurement.zzabm.<init>(com.google.android.gms.internal.measurement.zzaaf) took 216.270ms (92.48 bytecodes/s) (0B arena alloc)
06-04 21:49:10.882 27744 27832 D Phlogger: Application doesn't implement PhenotypeApplication interface, falling back to globally set context. See go/phenotype-flag#process-stable-init for more info.
06-04 21:49:10.893 26297  6085 I FontLog : (REDACTED) Received query %s, URI %s
06-04 21:49:10.893 26297  6085 I FontLog : (REDACTED) Query [%s] resolved to %s
06-04 21:49:10.931 26297  6085 I FontLog : (REDACTED) Fetch %s end status %s
06-04 21:49:10.970 26297  6085 I FontLog : (REDACTED) Pulling font file for id = %d, cache size = %d
06-04 21:49:10.999 26297  6085 I FontLog : (REDACTED) Received query %s, URI %s
06-04 21:49:11.000 26297  6085 I FontLog : (REDACTED) Query [%s] resolved to %s
06-04 21:49:11.000 26297  6085 I FontLog : (REDACTED) Font PFD returned from cache for %s
06-04 21:49:11.001 26297  6085 I FontLog : (REDACTED) Fetch %s end status %s
06-04 21:49:11.002 27744 27780 W nballarena.game: Verification of void com.google.android.gms.common.Feature.<clinit>() took 369.612ms (21.64 bytecodes/s) (0B arena alloc)
06-04 21:49:11.077 26297 30028 I FontLog : (REDACTED) Pulling font file for id = %d, cache size = %d
06-04 21:49:11.127 26297 30028 I FontLog : (REDACTED) Received query %s, URI %s
06-04 21:49:11.127 26297 30028 I FontLog : (REDACTED) Query [%s] resolved to %s
06-04 21:49:11.129 26297 30028 I FontLog : (REDACTED) Font PFD returned from cache for %s
06-04 21:49:11.132 26297 30028 I FontLog : (REDACTED) Fetch %s end status %s
06-04 21:49:11.178 26297 30028 I FontLog : (REDACTED) Pulling font file for id = %d, cache size = %d
06-04 21:49:11.213 27744 27829 W chromium: [WARNING:viz_main_impl.cc(85)] VizNullHypothesis is disabled (not a warning)
06-04 21:49:11.248 27790 27815 E ashmem  : readlink(/proc/self/fd/96) failed: Operation not permitted
06-04 21:49:11.253 27790 27815 E ashmem  : readlink(/proc/self/fd/96) failed: Operation not permitted
06-04 21:49:11.293 27744 27786 W nballarena.game: Verification of com.google.android.gms.internal.measurement.zzqs com.google.android.gms.internal.measurement.zzqt.zza() took 169.708ms (3676.89 bytecodes/s) (0B arena alloc)
06-04 21:49:11.305 26297 30028 I FontLog : (REDACTED) Received query %s, URI %s
06-04 21:49:11.306 26297 30028 I FontLog : (REDACTED) Query [%s] resolved to %s
06-04 21:49:11.323 15424 16829 W libbinder.ServiceManagerCppClient: Permission failure: android.permission.ACCESS_SURFACE_FLINGER from uid=10228 pid=0
06-04 21:49:11.327 15424 16829 D libbinder.PermissionCache: checking android.permission.ACCESS_SURFACE_FLINGER for uid=10228 => denied (4473 us)
06-04 21:49:11.327 15424 16829 W libbinder.ServiceManagerCppClient: Permission failure: android.permission.ROTATE_SURFACE_FLINGER from uid=10228 pid=0
06-04 21:49:11.328 26297 30028 I FontLog : (REDACTED) Font PFD returned from cache for %s
06-04 21:49:11.328 15424 16829 D libbinder.PermissionCache: checking android.permission.ROTATE_SURFACE_FLINGER for uid=10228 => denied (809 us)
06-04 21:49:11.328 15424 16829 W libbinder.ServiceManagerCppClient: Permission failure: android.permission.INTERNAL_SYSTEM_WINDOW from uid=10228 pid=0
06-04 21:49:11.328 15424 16829 D libbinder.PermissionCache: checking android.permission.INTERNAL_SYSTEM_WINDOW for uid=10228 => denied (69 us)
06-04 21:49:11.329 26297 30028 I FontLog : (REDACTED) Fetch %s end status %s
06-04 21:49:11.359 26297 30028 I FontLog : (REDACTED) Pulling font file for id = %d, cache size = %d
06-04 21:49:11.393 15424 15470 I ActivityTaskManager: Displayed com.professionballarena.game/.MainActivity for user 0: +14s303ms
06-04 21:49:11.454 15424 16422 W libbinder.Binder: Binder transaction to android.app.IActivityManager code 1598246212 took 14382ms. Data bytes: 264 Reply bytes: 4 Flags: 16
06-04 21:49:11.514 26297 30028 I FontLog : (REDACTED) Received query %s, URI %s
06-04 21:49:11.529 26297 30028 I FontLog : (REDACTED) Query [%s] resolved to %s
06-04 21:49:11.537 26297 30028 I FontLog : (REDACTED) Fetch %s end status %s
06-04 21:49:11.555 26297 26387 I FontLog : (REDACTED) Pulling font file for id = %d, cache size = %d
06-04 21:49:11.632 17076 17252 D SatelliteController: iisInCarrierRoamingNbIotNtn: satellite is disabled
06-04 21:49:11.662 17076 17252 D SatelliteController: getCarrierRoamingNtnConnectType: Falling back to global carrier config connect type: 0
06-04 21:49:11.701 27744 27763 I HWUI    : Davey! duration=2073ms; Flags=1, FrameTimelineVsyncId=244569429, IntendedVsync=1255405516228115, Vsync=1255406716228067, InputEventId=0, HandleInputStart=1255406741517040, AnimationStart=1255406741535665, PerformTraversalsStart=1255406753238040, DrawStart=1255407111058165, FrameDeadline=1255405532894781, FrameStartTime=1255406730404040, FrameInterval=16666666, WorkloadTarget=16666666, SyncQueued=1255407391520207, SyncStart=1255407391850707, IssueDrawCommandsStart=1255407394811707, SwapBuffers=1255407521888332, FrameCompleted=1255407590238582, DequeueBufferDuration=8791, QueueBufferDuration=2131792, GpuCompleted=1255407590131541, SwapBuffersCompleted=1255407590238582, DisplayPresentTime=0, CommandSubmissionCompleted=1255407521888332, 
06-04 21:49:11.714 15424 15736 I HalDevMgr: bestIfaceCreationProposal is null, requestIface=STA, existingIface=[name=wlan0 type=STA]
06-04 21:49:11.714 27744 27744 I Choreographer: Skipped 57 frames!  The application may be doing too much work on its main thread.
06-04 21:49:11.726 27744 27853 I HWUI    : Using FreeType backend (prop=Auto)
06-04 21:49:11.881 26297 30028 I FontLog : (REDACTED) Pulling font file for id = %d, cache size = %d
06-04 21:49:11.897 27744 27761 I HWUI    : Davey! duration=1412ms; Flags=0, FrameTimelineVsyncId=244569467, IntendedVsync=1255406766214439, Vsync=1255407716214401, InputEventId=0, HandleInputStart=1255408052403749, AnimationStart=1255408052415708, PerformTraversalsStart=1255408052713499, DrawStart=1255408098317499, FrameDeadline=1255407616228031, FrameStartTime=1255407725955332, FrameInterval=16666666, WorkloadTarget=16666666, SyncQueued=1255408126176583, SyncStart=1255408127184499, IssueDrawCommandsStart=1255408140333916, SwapBuffers=1255408173286291, FrameCompleted=1255408179749874, DequeueBufferDuration=35042, QueueBufferDuration=1360625, GpuCompleted=1255408179519624, SwapBuffersCompleted=1255408179749874, DisplayPresentTime=0, CommandSubmissionCompleted=1255408173286291, 
06-04 21:49:11.937 27744 27801 E cr_AwSupervisedUserDel: Unable to determine if restricted content blocking is required. Exception: java.util.concurrent.TimeoutException
06-04 21:49:11.962 27744 27744 D InsetsController: Setting requestedVisibleTypes to 496 (was 503)
06-04 21:49:12.086 26297  6085 W libbinder.Binder: Binder transaction to com.google.android.gms.common.internal.IGmsServiceBroker code 46 took 1081ms. Data bytes: 1292 Reply bytes: 4 Flags: 18
06-04 21:49:12.294 27744 27799 D Capacitor: Handling local request: https://localhost/assets/index-DYAcdquq.js
06-04 21:49:12.432 27744 27857 D ProfileInstaller: Installing profile for com.professionballarena.game
06-04 21:49:12.453 27744 27801 D Capacitor: Handling local request: https://localhost/assets/index-DYjG0uEd.css
06-04 21:49:12.534 27790 27815 E ashmem  : readlink(/proc/self/fd/109) failed: Operation not permitted
06-04 21:49:12.624 27790 27815 E ashmem  : readlink(/proc/self/fd/112) failed: Operation not permitted
06-04 21:49:12.629 27790 27815 E ashmem  : readlink(/proc/self/fd/114) failed: Operation not permitted
06-04 21:49:12.677 27790 27839 E ashmem  : readlink(/proc/self/fd/113) failed: Operation not permitted
06-04 21:49:12.685 27744 27789 W libbinder.Binder: Binder transaction to com.google.android.gms.common.internal.IGmsCallbacks code 3 took 1414ms. Data bytes: 188 Reply bytes: 4 Flags: 18
06-04 21:49:12.692  3474  5735 W libbinder.Binder: Binder transaction to com.google.android.gms.common.internal.IGmsServiceBroker code 46 took 1478ms. Data bytes: 340 Reply bytes: 4 Flags: 18
06-04 21:49:12.697 27790 27839 E ashmem  : readlink(/proc/self/fd/115) failed: Operation not permitted
06-04 21:49:12.697 27790 27839 E ashmem  : readlink(/proc/self/fd/117) failed: Operation not permitted
06-04 21:49:12.851 27744 27775 W nballarena.game: Verification of kotlinx.coroutines.internal.Symbol kotlinx.coroutines.CancellableContinuationImpl.tryResumeImpl(java.lang.Object, java.lang.Object, kotlin.jvm.functions.Function3) took 1.050s (92.35 bytecodes/s) (0B arena alloc)
06-04 21:49:13.029 15885 15893 W System  : A resource failed to call release. 
06-04 21:49:13.029 15885 15893 W System  : A resource failed to call release. 
06-04 21:49:13.029 15885 15893 W System  : A resource failed to call release. 
06-04 21:49:13.063 23759 23759 D Capacitor: App stopped
06-04 21:49:13.075 23759 23759 D Capacitor: Saving instance state!
06-04 21:49:13.094 23759 23759 I Choreographer: Skipped 33 frames!  The application may be doing too much work on its main thread.
06-04 21:49:13.145 23930 24082 E ashmem  : readlink(/proc/self/fd/111) failed: Operation not permitted
06-04 21:49:13.149 15424 15824 D BackgroundInstallControlService: Package event received: 0
06-04 21:49:13.257 15424 15824 D BackgroundInstallControlService: Package event received: 0
06-04 21:49:13.281 27744 27780 W nballarena.game: Verification of boolean com.google.android.gms.internal.measurement.zzkr.zza(int, android.os.Parcel, android.os.Parcel, int) took 632.781ms (549.95 bytecodes/s) (0B arena alloc)
06-04 21:49:13.508 26297 26331 I PhenotypeResourceReader: unable to find any Phenotype resource metadata for com.professionballarena.game
06-04 21:49:13.751   538   658 I libbinder.BpBinder: onLastStrongRef automatically unlinking death recipients for descriptor: '(not cached)'
06-04 21:49:13.780 27744 27744 I Choreographer: Skipped 108 frames!  The application may be doing too much work on its main thread.
06-04 21:49:13.811 27744 27744 D VRI[MainActivity]: WindowInsets changed: statusBars:null navigationBars:null 
06-04 21:49:13.813 15424 15661 I ImeTracker: com.professionballarena.game:e947501c: onRequestHide at ORIGIN_SERVER reason HIDE_UNSPECIFIED_WINDOW fromUser false
06-04 21:49:13.938 27744 27765 I HWUI    : Davey! duration=1937ms; Flags=0, FrameTimelineVsyncId=244569778, IntendedVsync=1255408266214379, Vsync=1255410066214307, InputEventId=0, HandleInputStart=1255410082262334, AnimationStart=1255410082275209, PerformTraversalsStart=1255410092537459, DrawStart=1255410171115542, FrameDeadline=1255408282881045, FrameStartTime=1255410071404125, FrameInterval=16666666, WorkloadTarget=16666666, SyncQueued=1255410188683667, SyncStart=1255410188741750, IssueDrawCommandsStart=1255410189764084, SwapBuffers=1255410192607167, FrameCompleted=1255410204227875, DequeueBufferDuration=5666, QueueBufferDuration=960542, GpuCompleted=1255410204165292, SwapBuffersCompleted=1255410204227875, DisplayPresentTime=0, CommandSubmissionCompleted=1255410192607167, 
06-04 21:49:14.215 27744 27744 D InsetsController: hide(ime())
06-04 21:49:14.223 27744 27744 I ImeTracker: com.professionballarena.game:e947501c: onCancelled at PHASE_CLIENT_ALREADY_HIDDEN
06-04 21:49:14.265 15424 16296 W ActivityTaskManager: Request to remove task ignored for non-existent task 112
06-04 21:49:14.285 15424 16296 I ImeTracker: system_server:b5e351a3: onRequestHide at ORIGIN_SERVER reason IME_REQUESTED_CHANGED_LISTENER fromUser false
06-04 21:49:14.299 15986 15986 D b/417220811: invalidateLoadedTasks - previous requestLoadId: -1
06-04 21:49:14.311 27744 27852 W nballarena.game: Verification of java.lang.Object androidx.datastore.core.FileStorageConnection.writeScope(kotlin.jvm.functions.Function2, kotlin.coroutines.Continuation) took 103.700ms (3297.96 bytecodes/s) (0B arena alloc)
06-04 21:49:14.357 15424 15473 I ImeTracker: system_server:b5e351a3: onCancelled at PHASE_SERVER_SHOULD_HIDE
06-04 21:49:14.385 19211 19211 I GoogleInputMethodService: GoogleInputMethodService.onFinishInput():2057 
06-04 21:49:14.442 15424 16296 I ImeTracker: system_server:47597021: onRequestHide at ORIGIN_SERVER reason IME_REQUESTED_CHANGED_LISTENER fromUser false
06-04 21:49:14.444 15424 15473 I ImeTracker: system_server:47597021: onCancelled at PHASE_SERVER_SHOULD_HIDE
06-04 21:49:14.497 27744 27852 W nballarena.game: Verification of void androidx.datastore.core.SingleProcessCoordinator.<init>(java.lang.String) took 185.887ms (215.18 bytecodes/s) (0B arena alloc)
06-04 21:49:14.530 27744 27868 W InteractionJankMonitor: Initializing without READ_DEVICE_CONFIG permission. enabled=false, interval=1, missedFrameThreshold=3, frameTimeThreshold=64, package=com.professionballarena.game
06-04 21:49:14.603 19211 19211 I Module  : DeviceLockedStatusModuleProvider$Module.updateDeviceLockedStatus():100 repeatCheckTimes = 0, locked = false
06-04 21:49:14.653 19211 19211 W NotificationCenter: NotificationCenter$NotificationQueue.notifyPendingNotificationsOnExecutor():877 Heavy notify work detected on UI thread: [ltj->jtc, ltj->jtc, ltj->jtc, ltj->jup, ltj->jtc, ltj->jqp, ltj->fum, ltj->guu, ltj->jtc, ltj->lsn, ltj->jtc, ltj->jtc, ltj->jtc, ltj->lse, ltj->ngp, ltj->jtc, ltj->jtc, ltj->fwu, ltj->kya, ltj->jtc, ltj->jtc, ltj->jtc, ltj->nuz] takes 112ms
06-04 21:49:14.658 15424 15824 D BackgroundInstallControlService: Package event received: 0
06-04 21:49:14.685 19211 19211 I GoogleInputMethodService: GoogleInputMethodService.onStartInput():1318 onStartInput(EditorInfo{EditorInfo{packageName=com.professionballarena.game, inputType=0, inputTypeString=NULL, enableLearning=false, autoCorrection=false, autoComplete=false, imeOptions=12000000, privateImeOptions=null, actionName=UNSPECIFIED, actionLabel=null, initialSelStart=-1, initialSelEnd=-1, initialCapsMode=0, label=null, fieldId=0, fieldName=null, extras=null, hintText=null, hintLocales=[]}}, false)
06-04 21:49:14.762 15424 15736 I HalDevMgr: bestIfaceCreationProposal is null, requestIface=STA, existingIface=[name=wlan0 type=STA]
06-04 21:49:14.792 19211 19211 I Module  : DeviceLockedStatusModuleProvider$Module.updateDeviceLockedStatus():100 repeatCheckTimes = 1, locked = false
06-04 21:49:14.800 15424 15635 D ActivityManager: freezing 22525 android.process.acore
06-04 21:49:14.814 15424 15755 D InetDiagMessage: Destroyed 0 sockets, proto=IPPROTO_TCP, family=AF_INET, states=14
06-04 21:49:14.825 15424 15755 D InetDiagMessage: Destroyed 0 sockets, proto=IPPROTO_TCP, family=AF_INET6, states=14
06-04 21:49:14.841 15424 15755 D InetDiagMessage: Destroyed live tcp sockets for uids={10104} in 28ms
06-04 21:49:14.947 27744 27786 W nballarena.game: Verification of void com.google.android.gms.internal.measurement.zzni.<clinit>() took 1.074s (18.61 bytecodes/s) (0B arena alloc)
06-04 21:49:14.958 19211 19211 W NotificationCenter: NotificationCenter$NotificationQueue.notifyPendingNotificationsOnExecutor():877 Heavy notify work detected on UI thread: [ltj->jtc, ltj->jtc, ltj->jtc, ltj->jup, ltj->jtc, ltj->jqp, ltj->fum, ltj->guu, ltj->jtc, ltj->lsn, ltj->jtc, ltj->jtc, ltj->jtc, ltj->lse, ltj->ngp, ltj->jtc, ltj->jtc, ltj->fwu, ltj->kya, ltj->jtc, ltj->jtc, ltj->jtc, ltj->nuz] takes 189ms
06-04 21:49:15.003 15424 16829 W PackageConfigPersister: App-specific configuration not found for packageName: com.professionballarena.game and userId: 0
06-04 21:49:15.013 19211 19211 W NotificationCenter: NotificationCenter$NotificationQueue.notifyPendingNotificationsOnExecutor():877 Heavy notify work detected on UI thread: [ltj->kub] takes 54ms
06-04 21:49:15.167  3474  3474 D BoundBrokerSvc: onBind: Intent { act=com.google.android.gms.checkin.START xflg=0x4 pkg=com.google.android.gms }
06-04 21:49:15.168  3474  3474 D BoundBrokerSvc: Loading bound service for intent: Intent { act=com.google.android.gms.checkin.START xflg=0x4 pkg=com.google.android.gms }
06-04 21:49:15.234  3474  5735 I Checkin : [CheckinApiChimeraService] onGetService
06-04 21:49:15.261 27744 27852 W nballarena.game: Verification of int androidx.datastore.preferences.protobuf.MessageSchema.parseOneofField(java.lang.Object, byte[], int, int, int, int, int, int, int, long, int, androidx.datastore.preferences.protobuf.ArrayDecoders$Registers) took 112.691ms (5554.98 bytecodes/s) (0B arena alloc)
06-04 21:49:15.400 15424 15635 D ActivityManager: freezing 26446 com.google.android.apps.photos
06-04 21:49:15.409 15424 15755 D InetDiagMessage: Destroyed 0 sockets, proto=IPPROTO_TCP, family=AF_INET, states=14
06-04 21:49:15.409 27744 27752 W nballarena.game: Suspending all threads took: 83.321ms
06-04 21:49:15.419 15424 15755 D InetDiagMessage: Destroyed 0 sockets, proto=IPPROTO_TCP, family=AF_INET6, states=14
06-04 21:49:15.420 15424 15755 D InetDiagMessage: Destroyed live tcp sockets for uids={10170} in 12ms
06-04 21:49:15.491 27744 27744 W nballarena.game: Weak pointer dereference blocked for 60 milliseconds.
06-04 21:49:15.515 27744 27852 W nballarena.game: Verification of int androidx.datastore.preferences.protobuf.MessageSchema.parseRepeatedField(java.lang.Object, byte[], int, int, int, int, int, int, long, int, long, androidx.datastore.preferences.protobuf.ArrayDecoders$Registers) took 254.379ms (2225.03 bytecodes/s) (0B arena alloc)
06-04 21:49:15.626 27744 27786 W nballarena.game: Verification of com.google.android.gms.internal.measurement.zzacv com.google.android.gms.internal.measurement.zzacv.zzN(byte[], int, int, boolean) took 382.989ms (60.05 bytecodes/s) (0B arena alloc)
06-04 21:49:15.647 27744 27752 W nballarena.game: userfaultfd: MOVE ioctl seems unsupported: Connection timed out
06-04 21:49:15.887 27744 27752 I nballarena.game: Background concurrent mark compact GC freed 5380KB AllocSpace bytes, 36(1396KB) LOS objects, 49% free, 5591KB/10MB, paused 104.504ms,14.603ms total 6.261s
06-04 21:49:16.119 27790 27815 E ashmem  : readlink(/proc/self/fd/112) failed: Operation not permitted
06-04 21:49:16.120 27744 27832 I Phlogger: Unable to retrieve flag snapshot for com.google.android.gms.measurement#com.professionballarena.game, using defaults.
06-04 21:49:16.121 27790 27815 E ashmem  : readlink(/proc/self/fd/114) failed: Operation not permitted
06-04 21:49:16.122 27790 27815 E ashmem  : readlink(/proc/self/fd/116) failed: Operation not permitted
06-04 21:49:16.180 27744 27786 V FA      : sdkVersion bundled with app, dynamiteVersion: 161000, 185
06-04 21:49:16.187 27744 27786 V FA      : App measurement collection enabled
06-04 21:49:16.189 27744 27786 V FA      : App measurement enabled for app package, google app id: com.professionballarena.game, 1:933439959875:android:76d88a27e9123f538d35f6
06-04 21:49:16.196 27744 27786 I FA      : App measurement initialized, version: 161000
06-04 21:49:16.197 27744 27786 I FA      : To enable debug logging run: adb shell setprop log.tag.FA VERBOSE
06-04 21:49:16.197 27744 27786 I FA      : To enable faster debug mode event logging run:
06-04 21:49:16.197 27744 27786 I FA      :   adb shell setprop debug.firebase.analytics.app com.professionballarena.game
06-04 21:49:16.198 27744 27786 D FA      : Debug-level message logging enabled
06-04 21:49:16.199 27744 27786 V FA      : Default ad personalization consent from Manifest: denied
06-04 21:49:16.200 27744 27786 D FA      : TCF client enabled.
06-04 21:49:16.201 27744 27786 D FA      : Register tcfPrefChangeListener.
06-04 21:49:16.201 27744 27786 V FA      : Default prefs file: com.professionballarena.game_preferences
06-04 21:49:16.203 27744 27786 D FA      : Handle tcf update.
06-04 21:49:16.206 27744 27786 V FA      : Tcf preferences read
06-04 21:49:16.506 15424 15755 D InetDiagMessage: Destroyed 0 sockets, proto=IPPROTO_TCP, family=AF_INET, states=14
06-04 21:49:16.507 15424 15755 D InetDiagMessage: Destroyed 0 sockets, proto=IPPROTO_TCP, family=AF_INET6, states=14
06-04 21:49:16.507 15424 15755 D InetDiagMessage: Destroyed live tcp sockets for uids={10180} in 2ms
06-04 21:49:16.507 15424 15755 D InetDiagMessage: Destroyed 0 sockets, proto=IPPROTO_TCP, family=AF_INET, states=14
06-04 21:49:16.507 15424 15755 D InetDiagMessage: Destroyed 0 sockets, proto=IPPROTO_TCP, family=AF_INET6, states=14
06-04 21:49:16.507 15424 15755 D InetDiagMessage: Destroyed live tcp sockets for uids={20180} in 1ms
06-04 21:49:16.659 27744 27786 D FA      : Resetting session stitching token to not null
06-04 21:49:16.743 27744 27786 V FA      : Connecting to remote service
06-04 21:49:16.757 15424 15824 D BackgroundInstallControlService: Package event received: 0
06-04 21:49:16.767  3474  3474 D BoundBrokerSvc: onBind: Intent { act=com.google.android.gms.measurement.START xflg=0x4 pkg=com.google.android.gms }
06-04 21:49:16.768  3474  3474 D BoundBrokerSvc: Loading bound service for intent: Intent { act=com.google.android.gms.measurement.START xflg=0x4 pkg=com.google.android.gms }
06-04 21:49:16.775 27744 27786 V FA      : Detected application was in foreground
06-04 21:49:16.777 27744 27786 V FA      : Session started, time: 1255413068
06-04 21:49:16.972 27744 27786 V FA      : Connection attempt already in progress
06-04 21:49:16.974 27744 27786 I FA      : Tag Manager is not found and thus will not be used
06-04 21:49:17.105 15424 15548 E BluetoothPowerStatsCollector: Cannot acquire BluetoothActivityEnergyInfo
06-04 21:49:17.105 15424 15548 E BluetoothPowerStatsCollector: java.util.concurrent.ExecutionException: java.lang.RuntimeException: error: 9
06-04 21:49:17.105 15424 15548 E BluetoothPowerStatsCollector: 	at java.util.concurrent.CompletableFuture.reportGet(CompletableFuture.java:372)
06-04 21:49:17.105 15424 15548 E BluetoothPowerStatsCollector: 	at java.util.concurrent.CompletableFuture.get(CompletableFuture.java:2072)
06-04 21:49:17.105 15424 15548 E BluetoothPowerStatsCollector: 	at com.android.server.power.stats.BluetoothPowerStatsCollector.collectBluetoothActivityInfo(BluetoothPowerStatsCollector.java:191)
06-04 21:49:17.105 15424 15548 E BluetoothPowerStatsCollector: 	at com.android.server.power.stats.BluetoothPowerStatsCollector.collectStats(BluetoothPowerStatsCollector.java:155)
06-04 21:49:17.105 15424 15548 E BluetoothPowerStatsCollector: 	at com.android.server.power.stats.PowerStatsCollector.collectAndDeliverStats(PowerStatsCollector.java:196)
06-04 21:49:17.105 15424 15548 E BluetoothPowerStatsCollector: 	at com.android.server.power.stats.PowerStatsCollector.lambda$schedule$0(PowerStatsCollector.java:166)
06-04 21:49:17.105 15424 15548 E BluetoothPowerStatsCollector: 	at com.android.server.power.stats.PowerStatsCollector.$r8$lambda$G7G_yFY7rV7oxQbQHnZ5FHX8eBk(PowerStatsCollector.java:0)
06-04 21:49:17.105 15424 15548 E BluetoothPowerStatsCollector: 	at com.android.server.power.stats.PowerStatsCollector$$ExternalSyntheticLambda1.run(R8$$SyntheticClass:0)
06-04 21:49:17.105 15424 15548 E BluetoothPowerStatsCollector: 	at android.os.Handler.handleCallback(Handler.java:1070)
06-04 21:49:17.105 15424 15548 E BluetoothPowerStatsCollector: 	at android.os.Handler.dispatchMessage(Handler.java:125)
06-04 21:49:17.105 15424 15548 E BluetoothPowerStatsCollector: 	at android.os.Looper.dispatchMessage(Looper.java:333)
06-04 21:49:17.105 15424 15548 E BluetoothPowerStatsCollector: 	at android.os.Looper.loopOnce(Looper.java:263)
06-04 21:49:17.105 15424 15548 E BluetoothPowerStatsCollector: 	at android.os.Looper.loop(Looper.java:367)
06-04 21:49:17.105 15424 15548 E BluetoothPowerStatsCollector: 	at android.os.HandlerThread.run(HandlerThread.java:139)
06-04 21:49:17.105 15424 15548 E BluetoothPowerStatsCollector: Caused by: java.lang.RuntimeException: error: 9
06-04 21:49:17.105 15424 15548 E BluetoothPowerStatsCollector: 	at com.android.server.power.stats.BluetoothPowerStatsCollector$1.onBluetoothActivityEnergyInfoError(BluetoothPowerStatsCollector.java:180)
06-04 21:49:17.105 15424 15548 E BluetoothPowerStatsCollector: 	at android.bluetooth.BluetoothAdapter.lambda$requestControllerActivityEnergyInfo$27(BluetoothAdapter.java:2513)
06-04 21:49:17.105 15424 15548 E BluetoothPowerStatsCollector: 	at android.bluetooth.BluetoothAdapter$$ExternalSyntheticLambda27.run(D8$$SyntheticClass:0)
06-04 21:49:17.105 15424 15548 E BluetoothPowerStatsCollector: 	at com.android.server.SystemServerInitThreadPool$$ExternalSyntheticLambda0.execute(R8$$SyntheticClass:0)
06-04 21:49:17.105 15424 15548 E BluetoothPowerStatsCollector: 	at android.bluetooth.BluetoothAdapter.requestControllerActivityEnergyInfo(BluetoothAdapter.java:2511)
06-04 21:49:17.105 15424 15548 E BluetoothPowerStatsCollector: 	at com.android.server.power.stats.BatteryStatsImpl$BluetoothStatsRetrieverImpl.requestControllerActivityEnergyInfo(BatteryStatsImpl.java:471)
06-04 21:49:17.105 15424 15548 E BluetoothPowerStatsCollector: 	at com.android.server.power.stats.BluetoothPowerStatsCollector.collectBluetoothActivityInfo(BluetoothPowerStatsCollector.java:169)
06-04 21:49:17.105 15424 15548 E BluetoothPowerStatsCollector: 	... 11 more
06-04 21:49:17.239 27744 27786 V FA      : Connection attempt already in progress
06-04 21:49:17.244 27744 27786 V FA      : Connection attempt already in progress
06-04 21:49:17.502 27744 27878 I CapacitorCookies: Getting cookies at: 'https://firebaseinstallations.googleapis.com/v1/projects/profession-ball-arena/installations'
06-04 21:49:17.511 27744 27786 V FA      : Connection attempt already in progress
06-04 21:49:17.515 27744 27786 V FA      : Activity resumed, time: 1255405690
06-04 21:49:17.769 27744 27786 V FA      : Connection attempt already in progress
06-04 21:49:17.776 15424 16539 E TaskPersister: File error accessing recents directory (directory doesn't exist?).
06-04 21:49:17.847 27744 27786 V FA      : Connection attempt already in progress
06-04 21:49:17.848 27744 27786 D FA      : Connected to remote service
06-04 21:49:17.851 27744 27786 V FA      : Processing queued up service tasks: 7
06-04 21:49:17.942 15424 15736 I HalDevMgr: bestIfaceCreationProposal is null, requestIface=STA, existingIface=[name=wlan0 type=STA]
06-04 21:49:18.349 15424 15755 D InetDiagMessage: Destroyed 1 sockets, proto=IPPROTO_TCP, family=AF_INET, states=14
06-04 21:49:18.350 15424 15755 D InetDiagMessage: Destroyed 0 sockets, proto=IPPROTO_TCP, family=AF_INET6, states=14
06-04 21:49:18.350 15424 15755 D InetDiagMessage: Destroyed live tcp sockets for uids={10226} in 5ms
06-04 21:49:18.351 15424 15755 D InetDiagMessage: Destroyed 0 sockets, proto=IPPROTO_TCP, family=AF_INET, states=14
06-04 21:49:18.351 15424 15755 D InetDiagMessage: Destroyed 0 sockets, proto=IPPROTO_TCP, family=AF_INET6, states=14
06-04 21:49:18.351 15424 15755 D InetDiagMessage: Destroyed live tcp sockets for uids={20226} in 0ms
06-04 21:49:18.811 23759 23766 W arrowagain.game: Suspending all threads took: 6.580ms
06-04 21:49:19.180 27887 27887 W libbinder.BackendUnifiedServiceManager: Thread Pool max thread count is 0. Cannot cache binder as linkToDeath cannot be implemented. serviceName: package
06-04 21:49:19.431 27744 27786 V FA      : Logging telemetry for logEvent from database
06-04 21:49:19.483 15690 15691 I artd    : GetBestInfo: odex next to the dex file (/product/priv-app/PrebuiltGmsCore/oat/arm64/PrebuiltGmsCore.odex) is kOatUpToDate with filter 'verify' executable 'false'
06-04 21:49:19.485 27744 27786 V FA      : Logging telemetry for logEvent from database
06-04 21:49:19.572 27744 27744 I Capacitor/Console: File:  - Line 349 - Msg: [object Object]
06-04 21:49:19.572 15690 15691 W artd    : Could not get dex checksums for location /data/app/~~n4kQt_qV4sELtgvUB_MreQ==/com.arrowagain.game-eWnpHANVuymeyIjJp0n_fg==/base.apk, fd=-1
06-04 21:49:19.734 15690 15691 I artd    : GetBestInfo: /data/user_de/0/com.google.android.gms/app_chimera/m/0000000a/dl-MlkitOcrCommon.optional_253434100400.apk has no usable artifacts
06-04 21:49:19.886 27744 27744 W nballarena.game: Verification of void androidx.webkit.internal.JavaScriptReplyProxyImpl.postMessage(java.lang.String) took 101.569ms (187.06 bytecodes/s) (0B arena alloc)
06-04 21:49:19.930 27744 27744 V Capacitor/Plugin: To native (Capacitor plugin): callbackId: 31682323, pluginId: GameSocial, methodName: getLaunchDeepLink
06-04 21:49:19.931 27744 27744 V Capacitor: callback: 31682323, pluginId: GameSocial, methodName: getLaunchDeepLink, methodData: {}
06-04 21:49:19.979 15690 15691 I artd    : GetBestInfo: /data/user/0/com.google.android.gms/app_dg_cache/DD26CFCA40A2391A1E3626BBAF83BD500298C9F7/the.apk has no usable artifacts
06-04 21:49:19.987 15690 15691 I artd    : GetBestInfo: /data/user_de/0/com.google.android.gms/app_chimera/m/00000001/CronetDynamite.apk has no usable artifacts
06-04 21:49:19.990 15690 15691 I artd    : GetBestInfo: /data/user_de/0/com.google.android.gms/app_chimera/m/00000002/DynamiteLoader.apk has no usable artifacts
06-04 21:49:19.994 15690 19816 I artd    : GetBestInfo: /data/user_de/0/com.google.android.gms/app_chimera/m/00000005/GoogleCertificates.apk has no usable artifacts
06-04 21:49:19.998 15690 15691 I artd    : GetBestInfo: /data/user_de/0/com.google.android.gms/app_chimera/m/00000009/dl-TfliteDynamiteDynamite.integ_252130102100400.apk has no usable artifacts
06-04 21:49:20.004 15690 15691 I artd    : GetBestInfo: /data/user_de/0/com.google.android.gms/app_chimera/m/00000008/dl-VisionOcr.optional_253434100000.apk has no usable artifacts
06-04 21:49:20.007 15690 15691 I artd    : GetBestInfo: /data/user_de/0/com.google.android.gms/app_chimera/m/00000007/MeasurementDynamite.apk has no usable artifacts
