06-04 21:53:10.746 15245 15245 I Zygote  : Process 32374 exited due to signal 9 (Killed)
06-04 21:53:10.763 27744 27878 I CapacitorCookies: Getting cookies at: 'https://firebaseinstallations.googleapis.com/v1/projects/profession-ball-arena/installations'
06-04 21:53:10.825 15885 15928 V WindowManagerShell: Transition animation finished (aborted=false), notifying core (#21) android.os.BinderProxy@3a5e400@0
06-04 21:53:10.853 15424 15652 I InputDispatcher: No new touched window at (540.0, 1600.0) in display 0
06-04 21:53:10.857 15424 15424 W Looper  : Slow delivery took 305ms main app=system_server main=true group=FOREGROUND h=com.android.server.power.Notifier$NotifierHandler c=com.android.server.power.Notifier$$ExternalSyntheticLambda2@c6052d7 m=0
06-04 21:53:10.857 15424 15424 W Looper  : Drained
06-04 21:53:10.908 26297  6085 I FontLog : (REDACTED) Received query %s, URI %s
06-04 21:53:10.908 26297  6085 I FontLog : (REDACTED) Query [%s] resolved to %s
06-04 21:53:10.909 26297  6085 I FontLog : (REDACTED) Font PFD returned from cache for %s
06-04 21:53:10.909 26297  6085 I FontLog : (REDACTED) Fetch %s end status %s
06-04 21:53:10.994 28733 28801 D SharedPreferencesImpl: Time required to fsync /data/user/0/com.android.chrome/shared_prefs/com.android.chrome_preferences.xml: [<1: 0, <2: 0, <4: 0, <8: 0, <16: 0, <32: 0, <64: 0, <128: 0, <256: 0, <512: 1, <1024: 0, <2048: 0, <4096: 0, <8192: 0, <16384: 0, >=16384: 0]
06-04 21:53:11.003 15885 15928 V WindowManagerShell: Track 0 became idle
06-04 21:53:11.003 15885 15928 V WindowManagerShell: All active transition animations finished
06-04 21:53:11.034 15245 15245 I Zygote  : Process 27659 exited due to signal 9 (Killed)
06-04 21:53:11.147 28733 28733 I cr_SplitCompatClassLoader: Splits: null
06-04 21:53:11.241 15245 15245 I Zygote  : Process 23951 exited due to signal 9 (Killed)
06-04 21:53:11.241 15245 15245 I Zygote  : Process 32276 exited due to signal 9 (Killed)
06-04 21:53:11.247 15949 28795 D NetworkMonitor/101: PROBE_DNS www.google.com 2260ms OK 31.13.92.37,2001:4860:482b:7700::,2001:4860:4829:7700::,2001:4860:4828:7700::,2001:4860:482c:7700::,2001:4860:482d:7700::,2001:4860:4826:7700::,2001:4860:4827:7700::,2001:4860:482a:7700::
06-04 21:53:11.248 15424 15470 V WindowManager: Finish Transition (#21): created at 06-04 21:53:08.327 collect-started=0.028ms request-sent=78.89ms started=242.318ms ready=506.941ms sent=790.297ms commit=767.621ms finished=2531.781ms
06-04 21:53:11.249 15424 15470 W Looper  : Slow delivery took 389ms android.fg app=system_server main=false group=FOREGROUND h=android.os.Handler c=com.android.server.wm.Transition$$ExternalSyntheticLambda5@78af7c4 m=0
06-04 21:53:11.362 26297 26387 W libbinder.Binder: Binder transaction to android.content.IContentProvider code 1 took 1665ms. Data bytes: 388 Reply bytes: 436 Flags: 18
06-04 21:53:11.371 15949 28796 D NetworkMonitor/101: PROBE_DNS connectivitycheck.gstatic.com 2317ms OK 120.253.255.162
06-04 21:53:11.443 15424 16829 W ContentProviderHelper: Slow operation: 1210ms so far, now at getContentProviderImpl: before updateLruProcess
06-04 21:53:11.443 15424 16829 W ContentProviderHelper: Slow operation: 1210ms so far, now at getContentProviderImpl: after updateLruProcess
06-04 21:53:11.443 15424 16829 W ContentProviderHelper: Slow operation: 1210ms so far, now at getContentProviderImpl: before updateOomAdj
06-04 21:53:11.443 15424 16829 W ContentProviderHelper: Slow operation: 1210ms so far, now at getContentProviderImpl: after updateOomAdj
06-04 21:53:11.443 15424 16829 W ContentProviderHelper: Slow operation: 1210ms so far, now at getContentProviderImpl: done!
06-04 21:53:11.443 15424 16829 W libbinder.Binder: Binder transaction to android.app.IActivityManager code 35 took 1210ms. Data bytes: 228 Reply bytes: 3268 Flags: 18
06-04 21:53:11.448 27744 27744 I Choreographer: Skipped 55 frames!  The application may be doing too much work on its main thread.
06-04 21:53:11.482 28733 28733 W cr_ActivityDispatcher: CustomTabsIntent#shouldAlwaysUseBrowserUI() = false
06-04 21:53:11.503 28733 28771 I DynamiteModule: Considering local module com.google.android.gms.googlecertificates:0 and remote module com.google.android.gms.googlecertificates:7
06-04 21:53:11.503 28733 28771 I DynamiteModule: Selected remote version of com.google.android.gms.googlecertificates, version >= 7
06-04 21:53:11.616   193   201 W lowmemorykiller: Failed to open /proc/23951/task; errno=2: process pid(23951) might have died
06-04 21:53:11.616   193   201 E lowmemorykiller: process_mrelease 23951 failed: No such process
06-04 21:53:11.619   193   202 W lowmemorykiller: Failed to open /proc/32276/task; errno=2: process pid(32276) might have died
06-04 21:53:11.619   193   202 E lowmemorykiller: process_mrelease 32276 failed: No such process
06-04 21:53:11.636 27744 27744 D VRI[AdActivity]: visibilityChanged oldVisibility=true newVisibility=false
06-04 21:53:11.636 27744 27744 D VRI[MainActivity]: visibilityChanged oldVisibility=true newVisibility=false
06-04 21:53:11.648 27744 27764 I HWUI    : Davey! duration=1706ms; Flags=0, FrameTimelineVsyncId=244633570, IntendedVsync=1255646232871527, Vsync=1255647149538157, InputEventId=0, HandleInputStart=1255647739832405, AnimationStart=1255647739836530, PerformTraversalsStart=1255647777503155, DrawStart=1255647777569405, FrameDeadline=1255647599538139, FrameStartTime=1255647162414905, FrameInterval=16666666, WorkloadTarget=16666666, SyncQueued=1255647777985780, SyncStart=1255647778018405, IssueDrawCommandsStart=1255647778062572, SwapBuffers=1255647907788405, FrameCompleted=1255647939019822, DequeueBufferDuration=12458, QueueBufferDuration=29064958, GpuCompleted=1255647917743655, SwapBuffersCompleted=1255647939019822, DisplayPresentTime=0, CommandSubmissionCompleted=1255647907788405, 
06-04 21:53:11.651 28733 28822 D nativeloader: Load /data/app/~~fry24zrDs3THWfnTXJcXcA==/com.android.chrome-JdxmfNcwBAZS_6XM4RNugA==/Chrome.apk!/lib/arm64-v8a/libchromium_android_linker.so using class loader ns clns-10 (caller=/data/app/~~fry24zrDs3THWfnTXJcXcA==/com.android.chrome-JdxmfNcwBAZS_6XM4RNugA==/Chrome.apk): ok
06-04 21:53:11.653 28733 28822 I cr_LibraryLoader: Loading monochrome_64 from within /data/app/~~fry24zrDs3THWfnTXJcXcA==/com.android.chrome-JdxmfNcwBAZS_6XM4RNugA==/Chrome.apk
06-04 21:53:11.653 28733 28822 I cr_Linker: loadLibraryImplLocked: monochrome_64, relroMode=2
06-04 21:53:11.658 15424 16759 I ActivityManager: Process com.google.android.configupdater (pid 32374) has died: cch  +95 CEM 
06-04 21:53:11.671 15424 15540 I libprocessgroup: Removed cgroup /sys/fs/cgroup/apps/uid_10143/pid_32374
06-04 21:53:11.681  3474 28810 V FA-SVC  : Gms url request successful. app: com.professionballarena.game, GOOGLE_ANALYTICS
06-04 21:53:11.681 15949 28796 D NetworkMonitor/101: PROBE_HTTP http://connectivitycheck.gstatic.com/generate_204 time=247ms ret=204 request={Connection=[close], User-Agent=[Mozilla/5.0 (X11; Linux x86_64) AppleWebKit/537.36 (KHTML, like Gecko) Chrome/60.0.3112.32 Safari/537.36]} headers={null=[HTTP/1.1 204 No Content], Connection=[close], Content-Length=[0], Cross-Origin-Resource-Policy=[cross-origin], Date=[Thu, 04 Jun 2026 13:53:27 GMT], X-Android-Received-Millis=[1780581191679], X-Android-Response-Source=[NETWORK 204], X-Android-Selected-Protocol=[http/1.1], X-Android-Sent-Millis=[1780581191620]}
06-04 21:53:11.756 17076 17252 D SatelliteController: iisInCarrierRoamingNbIotNtn: satellite is disabled
06-04 21:53:11.793 17076 17252 D SatelliteController: getCarrierRoamingNtnConnectType: Falling back to global carrier config connect type: 0
06-04 21:53:11.799 28733 28773 I cr_PartnerCustUma: Partner Customization delegate: 0.
06-04 21:53:11.799 28733 28773 W cr_PartnerCustomize: Partner homepage must be HTTP(S) or NewTabPage. Got invalid URL ""
06-04 21:53:11.813 26297 30028 I FontLog : (REDACTED) Pulling font file for id = %d, cache size = %d
06-04 21:53:11.821 15424 15540 I libprocessgroup: Removed cgroup /sys/fs/cgroup/apps/uid_10197/pid_27659
06-04 21:53:11.844 15424 16539 E TaskPersister: File error accessing recents directory (directory doesn't exist?).
06-04 21:53:11.845 15424 15470 W Looper  : Drained
06-04 21:53:11.845 15424 16791 I ActivityManager: Process com.google.android.apps.wallpaper (pid 27659) has died: cch  +85 CEM 
06-04 21:53:11.851 15690 19596 I artd    : GetBestInfo: odex next to the dex file (/product/priv-app/PrebuiltGmsCore/oat/arm64/PrebuiltGmsCore.odex) is kOatUpToDate with filter 'verify' executable 'false'
06-04 21:53:11.913 15690 19596 W artd    : Could not get dex checksums for location /data/app/~~n4kQt_qV4sELtgvUB_MreQ==/com.arrowagain.game-eWnpHANVuymeyIjJp0n_fg==/base.apk, fd=-1
06-04 21:53:11.920 15690 19596 I artd    : GetBestInfo: /data/user_de/0/com.google.android.gms/app_chimera/m/0000000a/dl-MlkitOcrCommon.optional_253434100400.apk has no usable artifacts
06-04 21:53:11.941 15690 19596 I artd    : GetBestInfo: /data/user/0/com.google.android.gms/app_dg_cache/DD26CFCA40A2391A1E3626BBAF83BD500298C9F7/the.apk has no usable artifacts
06-04 21:53:11.948 15690 19596 I artd    : GetBestInfo: /data/user_de/0/com.google.android.gms/app_chimera/m/00000001/CronetDynamite.apk has no usable artifacts
06-04 21:53:11.949 15690 19596 I artd    : GetBestInfo: /data/user_de/0/com.google.android.gms/app_chimera/m/00000002/DynamiteLoader.apk has no usable artifacts
06-04 21:53:11.949 15690 19596 I artd    : GetBestInfo: /data/user_de/0/com.google.android.gms/app_chimera/m/00000005/GoogleCertificates.apk has no usable artifacts
06-04 21:53:11.953 15424 15948 I ActivityManager: Process com.android.externalstorage (pid 23951) has died: cch  +99 CEM 
06-04 21:53:11.957 15424 17402 I ActivityManager: Process com.android.vending:instant_app_installer (pid 32276) has died: cch  +95 CEM 
06-04 21:53:11.965 15690 19596 I artd    : GetBestInfo: /data/user_de/0/com.google.android.gms/app_chimera/m/00000009/dl-TfliteDynamiteDynamite.integ_252130102100400.apk has no usable artifacts
06-04 21:53:11.969 15424 16597 W ProcessStats: Tracking association SourceState{1c47b6c com.professionballarena.game/10228 BTop #16256} whose proc state 2 is better than process ProcessState{e019d1d com.google.android.gms/10155 pkg=com.google.android.gms} proc state 14 (10 skipped)
06-04 21:53:11.973 15690 19596 I artd    : GetBestInfo: /data/user_de/0/com.google.android.gms/app_chimera/m/00000008/dl-VisionOcr.optional_253434100000.apk has no usable artifacts
06-04 21:53:11.974 15690 19815 I artd    : GetBestInfo: /data/user_de/0/com.google.android.gms/app_chimera/m/00000007/MeasurementDynamite.apk has no usable artifacts
06-04 21:53:11.990 28733 28733 I cr_CompositorSurfaceMgr: Transitioning to surface with format: -1
06-04 21:53:12.004 15424 17706 W libbinder.Binder: Binder transaction to android.content.pm.IPackageManager code 1598311760 took 3097ms. Data bytes: 80 Reply bytes: 4 Flags: 16
06-04 21:53:12.007 15424 15755 D InetDiagMessage: Destroyed 0 sockets, proto=IPPROTO_TCP, family=AF_INET, states=14
06-04 21:53:12.011  3474  3474 D BoundBrokerSvc: onBind: Intent { act=com.google.android.gms.safebrowsing.SafeBrowsingService.START dat=chimera-action:/... xflg=0x4 cmp=com.google.android.gms/.chimera.GmsBoundBrokerService }
06-04 21:53:12.016  3474  3474 D BoundBrokerSvc: Loading bound service for intent: Intent { act=com.google.android.gms.safebrowsing.SafeBrowsingService.START dat=chimera-action:/... xflg=0x4 cmp=com.google.android.gms/.chimera.GmsBoundBrokerService }
06-04 21:53:12.018 15424 15755 D InetDiagMessage: Destroyed 0 sockets, proto=IPPROTO_TCP, family=AF_INET6, states=14
06-04 21:53:12.020 15424 15755 D InetDiagMessage: Destroyed live tcp sockets for uids={10202} in 14ms
06-04 21:53:12.020 15424 15824 D BackgroundInstallControlService: Package event received: 0
06-04 21:53:12.047 15424 15846 W ImageReader_JNI: Unable to acquire a buffer item, very likely client tried to acquire more than maxImages buffers
06-04 21:53:12.061 15424 15540 I libprocessgroup: Removed cgroup /sys/fs/cgroup/apps/uid_10112/pid_23951
06-04 21:53:12.062 15424 15540 I libprocessgroup: Removed cgroup /sys/fs/cgroup/apps/uid_10153/pid_32276
06-04 21:53:12.065  3474 28757 V FA-SVC  : Network upload successful with code, uploadAttempted: 204, true
06-04 21:53:12.582 15424 15471 W Looper  : Slow dispatch took 465ms android.ui app=system_server main=false group=TOP_APP h=com.android.server.am.ActivityManagerService$UiHandler c=com.android.server.am.UidObserverController$$ExternalSyntheticLambda0@ff19100 m=0
06-04 21:53:12.597  3474 28757 V FA-SVC  : Upload scheduled in approximately ms: 3599925
06-04 21:53:12.598  3474 28757 V FA-SVC  : Unscheduling upload
06-04 21:53:12.600 15424 15652 W InputDispatcher: Not sending touch gesture to c231acc ActivityRecordInputSink com.android.chrome/org.chromium.chrome.browser.ChromeTabbedActivity because it has config NO_INPUT_CHANNEL
06-04 21:53:12.618 28733 28822 D nativeloader: Load /data/app/~~bAWld88vGZIp2gx_c16ZOQ==/com.google.android.trichromelibrary_699813532-MuApWYbTReCiok4Ut41Ccg==/TrichromeLibrary.apk!/lib/arm64-v8a/libmonochrome_64.so using class loader ns clns-10 (caller=/data/app/~~fry24zrDs3THWfnTXJcXcA==/com.android.chrome-JdxmfNcwBAZS_6XM4RNugA==/Chrome.apk): ok
06-04 21:53:12.621  3474 28757 V FA-SVC  : Scheduling upload, millis: 3599925
06-04 21:53:12.628 26297 30028 I FontLog : (REDACTED) Received query %s, URI %s
06-04 21:53:12.622  3474 28757 V FA-SVC  : Successful upload. Got network response. code, size: 204, 0
06-04 21:53:12.636 26297 30028 I FontLog : (REDACTED) Query [%s] resolved to %s
06-04 21:53:12.665 26297 30028 I FontLog : (REDACTED) Font PFD returned from cache for %s
06-04 21:53:12.666 26297 30028 I FontLog : (REDACTED) Fetch %s end status %s
06-04 21:53:12.670 26297  6085 I FontLog : (REDACTED) Pulling font file for id = %d, cache size = %d
06-04 21:53:12.680 15424 15736 I HalDevMgr: bestIfaceCreationProposal is null, requestIface=STA, existingIface=[name=wlan0 type=STA]
06-04 21:53:12.690 27744 27878 I CapacitorCookies: Getting cookies at: 'https://firebaseinstallations.googleapis.com/v1/projects/profession-ball-arena/installations'
06-04 21:53:12.727 28733 28733 D CompatChangeReporter: Compat change id reported: 303326708; UID 10162; state: ENABLED
06-04 21:53:12.731  3474 28757 V FA-SVC  : Nothing to upload or uploading impossible
06-04 21:53:12.731  3474 28757 V FA-SVC  : Unscheduling upload
06-04 21:53:12.732  3474 28757 V FA-SVC  : Stopping uploading service(s)
06-04 21:53:12.733 28733 28822 I cr_LibraryLoader: Successfully loaded native library
06-04 21:53:12.734 28733 28822 I cr_CachingUmaRecorder: Flushed 19 samples from 18 histograms, 0 samples were dropped.
06-04 21:53:12.763 26297 30028 I FontLog : (REDACTED) Received query %s, URI %s
06-04 21:53:12.763 26297 30028 I FontLog : (REDACTED) Query [%s] resolved to %s
06-04 21:53:12.764 26297 30028 I FontLog : (REDACTED) Font PFD returned from cache for %s
06-04 21:53:12.765 26297 30028 I FontLog : (REDACTED) Fetch %s end status %s
06-04 21:53:12.765 26297 26305 I FontLog : (REDACTED) Pulling font file for id = %d, cache size = %d
06-04 21:53:12.816 28733 28743 W .android.chrome: userfaultfd: MOVE ioctl seems unsupported: Connection timed out
06-04 21:53:12.836 28733 28744 D nativeloader: Load libstats_jni.so using APEX ns com_android_os_statsd for caller /apex/com.android.os.statsd/javalib/framework-statsd.jar: ok
06-04 21:53:12.879 28733 28733 I cr_MultiInstance: Returning new selector for org.chromium.chrome.browser.ChromeTabbedActivity@ef779a4 with index: Pair{0 FD5@bca569}
06-04 21:53:12.928 28733 28771 D CompatChangeReporter: Compat change id reported: 312399441; UID 10162; state: ENABLED
06-04 21:53:12.985 28733 28733 W cr_ActivityDispatcher: CustomTabsIntent#shouldAlwaysUseBrowserUI() = false
06-04 21:53:12.985 28733 28733 W cr_PartnerCustomize: Another initializeAsync is already in progress.
06-04 21:53:12.986 28733 28733 I ContentCaptureHelper: Setting logging level to OFF
06-04 21:53:13.245 28733 28733 D CompatChangeReporter: Compat change id reported: 349153669; UID 10162; state: ENABLED
06-04 21:53:13.247 28733 28733 W HWUI    : Unknown dataspace 0
06-04 21:53:13.309 27744 28696 V FA      : Inactivity, disconnecting from the service
06-04 21:53:13.321 28733 28733 D WindowOnBackDispatcher: setTopOnBackInvokedCallback (unwrapped): android.app.Activity$$ExternalSyntheticLambda0@4fffe0b
06-04 21:53:13.322 15424 17706 D CoreBackPreview: Window{ec20079 u0 com.android.chrome/org.chromium.chrome.browser.ChromeTabbedActivity}: Setting back callback OnBackInvokedCallbackInfo{mCallback=android.window.IOnBackInvokedCallback$Stub$Proxy@99c596c, mPriority=-1, mIsAnimationCallback=false, mOverrideBehavior=0}
06-04 21:53:13.323 28733 28733 D VRI[ChromeTabbedActivity]: WindowInsets changed: 1080x2400 statusBars:[0,63,0,0] navigationBars:[0,0,0,63] mandatorySystemGestures:[0,63,0,84] 
06-04 21:53:13.591 15424 17706 V GrammaticalInflectionUtils: AttributionSource: android.content.AttributionSource@6aec0db1 does not have READ_SYSTEM_GRAMMATICAL_GENDER permission.
06-04 21:53:13.591 15424 17706 W ActivityManager: Slow operation: 251ms so far, now at startProcess: done creating new process record
06-04 21:53:13.591 15424 17706 W ActivityManager: Slow operation: 251ms so far, now at startProcess: stepping in to startProcess
06-04 21:53:13.592 15424 17706 W ActivityManager: Slow operation: 252ms so far, now at startProcess: done starting proc!
06-04 21:53:13.593 15245 15245 W Zygote  : forkRepeatedly terminated due to non-simple command
06-04 21:53:13.593 15245 15245 D Zygote  : mbuffer starts with 16, nice name is com.android.chrome_zygote, mEnd = 435, mNext = 216, mLinesLeft = 6, mFd = 68
06-04 21:53:13.595 15245 15245 W Zygote  : Resorting to Java fork code; multipleOK = true
06-04 21:53:13.608 15245 15245 D Zygote  : Forked child process 28845
06-04 21:53:13.615 15424 15539 W ZygoteProcess: Got error connecting to zygote, retrying. msg= Connection refused
06-04 21:53:13.617 28845 28845 I libc    : SetHeapTaggingLevel: tag level set to 0
06-04 21:53:13.619 28845 28845 I Zygote  : Process 28845 created for com.android.chrome_zygote
06-04 21:53:13.620 28845 28845 I d.chrome_zygote: Using CollectorTypeCMC GC.
06-04 21:53:13.671 15424 15539 I AppZygote: Starting application preload.
06-04 21:53:13.702 28845 28845 I AppZygoteInit: Beginning application preload for com.android.chrome
06-04 21:53:13.723   538   599 W libbinder.ServiceManagerCppClient: Permission failure: android.permission.ACCESS_SURFACE_FLINGER from uid=10162 pid=0
06-04 21:53:13.723   538   599 D libbinder.PermissionCache: checking android.permission.ACCESS_SURFACE_FLINGER for uid=10162 => denied (1361 us)
06-04 21:53:13.724   538   599 W libbinder.ServiceManagerCppClient: Permission failure: android.permission.ROTATE_SURFACE_FLINGER from uid=10162 pid=0
06-04 21:53:13.724   538   599 D libbinder.PermissionCache: checking android.permission.ROTATE_SURFACE_FLINGER for uid=10162 => denied (909 us)
06-04 21:53:13.724   538   599 W libbinder.ServiceManagerCppClient: Permission failure: android.permission.INTERNAL_SYSTEM_WINDOW from uid=10162 pid=0
06-04 21:53:13.724   538   599 D libbinder.PermissionCache: checking android.permission.INTERNAL_SYSTEM_WINDOW for uid=10162 => denied (93 us)
06-04 21:53:13.743 28733 28733 I cr_BrowserUiUtils: Recorded Startup.Android.FirstDrawCompletedTime = 2500 ms
06-04 21:53:13.780 28845 28845 W d.chrome_zygote: Failed to find entry 'classes.dex': Entry not found
06-04 21:53:13.782 28845 28845 D nativeloader: Configuring clns-9 for other apk /data/app/~~bAWld88vGZIp2gx_c16ZOQ==/com.google.android.trichromelibrary_699813532-MuApWYbTReCiok4Ut41Ccg==/TrichromeLibrary.apk. target_sdk_version=35, uses_libraries=ALL, library_path=/data/app/~~fry24zrDs3THWfnTXJcXcA==/com.android.chrome-JdxmfNcwBAZS_6XM4RNugA==/lib/arm64:/data/app/~~fry24zrDs3THWfnTXJcXcA==/com.android.chrome-JdxmfNcwBAZS_6XM4RNugA==/Chrome.apk!/lib/arm64-v8a:/data/app/~~bAWld88vGZIp2gx_c16ZOQ==/com.google.android.trichromelibrary_699813532-MuApWYbTReCiok4Ut41Ccg==/TrichromeLibrary.apk!/lib/arm64-v8a, permitted_path=/data:/mnt/expand
06-04 21:53:13.802 26297 26368 W PhBaseOp: Phenotype API error. Event: # hlmf@961fbd19, EventCode: GET_EXP [CONTEXT service_id=51 ]
06-04 21:53:13.802 26297 26368 W PhBaseOp: eikq: 29505: No config packages for log source, or config package not registered
06-04 21:53:13.802 26297 26368 W PhBaseOp: 	at eini.f(:com.google.android.gms@253434035@25.34.34 (260400-800653487):77)
06-04 21:53:13.802 26297 26368 W PhBaseOp: 	at eing.i(:com.google.android.gms@253434035@25.34.34 (260400-800653487):3)
06-04 21:53:13.802 26297 26368 W PhBaseOp: 	at eimj.h(:com.google.android.gms@253434035@25.34.34 (260400-800653487):35)
06-04 21:53:13.802 26297 26368 W PhBaseOp: 	at eimj.f(:com.google.android.gms@253434035@25.34.34 (260400-800653487):17)
06-04 21:53:13.802 26297 26368 W PhBaseOp: 	at cjpe.fA(:com.google.android.gms@253434035@25.34.34 (260400-800653487):1)
06-04 21:53:13.802 26297 26368 W PhBaseOp: 	at cjpi.run(:com.google.android.gms@253434035@25.34.34 (260400-800653487):128)
06-04 21:53:13.802 26297 26368 W PhBaseOp: 	at gdma.run(:com.google.android.gms@253434035@25.34.34 (260400-800653487):21)
06-04 21:53:13.802 26297 26368 W PhBaseOp: 	at bbim.c(:com.google.android.gms@253434035@25.34.34 (260400-800653487):50)
06-04 21:53:13.802 26297 26368 W PhBaseOp: 	at bbim.run(:com.google.android.gms@253434035@25.34.34 (260400-800653487):70)
06-04 21:53:13.802 26297 26368 W PhBaseOp: 	at java.util.concurrent.ThreadPoolExecutor.runWorker(ThreadPoolExecutor.java:1154)
06-04 21:53:13.802 26297 26368 W PhBaseOp: 	at java.util.concurrent.ThreadPoolExecutor$Worker.run(ThreadPoolExecutor.java:652)
06-04 21:53:13.802 26297 26368 W PhBaseOp: 	at bboe.run(:com.google.android.gms@253434035@25.34.34 (260400-800653487):8)
06-04 21:53:13.802 26297 26368 W PhBaseOp: 	at java.lang.Thread.run(Thread.java:1563)
06-04 21:53:13.819 28845 28845 D nativeloader: Configuring clns-10 for other apk /data/app/~~fry24zrDs3THWfnTXJcXcA==/com.android.chrome-JdxmfNcwBAZS_6XM4RNugA==/Chrome.apk. target_sdk_version=35, uses_libraries=, library_path=/data/app/~~fry24zrDs3THWfnTXJcXcA==/com.android.chrome-JdxmfNcwBAZS_6XM4RNugA==/lib/arm64:/data/app/~~fry24zrDs3THWfnTXJcXcA==/com.android.chrome-JdxmfNcwBAZS_6XM4RNugA==/Chrome.apk!/lib/arm64-v8a:/data/app/~~bAWld88vGZIp2gx_c16ZOQ==/com.google.android.trichromelibrary_699813532-MuApWYbTReCiok4Ut41Ccg==/TrichromeLibrary.apk!/lib/arm64-v8a, permitted_path=/data:/mnt/expand
06-04 21:53:13.821 28845 28845 I cr_ZygotePreload: version=134.0.6998.135 (699813532) minSdkVersion=29 isBundle=false
06-04 21:53:14.122 28845 28845 D nativeloader: Load /data/app/~~fry24zrDs3THWfnTXJcXcA==/com.android.chrome-JdxmfNcwBAZS_6XM4RNugA==/Chrome.apk!/lib/arm64-v8a/libchromium_android_linker.so using class loader ns clns-10 (caller=/data/app/~~fry24zrDs3THWfnTXJcXcA==/com.android.chrome-JdxmfNcwBAZS_6XM4RNugA==/Chrome.apk): ok
06-04 21:53:14.199 26297 26368 W AsyncOperation: operation=GetExperimentTokensOperationCall, opStatusCode=29505 [CONTEXT service_id=51 ]
06-04 21:53:14.199 26297 26368 W AsyncOperation: OperationException[Status{statusCode=No config packages for log source, or config package not registered, resolution=null}]
06-04 21:53:14.199 26297 26368 W AsyncOperation: 	at eimj.h(:com.google.android.gms@253434035@25.34.34 (260400-800653487):65)
06-04 21:53:14.199 26297 26368 W AsyncOperation: 	at eimj.f(:com.google.android.gms@253434035@25.34.34 (260400-800653487):17)
06-04 21:53:14.199 26297 26368 W AsyncOperation: 	at cjpe.fA(:com.google.android.gms@253434035@25.34.34 (260400-800653487):1)
06-04 21:53:14.199 26297 26368 W AsyncOperation: 	at cjpi.run(:com.google.android.gms@253434035@25.34.34 (260400-800653487):128)
06-04 21:53:14.199 26297 26368 W AsyncOperation: 	at gdma.run(:com.google.android.gms@253434035@25.34.34 (260400-800653487):21)
06-04 21:53:14.199 26297 26368 W AsyncOperation: 	at bbim.c(:com.google.android.gms@253434035@25.34.34 (260400-800653487):50)
06-04 21:53:14.199 26297 26368 W AsyncOperation: 	at bbim.run(:com.google.android.gms@253434035@25.34.34 (260400-800653487):70)
06-04 21:53:14.199 26297 26368 W AsyncOperation: 	at java.util.concurrent.ThreadPoolExecutor.runWorker(ThreadPoolExecutor.java:1154)
06-04 21:53:14.199 26297 26368 W AsyncOperation: 	at java.util.concurrent.ThreadPoolExecutor$Worker.run(ThreadPoolExecutor.java:652)
06-04 21:53:14.199 26297 26368 W AsyncOperation: 	at bboe.run(:com.google.android.gms@253434035@25.34.34 (260400-800653487):8)
06-04 21:53:14.199 26297 26368 W AsyncOperation: 	at java.lang.Thread.run(Thread.java:1563)
06-04 21:53:14.200 28845 28845 I cr_LibraryLoader: Loading monochrome_64 from within /data/app/~~fry24zrDs3THWfnTXJcXcA==/com.android.chrome-JdxmfNcwBAZS_6XM4RNugA==/Chrome.apk
06-04 21:53:14.200 28845 28845 I cr_Linker: loadLibraryImplLocked: monochrome_64, relroMode=1
06-04 21:53:14.231 28845 28845 D nativeloader: Load /data/app/~~bAWld88vGZIp2gx_c16ZOQ==/com.google.android.trichromelibrary_699813532-MuApWYbTReCiok4Ut41Ccg==/TrichromeLibrary.apk!/lib/arm64-v8a/libmonochrome_64.so using class loader ns clns-10 (caller=/data/app/~~fry24zrDs3THWfnTXJcXcA==/com.android.chrome-JdxmfNcwBAZS_6XM4RNugA==/Chrome.apk): ok
06-04 21:53:14.232 28845 28845 I AppZygoteInit: Application preload done
06-04 21:53:14.235 15424 15539 I AppZygote: Application preload done.
06-04 21:53:14.270 28845 28851 W d.chrome_zygote: userfaultfd: MOVE ioctl seems unsupported: Success
06-04 21:53:14.274 28845 28851 W d.chrome_zygote: Reducing the number of considered missed Gc histogram windows from 20711 to 100
06-04 21:53:14.288 15424 15652 W InputDispatcher: Not sending touch gesture to c231acc ActivityRecordInputSink com.android.chrome/org.chromium.chrome.browser.ChromeTabbedActivity because it has config NO_INPUT_CHANNEL
06-04 21:53:14.294 28845 28845 W d.chrome_zygote: Waiting for a thread to finish unregistering
06-04 21:53:14.297 28845 28845 I Zygote  : Entering forkRepeatedly native zygote loop
06-04 21:53:14.329 28845 28845 D Zygote  : Forked child process 28861
06-04 21:53:14.332 28861 28861 E libc    : SetHeapTaggingLevel: re-enabling tagging after it was disabled is not supported
06-04 21:53:14.336 28861 28861 I Zygote  : Process 28861 created for com.android.chrome:sandboxed_process0:org.chromium.content.app.SandboxedProcessService0:0
06-04 21:53:14.341 28861 28861 I ocessService0:0: Using CollectorTypeCMC GC.
06-04 21:53:14.450 28861 28861 D nativeloader: Load libframework-connectivity-tiramisu-jni.so using APEX ns com_android_tethering for caller /apex/com.android.tethering/javalib/framework-connectivity-t.jar: ok
06-04 21:53:14.466 15424 17706 W ActivityManager: Slow operation: 875ms so far, now at startProcess: done updating battery stats
06-04 21:53:14.469 15424 17706 W ActivityManager: Slow operation: 878ms so far, now at startProcess: building log message
06-04 21:53:14.469 15424 17706 I ActivityManager: Start proc 28861:com.android.chrome:sandboxed_process0:org.chromium.content.app.SandboxedProcessService0:0/u0ai0 for  {com.android.chrome/org.chromium.content.app.SandboxedProcessService0:0}
06-04 21:53:14.469 15424 17706 W ActivityManager: Slow operation: 878ms so far, now at startProcess: starting to update pids map
06-04 21:53:14.470 15424 17706 W ActivityManager: Slow operation: 879ms so far, now at startProcess: done updating pids map
06-04 21:53:14.542 28861 28861 D CompatChangeReporter: Compat change id reported: 202956589; UID 90000; state: ENABLED
06-04 21:53:14.564 15424 15539 W ActivityManager: Slow operation: 973ms so far, now at startProcess: returned from zygote!
06-04 21:53:14.589 28861 28861 I LoadedApk: No resource references to update in package com.google.android.trichromelibrary
06-04 21:53:14.631 28861 28861 I cr_SplitCompatApp: version=134.0.6998.135 (699813532) minSdkVersion=29 isBundle=false processName=com.android.chrome:sandboxed_process0:org.chromium.content.app.SandboxedProcessService0:0 isIsolatedProcess=true
06-04 21:53:14.646 15424 15824 D BackgroundInstallControlService: Package event received: 0
06-04 21:53:14.650 28861 28861 I cr_ChildProcessService: Creating new ChildProcessService pid=28861
06-04 21:53:14.745 28733 28855 E SurfaceSyncGroup: Failed to receive transaction ready in 1000ms. Marking SurfaceSyncGroup(wmsSync-VRI[ChromeTabbedActivity]#0) as ready
06-04 21:53:14.746 15424 17706 W libbinder.ServiceManagerCppClient: Permission failure: android.permission.ACCESS_SURFACE_FLINGER from uid=10162 pid=0
06-04 21:53:14.746 28733 28855 E SurfaceSyncGroup: Failed to receive transaction ready in 1000ms. Marking SurfaceSyncGroup(VRI[ChromeTabbedActivity]#1) as ready
06-04 21:53:14.746 15424 17706 D libbinder.PermissionCache: checking android.permission.ACCESS_SURFACE_FLINGER for uid=10162 => denied (630 us)
06-04 21:53:14.746 15424 17706 W libbinder.ServiceManagerCppClient: Permission failure: android.permission.ROTATE_SURFACE_FLINGER from uid=10162 pid=0
06-04 21:53:14.747 15424 17706 D libbinder.PermissionCache: checking android.permission.ROTATE_SURFACE_FLINGER for uid=10162 => denied (248 us)
06-04 21:53:14.747 15424 17706 W libbinder.ServiceManagerCppClient: Permission failure: android.permission.INTERNAL_SYSTEM_WINDOW from uid=10162 pid=0
06-04 21:53:14.747 15424 17706 D libbinder.PermissionCache: checking android.permission.INTERNAL_SYSTEM_WINDOW for uid=10162 => denied (68 us)
06-04 21:53:14.814 15424 15470 I ActivityTaskManager: Displayed com.android.chrome/org.chromium.chrome.browser.ChromeTabbedActivity for user 0: +17s134ms
06-04 21:53:14.815 26297 26303 W SQLiteConnectionPool: A SQLiteConnection object for database '/data/user/0/com.google.android.gms/databases/metadata.db' was leaked!  Please fix your application to end transactions in progress properly and to close the database when it is no longer needed.
06-04 21:53:14.815 26297 26303 W System  : A resource failed to call SQLiteConnection.close. 
06-04 21:53:15.322 15424 16422 W libbinder.Binder: Binder transaction to android.hardware.input.IInputManager code 1598246212 took 1034ms. Data bytes: 216 Reply bytes: 4 Flags: 16
06-04 21:53:15.418 15247 15312 W libbinder.IPCThreadState: Sending oneway calls to frozen process.
06-04 21:53:15.581 28733 28872 I HWUI    : Davey! duration=2596ms; Flags=1, FrameTimelineVsyncId=244634245, IntendedVsync=1255649266204739, Vsync=1255649599538059, InputEventId=0, HandleInputStart=1255649612434531, AnimationStart=1255649612435323, PerformTraversalsStart=1255649612592239, DrawStart=1255650334144406, FrameDeadline=1255649282871405, FrameStartTime=1255649612278531, FrameInterval=16666666, WorkloadTarget=16666666, SyncQueued=1255650585412615, SyncStart=1255650587508698, IssueDrawCommandsStart=1255650592642240, SwapBuffers=1255651711841490, FrameCompleted=1255651865043616, DequeueBufferDuration=1743792, QueueBufferDuration=3701834, GpuCompleted=1255651863194949, SwapBuffersCompleted=1255651865043616, DisplayPresentTime=0, CommandSubmissionCompleted=1255651711841490, 
06-04 21:53:15.584 28733 28733 W TextView: onProvideContentCaptureStructure(): calling assumeLayout()
06-04 21:53:15.590 28733 28733 I Choreographer: Skipped 135 frames!  The application may be doing too much work on its main thread.
06-04 21:53:15.838 15424 15736 I HalDevMgr: bestIfaceCreationProposal is null, requestIface=STA, existingIface=[name=wlan0 type=STA]
06-04 21:53:15.841 15424 15838 E ClipboardService: Denying clipboard access to com.professionballarena.game, application is not in focus nor is it a system service for user 0
06-04 21:53:15.847 15424 15838 E ClipboardService: Denying clipboard access to com.google.android.gms, application is not in focus nor is it a system service for user 0
06-04 21:53:15.847 15424 15838 E ClipboardService: Denying clipboard access to com.arrowagain.game, application is not in focus nor is it a system service for user 0
06-04 21:53:15.869 15424 15838 D androidtc: Initializing SystemTextClassifier, type = System
06-04 21:53:15.874 28733 28754 I HWUI    : Davey! duration=2548ms; Flags=0, FrameTimelineVsyncId=244634409, IntendedVsync=1255649616204725, Vsync=1255651866204635, InputEventId=0, HandleInputStart=1255651883787491, AnimationStart=1255651883788824, PerformTraversalsStart=1255651884645324, DrawStart=1255651884945407, FrameDeadline=1255651882871301, FrameStartTime=1255651881821824, FrameInterval=16666666, WorkloadTarget=16666666, SyncQueued=1255651885404032, SyncStart=1255651886137949, IssueDrawCommandsStart=1255652129980366, SwapBuffers=1255652140296032, FrameCompleted=1255652165433241, DequeueBufferDuration=21308709, QueueBufferDuration=2651500, GpuCompleted=1255652144090074, SwapBuffersCompleted=1255652165433241, DisplayPresentTime=0, CommandSubmissionCompleted=1255652140296032, 
06-04 21:53:15.889 15424 15839 D TextClassificationManagerService: Binding to ComponentInfo{com.google.android.as/com.google.android.apps.miphone.aiai.textclassifier.service.QAiaiTextClassifierService}
06-04 21:53:15.901 15424 15838 E ClipboardService: Denying clipboard access to com.professionballarena.game, application is not in focus nor is it a system service for user 0
06-04 21:53:15.901 15424 15838 E ClipboardService: Denying clipboard access to com.google.android.gms, application is not in focus nor is it a system service for user 0
06-04 21:53:15.901 15424 15838 E ClipboardService: Denying clipboard access to com.arrowagain.game, application is not in focus nor is it a system service for user 0
06-04 21:53:15.903 15424 15824 D BackgroundInstallControlService: Package event received: 0
06-04 21:53:15.932 15885 15885 I ClipboardListener: Clipboard overlay suppressed.
06-04 21:53:15.939 15885 15885 I ClipboardListener: Clipboard overlay suppressed.
06-04 21:53:15.954 17102 17102 I AiAiTextClassifier: AiaiTextClassifierService.onCreate()
06-04 21:53:15.962 28733 28733 I cr_CombinedPProvider: #linkNativeInternal() 0
06-04 21:53:15.962 28733 28733 I cr_PolicyProvider: #setManagerAndSource() 0
06-04 21:53:15.966 28733 28733 I cr_PolicyCacheProvider: #refresh() true
06-04 21:53:15.986 17102 17282 D androidtc: Initializing SystemTextClassifier, type = System
06-04 21:53:15.988 17102 17282 W SystemServiceRegistry: No service published for: persistent_data_block
06-04 21:53:15.989 19211 28882 D androidtc: Initializing SystemTextClassifier, type = System
06-04 21:53:16.002 17102 17102 I AiAiTextClassifier: onCreateTextClassificationSession = TextClassificationSessionId {37d4ba3d-7328-40ff-8d73-8a51ef0eb3a9}
06-04 21:53:16.009 27744 27744 D Capacitor: App stopped
06-04 21:53:16.012 27744 27744 D Capacitor: Saving instance state!
06-04 21:53:16.022 15424 15824 D BackgroundInstallControlService: Package event received: 0
06-04 21:53:16.024 15424 17706 W libbinder.IPCThreadState: Sending oneway calls to frozen process.
06-04 21:53:16.024 15424 17706 W libbinder.IPCThreadState: Sending oneway calls to frozen process.
06-04 21:53:16.033 15247 15312 W libbinder.IPCThreadState: Sending oneway calls to frozen process.
06-04 21:53:16.033 15247 15312 W libbinder.IPCThreadState: Sending oneway calls to frozen process.
06-04 21:53:16.040 15424 15824 D BackgroundInstallControlService: Package event received: 0
06-04 21:53:16.057 19211 19211 I GoogleInputMethodService: GoogleInputMethodService.onFinishInput():2057 
06-04 21:53:16.058 15424 17706 I ImeTracker: system_server:7d8b690a: onRequestHide at ORIGIN_SERVER reason IME_REQUESTED_CHANGED_LISTENER fromUser false
06-04 21:53:16.069 15424 15473 I ImeTracker: system_server:7d8b690a: onCancelled at PHASE_SERVER_SHOULD_HIDE
06-04 21:53:16.072 19211 19211 I Module  : DeviceLockedStatusModuleProvider$Module.updateDeviceLockedStatus():100 repeatCheckTimes = 0, locked = false
06-04 21:53:16.081 19211 19211 I GoogleInputMethodService: GoogleInputMethodService.onStartInput():1318 onStartInput(EditorInfo{EditorInfo{packageName=com.android.chrome, inputType=0, inputTypeString=NULL, enableLearning=false, autoCorrection=false, autoComplete=false, imeOptions=0, privateImeOptions=null, actionName=UNSPECIFIED, actionLabel=null, initialSelStart=-1, initialSelEnd=-1, initialCapsMode=0, label=null, fieldId=0, fieldName=null, extras=null, hintText=null, hintLocales=[]}}, false)
06-04 21:53:16.082 19211 19211 I Module  : DeviceLockedStatusModuleProvider$Module.updateDeviceLockedStatus():100 repeatCheckTimes = 1, locked = false
06-04 21:53:16.090 15424 17706 W PackageConfigPersister: App-specific configuration not found for packageName: com.android.chrome and userId: 0
06-04 21:53:16.090 17102 17219 I AiAiTranslate: C2T - not in a conversation
06-04 21:53:16.134 17102 17282 I AiAiTextClassifier: ActionRankingDataTtlService - Scheduling action ranking job [jobId=284347269, interval=PT24H]
06-04 21:53:16.140 15424 17706 V Configuration: Updating configuration, locales updated from [] to [en_US]
06-04 21:53:16.140 15424 17706 V Configuration: Updating configuration, locales updated from [] to [en_US]
06-04 21:53:16.140 15424 17706 V Configuration: Updating configuration, locales updated from [] to [en_US]
06-04 21:53:16.141 28733 28733 I chromium: [INFO:chrome_browser_cloud_management_controller.cc(273)] Deferring CBCM Controller Initialization until it is unblocked.
06-04 21:53:16.142 15424 17706 V Configuration: Updating configuration, locales updated from [] to [en_US]
06-04 21:53:16.142 15424 17706 V Configuration: Updating configuration, locales updated from [] to [en_US]
06-04 21:53:16.142 15424 17706 V Configuration: Updating configuration, locales updated from [] to [en_US]
06-04 21:53:16.148 15424 17706 V GrammaticalInflectionUtils: AttributionSource: android.content.AttributionSource@3cef0acf does not have READ_SYSTEM_GRAMMATICAL_GENDER permission.
06-04 21:53:16.153 15424 16597 V Configuration: Updating configuration, locales updated from [] to [en_US]
06-04 21:53:16.153 15424 16597 D IntervalStats: Unable to parse usage stats packages: [262, 263]
06-04 21:53:16.153 15424 16597 D IntervalStats: Unable to parse event packages: [263]
06-04 21:53:16.162 28733 28890 I PlayCore: UID: [10162]  PID: [28733] AppUpdateService : requestUpdateInfo(com.android.chrome)
06-04 21:53:16.163 17102 17282 I AiAiTextClassifier: AiaiTextClassifierServiceConnector.onCreate()
06-04 21:53:16.163 15424 16597 V Configuration: Updating configuration, locales updated from [] to [en_US]
06-04 21:53:16.163 15424 16597 D IntervalStats: Unable to parse usage stats packages: [263]
06-04 21:53:16.163 15424 16597 D IntervalStats: Unable to parse event packages: [263]
06-04 21:53:16.163 15424 16597 V Configuration: Updating configuration, locales updated from [] to [en_US]
06-04 21:53:16.163 15424 16597 D IntervalStats: Unable to parse usage stats packages: [263]
06-04 21:53:16.163 15424 16597 D IntervalStats: Unable to parse event packages: [263]
06-04 21:53:16.163 15424 16597 V Configuration: Updating configuration, locales updated from [] to [en_US]
06-04 21:53:16.163 15424 16597 D IntervalStats: Unable to parse usage stats packages: [263]
06-04 21:53:16.163 15424 16597 V Configuration: Updating configuration, locales updated from [] to [en_US]
06-04 21:53:16.163 15424 16597 V Configuration: Updating configuration, locales updated from [] to [en_US]
06-04 21:53:16.164 15424 16597 V Configuration: Updating configuration, locales updated from [] to [en_US]
06-04 21:53:16.164 15424 16597 V Configuration: Updating configuration, locales updated from [] to [en_US]
06-04 21:53:16.164 15424 16597 V Configuration: Updating configuration, locales updated from [] to [en_US]
06-04 21:53:16.164 15424 16597 V Configuration: Updating configuration, locales updated from [] to [en_US]
06-04 21:53:16.164 15424 16597 V Configuration: Updating configuration, locales updated from [] to [en_US]
06-04 21:53:16.164 15424 16597 V Configuration: Updating configuration, locales updated from [] to [en_US]
06-04 21:53:16.164 15424 16597 V Configuration: Updating configuration, locales updated from [] to [en_US]
06-04 21:53:16.177 15424 15824 D BackgroundInstallControlService: Package event received: 0
06-04 21:53:16.181 17102 17282 I AiAiTextClassifier: SmartselectLearningController: Calling SmartSelectTrainingManager to schedule training by database.
06-04 21:53:16.187 15424 16791 D ActivityManager: sync unfroze 28283 com.android.vending for 6
06-04 21:53:16.200 28733 28902 D CompatChangeReporter: Compat change id reported: 307233716; UID 10162; state: ENABLED
06-04 21:53:16.207 28733 28733 W cr_SearchEngineDelegate: ensureIsDeviceChoiceRequiredSupplier() called on ineligible device
06-04 21:53:16.208 15424 15824 D BackgroundInstallControlService: Package event received: 0
06-04 21:53:16.223 28733 28905 I PlayCore: UID: [10162]  PID: [28733] AppUpdateService : Initiate binding to the service.
06-04 21:53:16.226 15245 15245 I Zygote  : Entering forkRepeatedly native zygote loop
06-04 21:53:16.237 15245 15245 D Zygote  : Forked child process 28907
06-04 21:53:16.246 15424 15824 D BackgroundInstallControlService: Package event received: 0
06-04 21:53:16.246 15424 15539 W ActivityManager: Slow operation: 98ms so far, now at startProcess: returned from zygote!
06-04 21:53:16.246 15424 15539 W ActivityManager: Slow operation: 98ms so far, now at startProcess: done updating battery stats
06-04 21:53:16.246 15424 15539 W ActivityManager: Slow operation: 98ms so far, now at startProcess: building log message
06-04 21:53:16.246 15424 15539 I ActivityManager: Start proc 28907:com.android.chrome:privileged_process0/u0a162 for service {com.android.chrome/org.chromium.content.app.PrivilegedProcessService0}
06-04 21:53:16.246 15424 15539 W ActivityManager: Slow operation: 98ms so far, now at startProcess: starting to update pids map
06-04 21:53:16.246 15424 15539 W ActivityManager: Slow operation: 98ms so far, now at startProcess: done updating pids map
06-04 21:53:16.254 28907 28907 I Zygote  : Process 28907 created for com.android.chrome:privileged_process0
06-04 21:53:16.257 28907 28907 I ileged_process0: Using CollectorTypeCMC GC.
06-04 21:53:16.267 28907 28907 D nativeloader: Load libframework-connectivity-tiramisu-jni.so using APEX ns com_android_tethering for caller /apex/com.android.tethering/javalib/framework-connectivity-t.jar: ok
06-04 21:53:16.270 28733 28889 I .android.chrome: IncrementDisableThreadFlip blocked for 6.110ms
06-04 21:53:16.298 28733 28733 I cr_SmsProviderGms: construction successfull E95@ae8f198, B95@65a9857
06-04 21:53:16.307 15424 15824 D BackgroundInstallControlService: Package event received: 0
06-04 21:53:16.314 28733 28743 I .android.chrome: Background young concurrent mark compact GC freed 1659KB AllocSpace bytes, 9(308KB) LOS objects, 11% free, 4944KB/5616KB, paused 87us,756us total 141.211ms
06-04 21:53:16.321 15424 16599 D ActivityManager: sync unfroze 22378 com.google.android.adservices.api for 6
06-04 21:53:16.322 15424 15824 D BackgroundInstallControlService: Package event received: 0
06-04 21:53:16.334 28733 28920 I CameraManagerGlobal: Connecting to camera service
06-04 21:53:16.338  3474  3474 D BoundBrokerSvc: onBind: Intent { act=com.google.android.gms.auth.key.retrieval.service.START dat=chimera-action:/... xflg=0x4 cmp=com.google.android.gms/.chimera.GmsApiService }
06-04 21:53:16.339  3474  3474 D BoundBrokerSvc: Loading bound service for intent: Intent { act=com.google.android.gms.auth.key.retrieval.service.START dat=chimera-action:/... xflg=0x4 cmp=com.google.android.gms/.chimera.GmsApiService }
06-04 21:53:16.340 22378 22378 E adservices: Measurement API is disabled
06-04 21:53:16.341 22378 22378 E adservices: Measurement API is disabled
06-04 21:53:16.343 28733 28919 E adservices: Failed to bind to measurement service: com.android.adservices.shared.common.exception.ServiceUnavailableException: Service is not available.
06-04 21:53:16.344 15424 17402 D ConnectivityService: requestNetwork for uid/pid:10162/28733 activeRequest: null callbackRequest: 412 [NetworkRequest [ REQUEST id=413, [ Capabilities: INTERNET&NOT_RESTRICTED&TRUSTED&NOT_VCN_MANAGED&NOT_BANDWIDTH_CONSTRAINED Uid: 10162 RequestorUid: 10162 RequestorPkg: com.android.chrome UnderlyingNetworks: Null] ]] callback flags: 0 order: 2147483647 isUidTracked: false declaredMethods: AVAIL|LOST|NC|LP
06-04 21:53:16.352 15424 15736 D WifiNetworkFactory: got request NetworkRequest [ REQUEST id=413, [ Capabilities: INTERNET&NOT_RESTRICTED&TRUSTED&NOT_VCN_MANAGED&NOT_BANDWIDTH_CONSTRAINED Uid: 10162 RequestorUid: 10162 RequestorPkg: com.android.chrome UnderlyingNetworks: Null] ]
06-04 21:53:16.352 15424 15736 D UntrustedWifiNetworkFactory: got request NetworkRequest [ REQUEST id=413, [ Capabilities: INTERNET&NOT_RESTRICTED&TRUSTED&NOT_VCN_MANAGED&NOT_BANDWIDTH_CONSTRAINED Uid: 10162 RequestorUid: 10162 RequestorPkg: com.android.chrome UnderlyingNetworks: Null] ]
06-04 21:53:16.352 15424 15736 D OemPaidWifiNetworkFactory: got request NetworkRequest [ REQUEST id=413, [ Capabilities: INTERNET&NOT_RESTRICTED&TRUSTED&NOT_VCN_MANAGED&NOT_BANDWIDTH_CONSTRAINED Uid: 10162 RequestorUid: 10162 RequestorPkg: com.android.chrome UnderlyingNetworks: Null] ]
06-04 21:53:16.352 15424 15736 D MultiInternetWifiNetworkFactory: got request NetworkRequest [ REQUEST id=413, [ Capabilities: INTERNET&NOT_RESTRICTED&TRUSTED&NOT_VCN_MANAGED&NOT_BANDWIDTH_CONSTRAINED Uid: 10162 RequestorUid: 10162 RequestorPkg: com.android.chrome UnderlyingNetworks: Null] ]
06-04 21:53:16.352 15424 17402 D CompatChangeReporter: Compat change id reported: 319212206; UID 10162; state: ENABLED
06-04 21:53:16.352 15424 15755 D ConnectivityService: NetReassign [413 : null → 101] [c 0] [a 4] [i 3]
06-04 21:53:16.367 28733 28733 W cr_KnoxSettingsProvider: Permission to read device policy denied.
06-04 21:53:16.368 28733 28733 I cr_CombinedPProvider: #registerProvider() provider:NK3@364b672 isPolicyCacheEnabled:true policyProvidersSize:0
06-04 21:53:16.368 28733 28733 I cr_PolicyProvider: #setManagerAndSource() 0
06-04 21:53:16.369 28733 28733 I cr_CombinedPProvider: #registerProvider() provider:Cr@8dede79 isPolicyCacheEnabled:false policyProvidersSize:1
06-04 21:53:16.370 28733 28733 I cr_PolicyProvider: #setManagerAndSource() 1
06-04 21:53:16.370 28733 28733 I cr_AppResProvider: #getApplicationRestrictionsFromUserManager() Bundle[EMPTY_PARCEL]
06-04 21:53:16.370 28733 28733 I cr_PolicyProvider: #notifySettingsAvailable() 1
06-04 21:53:16.370 28733 28733 I cr_CombinedPProvider: #onSettingsAvailable() 1
06-04 21:53:16.374 28283 28925 I Finsky  : [204] Triggered update for experiment package com.google.android.finsky.regular.
06-04 21:53:16.375 15424 15755 D ConnectivityService: NetReassign [no changes] [c 0] [a 22] [i 1]
06-04 21:53:16.377 15424 16759 D ConnectivityService: requestNetwork for uid/pid:10162/28733 activeRequest: null callbackRequest: 415 [NetworkRequest [ REQUEST id=416, [ Capabilities: INTERNET&NOT_RESTRICTED&TRUSTED&NOT_VCN_MANAGED&NOT_BANDWIDTH_CONSTRAINED Uid: 10162 RequestorUid: 10162 RequestorPkg: com.android.chrome UnderlyingNetworks: Null] ]] callback flags: 0 order: 2147483647 isUidTracked: false declaredMethods: AVAIL|LOST|NC|LP
06-04 21:53:16.378 15424 15736 D WifiNetworkFactory: got request NetworkRequest [ REQUEST id=416, [ Capabilities: INTERNET&NOT_RESTRICTED&TRUSTED&NOT_VCN_MANAGED&NOT_BANDWIDTH_CONSTRAINED Uid: 10162 RequestorUid: 10162 RequestorPkg: com.android.chrome UnderlyingNetworks: Null] ]
06-04 21:53:16.379 28733 28733 I cr_CompositorSurfaceMgr: Transitioning to surface with format: -1
06-04 21:53:16.379 15424 15736 D UntrustedWifiNetworkFactory: got request NetworkRequest [ REQUEST id=416, [ Capabilities: INTERNET&NOT_RESTRICTED&TRUSTED&NOT_VCN_MANAGED&NOT_BANDWIDTH_CONSTRAINED Uid: 10162 RequestorUid: 10162 RequestorPkg: com.android.chrome UnderlyingNetworks: Null] ]
06-04 21:53:16.379 15424 15736 D OemPaidWifiNetworkFactory: got request NetworkRequest [ REQUEST id=416, [ Capabilities: INTERNET&NOT_RESTRICTED&TRUSTED&NOT_VCN_MANAGED&NOT_BANDWIDTH_CONSTRAINED Uid: 10162 RequestorUid: 10162 RequestorPkg: com.android.chrome UnderlyingNetworks: Null] ]
06-04 21:53:16.379 15424 15736 D MultiInternetWifiNetworkFactory: got request NetworkRequest [ REQUEST id=416, [ Capabilities: INTERNET&NOT_RESTRICTED&TRUSTED&NOT_VCN_MANAGED&NOT_BANDWIDTH_CONSTRAINED Uid: 10162 RequestorUid: 10162 RequestorPkg: com.android.chrome UnderlyingNetworks: Null] ]
06-04 21:53:16.380 15424 15755 D ConnectivityService: NetReassign [416 : null → 101] [c 0] [a 0] [i 3]
06-04 21:53:16.382 28733 28733 I cr_CompositorSurfaceMgr: surfaceCreated format: 0
06-04 21:53:16.384 15424 15755 D ConnectivityService: NetReassign [no changes] [c 0] [a 2] [i 0]
06-04 21:53:16.389 28907 28907 W ileged_process0: Failed to find entry 'classes.dex': Entry not found
06-04 21:53:16.390 28907 28907 D nativeloader: Configuring clns-9 for other apk /data/app/~~bAWld88vGZIp2gx_c16ZOQ==/com.google.android.trichromelibrary_699813532-MuApWYbTReCiok4Ut41Ccg==/TrichromeLibrary.apk. target_sdk_version=35, uses_libraries=ALL, library_path=/data/app/~~fry24zrDs3THWfnTXJcXcA==/com.android.chrome-JdxmfNcwBAZS_6XM4RNugA==/lib/arm64:/data/app/~~fry24zrDs3THWfnTXJcXcA==/com.android.chrome-JdxmfNcwBAZS_6XM4RNugA==/Chrome.apk!/lib/arm64-v8a:/data/app/~~bAWld88vGZIp2gx_c16ZOQ==/com.google.android.trichromelibrary_699813532-MuApWYbTReCiok4Ut41Ccg==/TrichromeLibrary.apk!/lib/arm64-v8a, permitted_path=/data:/mnt/expand:/data/user/0/com.android.chrome
06-04 21:53:16.399  3474  3474 D BoundBrokerSvc: onBind: Intent { act=com.google.android.gms.credential.manager.service.firstparty.START dat=chimera-action:/... xflg=0x4 cmp=com.google.android.gms/.chimera.GmsApiService }
06-04 21:53:16.399  3474  3474 D BoundBrokerSvc: Loading bound service for intent: Intent { act=com.google.android.gms.credential.manager.service.firstparty.START dat=chimera-action:/... xflg=0x4 cmp=com.google.android.gms/.chimera.GmsApiService }
