06-04 21:50:24.888  3474  3474 V ResourcesManager: The following library key has been added: ResourcesKey{ mHash=abf83c8 mResDir=null mSplitDirs=[] mOverlayDirs=[] mLibDirs=[/data/app/~~ABWUa18eiv0VhCeBoOzDVQ==/com.google.android.webview-pvxyRRLoCetnZts5pBHk5A==/WebViewGoogle.apk,/data/app/~~bAWld88vGZIp2gx_c16ZOQ==/com.google.android.trichromelibrary_699813532-MuApWYbTReCiok4Ut41Ccg==/TrichromeLibrary.apk,/system_ext/framework/androidx.window.extensions.jar] mDisplayId=0 mOverrideConfig=v36 mCompatInfo={420dpi always-compat} mLoaders=[]}
06-04 21:50:24.890  3474  3474 W gle.android.gms: Failed to find entry 'classes.dex': Entry not found
06-04 21:50:24.892  3474  3474 D nativeloader: Configuring clns-11 for other apk /data/app/~~bAWld88vGZIp2gx_c16ZOQ==/com.google.android.trichromelibrary_699813532-MuApWYbTReCiok4Ut41Ccg==/TrichromeLibrary.apk. target_sdk_version=35, uses_libraries=ALL, library_path=/data/app/~~ABWUa18eiv0VhCeBoOzDVQ==/com.google.android.webview-pvxyRRLoCetnZts5pBHk5A==/lib/arm64:/data/app/~~ABWUa18eiv0VhCeBoOzDVQ==/com.google.android.webview-pvxyRRLoCetnZts5pBHk5A==/WebViewGoogle.apk!/lib/arm64-v8a:/data/app/~~bAWld88vGZIp2gx_c16ZOQ==/com.google.android.trichromelibrary_699813532-MuApWYbTReCiok4Ut41Ccg==/TrichromeLibrary.apk!/lib/arm64-v8a, permitted_path=/data:/mnt/expand
06-04 21:50:24.893  3474  3474 D ApplicationLoaders: Returning zygote-cached class loader: /system_ext/framework/androidx.window.extensions.jar
06-04 21:50:24.895  3474  3474 D nativeloader: Configuring clns-12 for other apk /data/app/~~ABWUa18eiv0VhCeBoOzDVQ==/com.google.android.webview-pvxyRRLoCetnZts5pBHk5A==/WebViewGoogle.apk. target_sdk_version=35, uses_libraries=, library_path=/data/app/~~ABWUa18eiv0VhCeBoOzDVQ==/com.google.android.webview-pvxyRRLoCetnZts5pBHk5A==/lib/arm64:/data/app/~~ABWUa18eiv0VhCeBoOzDVQ==/com.google.android.webview-pvxyRRLoCetnZts5pBHk5A==/WebViewGoogle.apk!/lib/arm64-v8a:/data/app/~~bAWld88vGZIp2gx_c16ZOQ==/com.google.android.trichromelibrary_699813532-MuApWYbTReCiok4Ut41Ccg==/TrichromeLibrary.apk!/lib/arm64-v8a, permitted_path=/data:/mnt/expand
06-04 21:50:24.902  3474  3474 I cr_WVCFactoryProvider: version=134.0.6998.135 (699813532) minSdkVersion=29 isBundle=false multiprocess=true packageId=2
06-04 21:50:24.903  3474  3474 D nativeloader: Load /data/app/~~bAWld88vGZIp2gx_c16ZOQ==/com.google.android.trichromelibrary_699813532-MuApWYbTReCiok4Ut41Ccg==/TrichromeLibrary.apk!/lib/arm64-v8a/libmonochrome_64.so using class loader ns clns-12 (caller=/data/app/~~ABWUa18eiv0VhCeBoOzDVQ==/com.google.android.webview-pvxyRRLoCetnZts5pBHk5A==/WebViewGoogle.apk): ok
06-04 21:50:24.905  3474  3474 D nativeloader: Load /system/lib64/libwebviewchromium_plat_support.so using class loader ns clns-12 (caller=/data/app/~~ABWUa18eiv0VhCeBoOzDVQ==/com.google.android.webview-pvxyRRLoCetnZts5pBHk5A==/WebViewGoogle.apk): ok
06-04 21:50:24.910  3474 28095 E chromium: [0604/215024.909171:ERROR:variations_seed_loader.cc(39)] Seed missing signature.
06-04 21:50:24.910  3474 28095 I chromium: [0604/215024.910659:INFO:variations_seed_loader.cc(67)] Failed to open file for reading.: No such file or directory (2)
06-04 21:50:24.912 15424 15824 D BackgroundInstallControlService: Package event received: 0
06-04 21:50:24.916 15424 16296 D ActivityManager: sync unfroze 22302 com.google.android.webview:webview_service for 6
06-04 21:50:24.917 15424 15824 D BackgroundInstallControlService: Package event received: 0
06-04 21:50:24.927  3474  3474 I cr_LibraryLoader: Successfully loaded native library
06-04 21:50:24.927  3474  3474 I cr_CachingUmaRecorder: Flushed 6 samples from 6 histograms, 0 samples were dropped.
06-04 21:50:24.929  3474  3474 I cr_CombinedPProvider: #registerProvider() provider:WV.I8@3547f2c isPolicyCacheEnabled:false policyProvidersSize:0
06-04 21:50:24.930  3474  3474 I cr_PolicyProvider: #setManagerAndSource() 0
06-04 21:50:24.936  3474  3474 D DesktopModeFlags: Toggle override initialized to: OVERRIDE_UNSET
06-04 21:50:24.937  3474  3474 I DisplayManager: Implicitly registering for refresh rate
06-04 21:50:24.938 15424 16296 V GrammaticalInflectionUtils: AttributionSource: android.content.AttributionSource@6f9f0605 does not have READ_SYSTEM_GRAMMATICAL_GENDER permission.
06-04 21:50:24.957 22324 22324 D Zygote  : Forked child process 28099
06-04 21:50:24.960 28099 28099 E libc    : SetHeapTaggingLevel: re-enabling tagging after it was disabled is not supported
06-04 21:50:24.961 28099 28099 I Zygote  : Process 28099 created for com.google.android.webview:sandboxed_process0:org.chromium.content.app.SandboxedProcessService0:0
06-04 21:50:24.961 28099 28099 I ocessService0:0: Using CollectorTypeCMC GC.
06-04 21:50:24.965 28099 28099 D nativeloader: Load libframework-connectivity-tiramisu-jni.so using APEX ns com_android_tethering for caller /apex/com.android.tethering/javalib/framework-connectivity-t.jar: ok
06-04 21:50:24.979  3474  3482 W SQLiteLog: (28) double-quoted string literal: "1780408224979"
06-04 21:50:24.980  3474  3482 W SQLiteLog: (28) double-quoted string literal: "1"
06-04 21:50:24.986 15424 15539 I ActivityManager: Start proc 28099:com.google.android.webview:sandboxed_process0:org.chromium.content.app.SandboxedProcessService0:0/u0i4 for  {com.google.android.gms/org.chromium.content.app.SandboxedProcessService0:0}
06-04 21:50:24.987  3474  3474 I cr_CombinedPProvider: #linkNativeInternal() 1
06-04 21:50:24.988 27744 27990 V FA      : Logging telemetry for logEvent from database
06-04 21:50:25.001  3474  3474 I cr_AppResProvider: #getApplicationRestrictionsFromUserManager() Bundle[EMPTY_PARCEL]
06-04 21:50:25.001  3474  3474 I cr_PolicyProvider: #notifySettingsAvailable() 0
06-04 21:50:25.001  3474  3474 I cr_CombinedPProvider: #onSettingsAvailable() 0
06-04 21:50:25.001  3474  3474 I cr_CombinedPProvider: #flushPolicies()
06-04 21:50:25.003  3474 27992 V FA-SVC  : Populate EES config from database on cache miss. appId: com.professionballarena.game
06-04 21:50:25.003  3474 27992 V FA-SVC  : Parsed config. version, gmp_app_id: 1779963305461532, 1:933439959875:android:76d88a27e9123f538d35f6
06-04 21:50:25.007  3474 27992 V FA-SVC  : EES not loaded for: com.professionballarena.game
06-04 21:50:25.007 28099 28099 D ApplicationLoaders: Returning zygote-cached class loader: /system_ext/framework/androidx.window.extensions.jar
06-04 21:50:25.010 28099 28099 D CompatChangeReporter: Compat change id reported: 202956589; UID 99004; state: ENABLED
06-04 21:50:25.018  3474 27992 V FA-SVC  : Logging event: origin=app,name=ad_request,params=Bundle[{surface=native, locale=zh, source=legal_accept, creative_id=unknown, ga_event_origin(_o)=app, ga_screen_class(_sc)=MainActivity, ga_screen_id(_si)=9145632857322541656, scene=classic, ad_format=interstitial, placement=app_open, ad_network=admob}]
06-04 21:50:25.024 28099 28099 I LoadedApk: No resource references to update in package com.google.android.trichromelibrary
06-04 21:50:25.031 28099 28099 I cr_WebViewApkApp: version=134.0.6998.135 (699813532) minSdkVersion=29 isBundle=false processName=com.google.android.webview:sandboxed_process0:org.chromium.content.app.SandboxedProcessService0:0
06-04 21:50:25.053 15424 15824 D BackgroundInstallControlService: Package event received: 0
06-04 21:50:25.061 28099 28099 I cr_ChildProcessService: Creating new ChildProcessService pid=28099
06-04 21:50:25.082 15424 15824 D BackgroundInstallControlService: Package event received: 0
06-04 21:50:25.103  3474 27992 V FA-SVC  : Upload scheduled in approximately ms: 3551146
06-04 21:50:25.103  3474 27992 V FA-SVC  : Unscheduling upload
06-04 21:50:25.104 15424 16829 D ConnectivityService: requestNetwork for uid/pid:10155/3474 activeRequest: null callbackRequest: 408 [NetworkRequest [ TRACK_DEFAULT id=409, [ Capabilities: INTERNET&NOT_RESTRICTED&TRUSTED&NOT_VCN_MANAGED&NOT_BANDWIDTH_CONSTRAINED Uid: 10155 RequestorUid: 10155 RequestorPkg: com.google.android.gms UnderlyingNetworks: Null] ], NetworkRequest [ REQUEST id=410, [ Transports: SATELLITE Capabilities: INTERNET&NOT_RESTRICTED&TRUSTED&NOT_VCN_MANAGED Uid: 10155 RequestorUid: 10155 RequestorPkg: com.google.android.gms UnderlyingNetworks: Null] ]] callback flags: 0 order: 2147483647 isUidTracked: false declaredMethods: AVAIL|LOST|NC|LP
06-04 21:50:25.105 15424 15755 D ConnectivityService: NetReassign [409 : null → 101] [c 1] [a 0] [i 0]
06-04 21:50:25.105  3474 27992 V FA-SVC  : Scheduling upload, millis: 3551146
06-04 21:50:25.105  3474 27992 V FA-SVC  : Background event processing time, ms: 97
06-04 21:50:25.107 15424 15755 D ConnectivityService: NetReassign [no changes] [c 1] [a 0] [i 0]
06-04 21:50:25.131  3474  3474 D BoundBrokerSvc: onBind: Intent { act=com.google.android.gms.safetynet.service.START xflg=0x4 pkg=com.google.android.gms }
06-04 21:50:25.132  3474  3474 D BoundBrokerSvc: Loading bound service for intent: Intent { act=com.google.android.gms.safetynet.service.START xflg=0x4 pkg=com.google.android.gms }
06-04 21:50:25.134  3474 28132 I CameraManagerGlobal: Connecting to camera service
06-04 21:50:25.173 28099 28126 I cr_LibraryLoader: Successfully loaded native library
06-04 21:50:25.174 28099 28126 I cr_CachingUmaRecorder: Flushed 2 samples from 2 histograms, 0 samples were dropped.
06-04 21:50:25.188  3474 28134 W libc    : Access denied finding property "vendor.mesa.log"
06-04 21:50:25.188 28099 28126 W SystemServiceRegistry: No service published for: uimode
06-04 21:50:25.191  3474 28134 W libc    : Access denied finding property "vendor.mesa.log.file"
06-04 21:50:25.191  3474 28134 E MESA    : Failed to open rendernode: No such file or directory
06-04 21:50:25.191  3474 28134 E MESA    : Failed to open rendernode: No such file or directory
06-04 21:50:25.206  3474 28134 D vulkan  : searching for layers in '/product/priv-app/PrebuiltGmsCore/PrebuiltGmsCore.apk!/lib/arm64-v8a'
06-04 21:50:25.214 28099 28126 W chromium: [WARNING:runtime_features.cc(550)] Fenced frames cannot be enabled in this configuration. Use --enable-features=FencedFrames instead.
06-04 21:50:25.216 28099 28126 W chromium: [WARNING:runtime_features.cc(575)] Topics cannot be enabled in this configuration. Use --enable-features=BrowsingTopics in addition.
06-04 21:50:25.216 28099 28126 W chromium: [WARNING:runtime_features.cc(596)] SharedStorage cannot be enabled in this configuration. Use --enable-features=SharedStorageAPI in addition.
06-04 21:50:25.224  3474 28134 E MESA    : Failed to open rendernode: No such file or directory
06-04 21:50:25.224  3474 28134 E MESA    : Failed to open rendernode: No such file or directory
06-04 21:50:25.224  3474 28134 E MESA    : Failed to open rendernode: No such file or directory
06-04 21:50:25.224  3474 28134 E MESA    : Failed to open rendernode: No such file or directory
06-04 21:50:25.227  3474 28134 E MESA    : Failed to open rendernode: No such file or directory
06-04 21:50:25.227  3474 28134 E MESA    : Failed to open rendernode: No such file or directory
06-04 21:50:25.227  3474 28134 W libc    : Access denied finding property "vendor.mesa.vk.trace.per.submit"
06-04 21:50:25.228  3474 28134 W libc    : Access denied finding property "vendor.mesa.gallium.print.optio"
06-04 21:50:25.228  3474 28134 W libc    : Access denied finding property "vendor.mesa.vk.trace.frame"
06-04 21:50:25.236 26297 30028 I FontLog : (REDACTED) Received query %s, URI %s
06-04 21:50:25.236 26297 30028 I FontLog : (REDACTED) Query [%s] resolved to %s
06-04 21:50:25.237 26297 30028 I FontLog : (REDACTED) Font PFD returned from cache for %s
06-04 21:50:25.237 26297 30028 I FontLog : (REDACTED) Fetch %s end status %s
06-04 21:50:25.238  3474 28134 E MESA    : Failed to open rendernode: No such file or directory
06-04 21:50:25.239 26297 30028 I FontLog : (REDACTED) Pulling font file for id = %d, cache size = %d
06-04 21:50:25.241  3474 28134 W libc    : Access denied finding property "vendor.mesa.vk.wsi.headless.swa"
06-04 21:50:25.244  3474 28134 E MESA    : Failed to open rendernode: No such file or directory
06-04 21:50:25.245  3474 28134 E MESA    : Failed to open rendernode: No such file or directory
06-04 21:50:25.246  3474 28134 I GFXSTREAM: [eglDisplay.cpp(297)] Opening libGLESv1_CM_emulation.so
06-04 21:50:25.247  3474 28134 I GFXSTREAM: [eglDisplay.cpp(297)] Opening libGLESv2_emulation.so
06-04 21:50:25.266 26297 30028 I FontLog : (REDACTED) Received query %s, URI %s
06-04 21:50:25.267 26297 30028 I FontLog : (REDACTED) Query [%s] resolved to %s
06-04 21:50:25.267 26297 30028 I FontLog : (REDACTED) Fetch %s end status %s
06-04 21:50:25.268 26297 30028 I FontLog : (REDACTED) Pulling font file for id = %d, cache size = %d
06-04 21:50:25.268 26297 30028 I FontLog : (REDACTED) Received query %s, URI %s
06-04 21:50:25.269 26297 30028 I FontLog : (REDACTED) Query [%s] resolved to %s
06-04 21:50:25.269 26297 30028 I FontLog : (REDACTED) Font PFD returned from cache for %s
06-04 21:50:25.269 26297 30028 I FontLog : (REDACTED) Fetch %s end status %s
06-04 21:50:25.269 26297 30028 I FontLog : (REDACTED) Pulling font file for id = %d, cache size = %d
06-04 21:50:25.269 26297 30028 I FontLog : (REDACTED) Received query %s, URI %s
06-04 21:50:25.270 26297 30028 I FontLog : (REDACTED) Query [%s] resolved to %s
06-04 21:50:25.270 26297 30028 I FontLog : (REDACTED) Font PFD returned from cache for %s
06-04 21:50:25.270 26297 30028 I FontLog : (REDACTED) Fetch %s end status %s
06-04 21:50:25.271 26297 30028 I FontLog : (REDACTED) Pulling font file for id = %d, cache size = %d
06-04 21:50:25.272 26297 30028 I FontLog : (REDACTED) Received query %s, URI %s
06-04 21:50:25.272 26297 30028 I FontLog : (REDACTED) Query [%s] resolved to %s
06-04 21:50:25.272 26297 30028 I FontLog : (REDACTED) Font PFD returned from cache for %s
06-04 21:50:25.272 26297 30028 I FontLog : (REDACTED) Fetch %s end status %s
06-04 21:50:25.273 26297 28083 I SQLiteConnectionPool: The connection pool for /data/user/0/com.google.android.gms/databases/metadata.db has been closed but there are still 1 connections in use.  They will be closed as they are released back to the pool.
06-04 21:50:25.274 26297 30028 I FontLog : (REDACTED) Pulling font file for id = %d, cache size = %d
06-04 21:50:25.284 15247 15312 W libbinder.IPCThreadState: Sending oneway calls to frozen process.
06-04 21:50:25.312 26297 27618 W FontLog : Error updating last accessed time for {Google Sans, wdth 100.0, wght 500, ital 0.0, bestEffort false}, isVf false}. [CONTEXT service_id=132 ]
06-04 21:50:25.312 26297 27618 W FontLog : java.lang.IllegalStateException: Cannot perform this operation because the connection pool has been closed.
06-04 21:50:25.312 26297 27618 W FontLog : 	at android.database.sqlite.SQLiteConnectionPool.throwIfClosedLocked(SQLiteConnectionPool.java:1112)
06-04 21:50:25.312 26297 27618 W FontLog : 	at android.database.sqlite.SQLiteConnectionPool.waitForConnection(SQLiteConnectionPool.java:803)
06-04 21:50:25.312 26297 27618 W FontLog : 	at android.database.sqlite.SQLiteConnectionPool.acquireConnection(SQLiteConnectionPool.java:402)
06-04 21:50:25.312 26297 27618 W FontLog : 	at android.database.sqlite.SQLiteSession.acquireConnection(SQLiteSession.java:931)
06-04 21:50:25.312 26297 27618 W FontLog : 	at android.database.sqlite.SQLiteSession.executeForChangedRowCount(SQLiteSession.java:789)
06-04 21:50:25.312 26297 27618 W FontLog : 	at android.database.sqlite.SQLiteStatement.executeUpdateDelete(SQLiteStatement.java:67)
06-04 21:50:25.312 26297 27618 W FontLog : 	at android.database.sqlite.SQLiteDatabase.executeSql(SQLiteDatabase.java:2233)
06-04 21:50:25.312 26297 27618 W FontLog : 	at android.database.sqlite.SQLiteDatabase.execSQL(SQLiteDatabase.java:2209)
06-04 21:50:25.312 26297 27618 W FontLog : 	at brpf.run(:com.google.android.gms@253434035@25.34.34 (260400-800653487):57)
06-04 21:50:25.312 26297 27618 W FontLog : 	at bbim.c(:com.google.android.gms@253434035@25.34.34 (260400-800653487):50)
06-04 21:50:25.312 26297 27618 W FontLog : 	at bbim.run(:com.google.android.gms@253434035@25.34.34 (260400-800653487):70)
06-04 21:50:25.312 26297 27618 W FontLog : 	at java.util.concurrent.ThreadPoolExecutor.runWorker(ThreadPoolExecutor.java:1154)
06-04 21:50:25.312 26297 27618 W FontLog : 	at java.util.concurrent.ThreadPoolExecutor$Worker.run(ThreadPoolExecutor.java:652)
06-04 21:50:25.312 26297 27618 W FontLog : 	at bboe.run(:com.google.android.gms@253434035@25.34.34 (260400-800653487):8)
06-04 21:50:25.312 26297 27618 W FontLog : 	at java.lang.Thread.run(Thread.java:1563)
06-04 21:50:25.312 26297 27618 W FontLog : Caused by: java.lang.Exception: SQLiteConnectionPool.close()
06-04 21:50:25.312 26297 27618 W FontLog : 	at android.database.sqlite.SQLiteConnectionPool.dispose(SQLiteConnectionPool.java:270)
06-04 21:50:25.312 26297 27618 W FontLog : 	at android.database.sqlite.SQLiteConnectionPool.close(SQLiteConnectionPool.java:250)
06-04 21:50:25.312 26297 27618 W FontLog : 	at android.database.sqlite.SQLiteDatabase.dispose(SQLiteDatabase.java:559)
06-04 21:50:25.312 26297 27618 W FontLog : 	at android.database.sqlite.SQLiteDatabase.onAllReferencesReleased(SQLiteDatabase.java:536)
06-04 21:50:25.312 26297 27618 W FontLog : 	at android.database.sqlite.SQLiteClosable.releaseReference(SQLiteClosable.java:92)
06-04 21:50:25.312 26297 27618 W FontLog : 	at android.database.sqlite.SQLiteClosable.close(SQLiteClosable.java:124)
06-04 21:50:25.312 26297 27618 W FontLog : 	at brpe.c(:com.google.android.gms@253434035@25.34.34 (260400-800653487):3)
06-04 21:50:25.312 26297 27618 W FontLog : 	at brpf.run(:com.google.android.gms@253434035@25.34.34 (260400-800653487):62)
06-04 21:50:25.312 26297 27618 W FontLog : 	... 6 more
06-04 21:50:25.330 15424 15736 I HalDevMgr: bestIfaceCreationProposal is null, requestIface=STA, existingIface=[name=wlan0 type=STA]
06-04 21:50:25.336  3474 28134 W chromium: [WARNING:viz_main_impl.cc(85)] VizNullHypothesis is disabled (not a warning)
06-04 21:50:25.356 28099 28126 E ashmem  : readlink(/proc/self/fd/93) failed: Operation not permitted
06-04 21:50:25.357 28099 28126 E ashmem  : readlink(/proc/self/fd/97) failed: Operation not permitted
06-04 21:50:25.357 28099 28126 E ashmem  : readlink(/proc/self/fd/116) failed: Operation not permitted
06-04 21:50:25.357 28099 28148 E ashmem  : readlink(/proc/self/fd/118) failed: Operation not permitted
06-04 21:50:25.362 28099 28148 E ashmem  : readlink(/proc/self/fd/115) failed: Operation not permitted
06-04 21:50:25.362 28099 28148 E ashmem  : readlink(/proc/self/fd/119) failed: Operation not permitted
06-04 21:50:25.410 15424 15824 D BackgroundInstallControlService: Package event received: 0
06-04 21:50:25.524 28099 28126 E ashmem  : readlink(/proc/self/fd/120) failed: Operation not permitted
06-04 21:50:25.524 28099 28126 E ashmem  : readlink(/proc/self/fd/120) failed: Operation not permitted
06-04 21:50:26.039 27744 27878 I CapacitorCookies: Getting cookies at: 'https://firebaseinstallations.googleapis.com/v1/projects/profession-ball-arena/installations'
06-04 21:50:26.343 15254 15295 W AudioFlinger: write blocked for 364 msecs, 2 delayed writes, thread 13
06-04 21:50:26.376 15424 15424 W Looper  : Slow delivery took 445ms main app=system_server main=true group=FOREGROUND h=com.android.server.pm.SnapshotStatistics$1 c=null m=0
06-04 21:50:26.429  3474  3474 I Ads     : JS: The jsLoaded GMSG has been sent (https://googleads.g.doubleclick.net/mads/static/mad/sdk/native/production/sdk-core-v40-impl.js?n=true&lv=sdk_20190107_RC02:1045)
06-04 21:50:26.471 15254 15295 D AudioFlinger: mixer(0xb4000079be881790) throttle end: throttle time(41)
06-04 21:50:26.546  3474  3474 I Ads     : Received log message: <Google:HTML> You are currently using version 254715000.254715000.0 of the SDK, which is out of date. Please consider updating your SDK to the most recent SDK version to get the latest features and bug fixes. The latest SDK can be installed from https://goo.gle/android-install-instructions. More information about the SDK deprecation schedule is available at https://developers.google.com/admob/android/deprecation.
06-04 21:50:26.729  3474  3496 I Ads     : SDK version: afma-sdk-a-v254715000.254715000.0
06-04 21:50:26.731  3474  3496 I Ads     : HTTP timeout: 60000 milliseconds.
06-04 21:50:26.765 15254 15295 D AudioFlinger: mixer(0xb4000079be881790) throttle end: throttle time(19)
06-04 21:50:26.879 15254 15295 D AudioFlinger: mixer(0xb4000079be881790) throttle end: throttle time(4)
06-04 21:50:26.941 15424 15455 I system_server: Background young concurrent mark compact GC freed 23MB AllocSpace bytes, 9(300KB) LOS objects, 41% free, 33MB/56MB, paused 267us,2.585ms total 1.068s
06-04 21:50:26.947 15254 15295 D AudioFlinger: mixer(0xb4000079be881790) throttle end: throttle time(4)
06-04 21:50:27.094 15424 15424 W Looper  : Drained
06-04 21:50:27.118  3474 16260 W SQLiteLog: (28) double-quoted string literal: "1780408227118"
06-04 21:50:27.118  3474 16260 W SQLiteLog: (28) double-quoted string literal: "1"
06-04 21:50:27.151 15254 15295 D AudioFlinger: mixer(0xb4000079be881790) throttle end: throttle time(38)
06-04 21:50:27.743  3474  3480 W System  : A resource failed to call close. 
06-04 21:50:27.865 27790 27815 E ashmem  : readlink(/proc/self/fd/127) failed: Operation not permitted
06-04 21:50:27.865 27790 27815 E ashmem  : readlink(/proc/self/fd/127) failed: Operation not permitted
06-04 21:50:27.874 27790 27815 E ashmem  : readlink(/proc/self/fd/124) failed: Operation not permitted
06-04 21:50:27.875 27790 27815 E ashmem  : readlink(/proc/self/fd/124) failed: Operation not permitted
06-04 21:50:27.886 27790 27839 E ashmem  : readlink(/proc/self/fd/124) failed: Operation not permitted
06-04 21:50:27.887 27790 27839 E ashmem  : readlink(/proc/self/fd/127) failed: Operation not permitted
06-04 21:50:27.925 27790 27839 E ashmem  : readlink(/proc/self/fd/129) failed: Operation not permitted
06-04 21:50:27.927 27790 27839 E ashmem  : readlink(/proc/self/fd/130) failed: Operation not permitted
06-04 21:50:27.933 27790 27839 E ashmem  : readlink(/proc/self/fd/128) failed: Operation not permitted
06-04 21:50:27.933 27790 27839 E ashmem  : readlink(/proc/self/fd/132) failed: Operation not permitted
06-04 21:50:28.238 27744 27744 I Ads     : JS: The jsLoaded GMSG has been sent (https://googleads.g.doubleclick.net/mads/static/sdk/native/sdk-core-v40.html:1052)
06-04 21:50:28.240 15254 15295 D AudioFlinger: mixer(0xb4000079be881790) throttle end: throttle time(51)
06-04 21:50:28.240 27744 27744 I chromium: [INFO:CONSOLE(1052)] "The jsLoaded GMSG has been sent", source: https://googleads.g.doubleclick.net/mads/static/sdk/native/sdk-core-v40.html (1052)
06-04 21:50:28.329 28177 28177 W libbinder.BackendUnifiedServiceManager: Thread Pool max thread count is 0. Cannot cache binder as linkToDeath cannot be implemented. serviceName: SurfaceFlingerAIDL
06-04 21:50:28.330 28177 28177 W libbinder.BpBinder: Linking to death on android.gui.ISurfaceComposer but there are no threads (yet?) listening to incoming transactions. See ProcessState::startThreadPool and ProcessState::setThreadPoolMaxThreadCount. Generally you should setup the binder threadpool before other initialization steps.
06-04 21:50:28.330 28177 28177 W libbinder.ProcessState: Extra binder thread started, but 0 threads requested. Do not use *startThreadPool when zero threads are requested.
06-04 21:50:28.345 15424 15736 I HalDevMgr: bestIfaceCreationProposal is null, requestIface=STA, existingIface=[name=wlan0 type=STA]
06-04 21:50:28.680 28181 28181 D AndroidRuntime: >>>>>> START com.android.internal.os.RuntimeInit uid 2000 <<<<<<
06-04 21:50:28.698 28181 28181 I AndroidRuntime: Using default boot image
06-04 21:50:28.698 28181 28181 I AndroidRuntime: Leaving lock profiling enabled
06-04 21:50:28.701 28181 28181 I app_process: Using CollectorTypeCMC GC.
06-04 21:50:28.812 28182 28182 W libbinder.BackendUnifiedServiceManager: Thread Pool max thread count is 0. Cannot cache binder as linkToDeath cannot be implemented. serviceName: package
06-04 21:50:28.974 15690 15691 I artd    : GetBestInfo: odex next to the dex file (/product/priv-app/PrebuiltGmsCore/oat/arm64/PrebuiltGmsCore.odex) is kOatUpToDate with filter 'verify' executable 'false'
06-04 21:50:28.981 15690 15691 W artd    : Could not get dex checksums for location /data/app/~~n4kQt_qV4sELtgvUB_MreQ==/com.arrowagain.game-eWnpHANVuymeyIjJp0n_fg==/base.apk, fd=-1
06-04 21:50:28.982 15690 15691 I artd    : GetBestInfo: /data/user_de/0/com.google.android.gms/app_chimera/m/0000000a/dl-MlkitOcrCommon.optional_253434100400.apk has no usable artifacts
06-04 21:50:28.984 15690 15691 I artd    : GetBestInfo: /data/user/0/com.google.android.gms/app_dg_cache/DD26CFCA40A2391A1E3626BBAF83BD500298C9F7/the.apk has no usable artifacts
06-04 21:50:28.986 15690 15691 I artd    : GetBestInfo: /data/user_de/0/com.google.android.gms/app_chimera/m/00000001/CronetDynamite.apk has no usable artifacts
06-04 21:50:28.988 15690 15691 I artd    : GetBestInfo: /data/user_de/0/com.google.android.gms/app_chimera/m/00000002/DynamiteLoader.apk has no usable artifacts
06-04 21:50:28.988 15690 15691 I artd    : GetBestInfo: /data/user_de/0/com.google.android.gms/app_chimera/m/00000005/GoogleCertificates.apk has no usable artifacts
06-04 21:50:28.989 15690 19816 I artd    : GetBestInfo: /data/user_de/0/com.google.android.gms/app_chimera/m/00000009/dl-TfliteDynamiteDynamite.integ_252130102100400.apk has no usable artifacts
06-04 21:50:28.991 15690 19816 I artd    : GetBestInfo: /data/user_de/0/com.google.android.gms/app_chimera/m/00000008/dl-VisionOcr.optional_253434100000.apk has no usable artifacts
06-04 21:50:28.991 15690 19816 I artd    : GetBestInfo: /data/user_de/0/com.google.android.gms/app_chimera/m/00000007/MeasurementDynamite.apk has no usable artifacts
06-04 21:50:29.047 28181 28181 D nativeloader: InitDefaultPublicLibraries for_preload=1: libandroid.so:libaaudio.so:libamidi.so:libbinder_ndk.so:libc.so:libcamera2ndk.so:libdl.so:libEGL.so:libGLESv1_CM.so:libGLESv2.so:libGLESv3.so:libicu.so:libicui18n.so:libicuuc.so:libjnigraphics.so:liblog.so:libmediandk.so:libm.so:libnativehelper.so:libnativewindow.so:libOpenMAXAL.so:libOpenSLES.so:libRS.so:libstdc++.so:libsync.so:libvulkan.so:libwebviewchromium_plat_support.so:libz.so
06-04 21:50:29.067 28181 28181 D nativeloader: Load libicu_jni.so using APEX ns com_android_art for caller /apex/com.android.art/javalib/core-oj.jar: ok
06-04 21:50:29.068 28181 28181 D app_process: u_setTimeZoneFilesDirectory("/apex/com.android.tzdata/etc/tz/versioned/9/icu") succeeded. 
06-04 21:50:29.069 28181 28181 D app_process: I18n APEX ICU file found: /apex/com.android.i18n/etc/icu/icudt76l.dat
06-04 21:50:29.071 28181 28181 D nativeloader: Load libjavacore.so using APEX ns com_android_art for caller /apex/com.android.art/javalib/core-oj.jar: ok
06-04 21:50:29.071 28181 28181 D nativeloader: Load libopenjdk.so using APEX ns com_android_art for caller /apex/com.android.art/javalib/core-oj.jar: ok
06-04 21:50:29.075 28181 28181 I app_process: Priority-to-niceness mapping: 19, 16, 13, 10, 0, -2, -4, -5, -6, -8
06-04 21:50:29.076 28181 28181 W app_process: ClassLoaderContext shared library size mismatch. Expected=2, found=0 (PCL[]{PCL[/system/framework/android.test.base.jar*1947731759]#PCL[/system/framework/android.test.mock.jar*3673435773]} | PCL[])
06-04 21:50:29.077 28181 28181 W app_process: ClassLoaderContext classpath size mismatch. expected=0, found=1 (PCL[]{PCL[/system/framework/android.test.runner.jar*3527284906]{PCL[/system/framework/android.test.base.jar*1947731759]#PCL[/system/framework/android.test.mock.jar*3673435773]}#PCL[/system/framework/android.test.base.jar*1947731759]} | PCL[/system/framework/android.test.runner.jar*3527284906])
06-04 21:50:29.116 28181 28181 D nativeloader: Load libframework-connectivity-tiramisu-jni.so using APEX ns com_android_tethering for caller /apex/com.android.tethering/javalib/framework-connectivity-t.jar: ok
06-04 21:50:29.118 28181 28181 D AndroidRuntime: Calling main entry com.android.commands.uiautomator.Launcher
06-04 21:50:29.130 28181 28181 I AconfigPackage: android.media.swcodec.flags is mapped to com.android.media.swcodec
06-04 21:50:29.131 28181 28181 I AconfigPackage: com.android.permission.flags is mapped to com.android.permission
06-04 21:50:29.131 28181 28181 I AconfigPackage: com.android.permissioncontroller.flags is mapped to com.android.permission
06-04 21:50:29.131 28181 28181 I AconfigPackage: com.android.icu is mapped to com.android.i18n
06-04 21:50:29.132 28181 28181 I AconfigPackage: com.android.appsearch.flags is mapped to com.android.appsearch
06-04 21:50:29.132 28181 28181 I AconfigPackage: android.uprobestats.mainline.flags is mapped to com.android.uprobestats
06-04 21:50:29.132 28181 28181 I AconfigPackage: com.android.crashrecovery.flags is mapped to com.android.crashrecovery
06-04 21:50:29.132 28181 28181 I AconfigPackage: android.provider.flags is mapped to com.android.configinfrastructure
06-04 21:50:29.132 28181 28181 I AconfigPackage: com.android.server.deviceconfig is mapped to com.android.configinfrastructure
06-04 21:50:29.133 28181 28181 I AconfigPackage: com.android.art.flags is mapped to com.android.art
06-04 21:50:29.133 28181 28181 I AconfigPackage: com.android.art.rw.flags is mapped to com.android.art
06-04 21:50:29.133 28181 28181 I AconfigPackage: com.android.libcore is mapped to com.android.art
06-04 21:50:29.133 28181 28181 I AconfigPackage: com.android.telephony.flags is mapped to com.android.telephonycore
06-04 21:50:29.133 28181 28181 I AconfigPackage: com.android.media.extractor.flags is mapped to com.android.media
06-04 21:50:29.133 28181 28181 I AconfigPackage: com.android.media.mainline.flags is mapped to com.android.media
06-04 21:50:29.133 28181 28181 I AconfigPackage: com.android.wifi.flags is mapped to com.android.wifi
06-04 21:50:29.133 28181 28181 I AconfigPackage: com.android.org.conscrypt.flags is mapped to com.android.conscrypt
06-04 21:50:29.133 28181 28181 I AconfigPackage: com.android.org.conscrypt.net.flags is mapped to com.android.conscrypt
06-04 21:50:29.133 28181 28181 I AconfigPackage: com.android.healthfitness.flags is mapped to com.android.healthfitness
06-04 21:50:29.133 28181 28181 I AconfigPackage: com.android.ipsec.flags is mapped to com.android.ipsec
06-04 21:50:29.133 28181 28181 I AconfigPackage: com.android.nfc.module.flags is mapped to com.android.nfcservices
06-04 21:50:29.133 28181 28181 I AconfigPackage: com.android.adservices.ondevicepersonalization.flags is mapped to com.android.ondevicepersonalization
06-04 21:50:29.134 28181 28181 I AconfigPackage: com.android.adbd.flags is mapped to com.android.adbd
06-04 21:50:29.134 28181 28181 I AconfigPackage: com.android.bluetooth.flags is mapped to com.android.bt
06-04 21:50:29.134 28181 28181 I AconfigPackage: com.android.devicelock.flags is mapped to com.android.devicelock
06-04 21:50:29.134 28181 28181 I AconfigPackage: android.os.profiling is mapped to com.android.profiling
06-04 21:50:29.134 28181 28181 I AconfigPackage: android.os.profiling.anomaly.flags is mapped to com.android.profiling
06-04 21:50:29.134 28181 28181 I AconfigPackage: com.android.os.statsd.flags is mapped to com.android.os.statsd
06-04 21:50:29.134 28181 28181 I AconfigPackage: com.android.rkpd.flags is mapped to com.android.rkpd
06-04 21:50:29.134 28181 28181 I AconfigPackage: com.android.cellbroadcastreceiver.flags is mapped to com.android.cellbroadcast
06-04 21:50:29.134 28181 28181 I AconfigPackage: com.android.adservices.flags is mapped to com.android.adservices
06-04 21:50:29.134 28181 28181 I AconfigPackage: com.android.sdksandbox.flags is mapped to com.android.adservices
06-04 21:50:29.134 28181 28181 I AconfigPackage: com.android.uwb.flags is mapped to com.android.uwb
06-04 21:50:29.134 28181 28181 I AconfigPackage: com.android.ranging.flags is mapped to com.android.uwb
06-04 21:50:29.135 28181 28181 I AconfigPackage: android.graphics.pdf.flags is mapped to com.android.mediaprovider
06-04 21:50:29.135 28181 28181 I AconfigPackage: com.android.providers.media.flags is mapped to com.android.mediaprovider
06-04 21:50:29.135 28181 28181 I AconfigPackage: android.graphics.pdf.flags.readonly is mapped to com.android.mediaprovider
06-04 21:50:29.135 28181 28181 I AconfigPackage: com.android.tethering.mainline.beta is mapped to com.android.tethering
06-04 21:50:29.135 28181 28181 I AconfigPackage: android.net.http is mapped to com.android.tethering
06-04 21:50:29.135 28181 28181 I AconfigPackage: com.android.tethering.readonly.flags is mapped to com.android.tethering
06-04 21:50:29.135 28181 28181 I AconfigPackage: android.net.vcn is mapped to com.android.tethering
06-04 21:50:29.135 28181 28181 I AconfigPackage: com.android.net.flags is mapped to com.android.tethering
06-04 21:50:29.135 28181 28181 I AconfigPackage: com.android.tethering.beta.test is mapped to com.android.tethering
06-04 21:50:29.135 28181 28181 I AconfigPackage: com.android.nearby.flags is mapped to com.android.tethering
06-04 21:50:29.135 28181 28181 I AconfigPackage: com.android.net.ct.flags is mapped to com.android.tethering
06-04 21:50:29.135 28181 28181 I AconfigPackage: com.android.net.thread.flags is mapped to com.android.tethering
06-04 21:50:29.135 28181 28181 I AconfigPackage: com.android.system.virtualmachine.flags is mapped to com.android.virt
06-04 21:50:29.135 28181 28181 E FeatureFlagsImplExport: android.os.flagging.AconfigStorageReadException: ERROR_PACKAGE_NOT_FOUND: package android.xr cannot be found on the device
06-04 21:50:29.137 28181 28181 D UiAutomationConnection: Created on user UserHandle{0}
06-04 21:50:29.138 28181 28181 I UiAutomation: Initialized for user 0 on display 0
06-04 21:50:29.138 28181 28181 W UiAutomation: Created with deprecatead constructor, assumes DEFAULT_DISPLAY
06-04 21:50:29.138 15424 16296 D AccessibilityManagerService: changeCurrentUserForTestAutomationIfNeededLocked(0): ignoring because device doesn't support visible background users
06-04 21:50:29.138 15424 16296 I UiAutomationManager: Registering UiTestAutomationService (id=com.android.server.accessibility/UiAutomation, flags=0x0) when called by user 0
06-04 21:50:29.139 15424 16296 V AccessibilityManagerService: onUserStateChangedLocked for userId: 0, forceUpdate: false
06-04 21:50:29.143 15424 16296 V AccessibilityUserState: updateShortcutTargets: type:accessibility_shortcut_target_service, current:{}, new:{}
06-04 21:50:29.144 15424 16296 V AccessibilityUserState: updateShortcutTargets: type:accessibility_button_targets, current:{}, new:{}
06-04 21:50:29.144 15424 16296 V AccessibilityUserState: updateShortcutTargets: type:accessibility_gesture_targets, current:{}, new:{}
06-04 21:50:29.144 15424 16296 V AccessibilityUserState: updateShortcutTargets: type:accessibility_qs_targets, current:{}, new:{}
06-04 21:50:29.144 15424 16296 V AccessibilityUserState: updateShortcutTargets: type:accessibility_key_gesture_targets, current:{}, new:{}
06-04 21:50:29.144 15424 16296 W MagnificationConnectionManager: requestConnection duplicated request: connect=false, mConnectionState=DISCONNECTED
06-04 21:50:29.147 17102 17339 I AiAiEcho: Settings changed for uri: content://settings/secure/accessibility_enabled
06-04 21:50:29.150 15424 15424 W libbinder.IPCThreadState: Sending oneway calls to frozen process.
06-04 21:50:29.151 15424 15424 W libbinder.IPCThreadState: Sending oneway calls to frozen process.
06-04 21:50:29.153 15424 16829 V AccessibilityManagerService: onUserStateChangedLocked for userId: 0, forceUpdate: false
06-04 21:50:29.155 15424 16829 V AccessibilityUserState: updateShortcutTargets: type:accessibility_shortcut_target_service, current:{}, new:{}
06-04 21:50:29.155 15424 16829 V AccessibilityUserState: updateShortcutTargets: type:accessibility_button_targets, current:{}, new:{}
06-04 21:50:29.155 15424 16829 V AccessibilityUserState: updateShortcutTargets: type:accessibility_gesture_targets, current:{}, new:{}
06-04 21:50:29.155 15424 16829 V AccessibilityUserState: updateShortcutTargets: type:accessibility_qs_targets, current:{}, new:{}
06-04 21:50:29.155 15424 16829 V AccessibilityUserState: updateShortcutTargets: type:accessibility_key_gesture_targets, current:{}, new:{}
06-04 21:50:29.155 15424 16829 W MagnificationConnectionManager: requestConnection duplicated request: connect=false, mConnectionState=DISCONNECTED
06-04 21:50:29.155 15424 15424 W libbinder.IPCThreadState: Sending oneway calls to frozen process.
06-04 21:50:29.156 15424 15424 W libbinder.IPCThreadState: Sending oneway calls to frozen process.
06-04 21:50:29.156 15424 15424 W libbinder.IPCThreadState: Sending oneway calls to frozen process.
06-04 21:50:29.156 15424 15424 W libbinder.IPCThreadState: Sending oneway calls to frozen process.
06-04 21:50:29.158 15424 15424 W libbinder.IPCThreadState: Sending oneway calls to frozen process.
06-04 21:50:29.158 15424 15424 W libbinder.IPCThreadState: Sending oneway calls to frozen process.
06-04 21:50:29.159 15424 15424 W libbinder.IPCThreadState: Sending oneway calls to frozen process.
06-04 21:50:29.171 15424 15424 W libbinder.IPCThreadState: Sending oneway calls to frozen process.
06-04 21:50:29.174 15424 15424 W libbinder.IPCThreadState: Sending oneway calls to frozen process.
06-04 21:50:29.174 15424 15424 W libbinder.IPCThreadState: Sending oneway calls to frozen process.
06-04 21:50:29.174 15424 15424 W libbinder.IPCThreadState: Sending oneway calls to frozen process.
06-04 21:50:29.174 15424 15424 W libbinder.IPCThreadState: Sending oneway calls to frozen process.
06-04 21:50:29.174 15424 15424 W libbinder.IPCThreadState: Sending oneway calls to frozen process.
06-04 21:50:29.174 15424 15424 W libbinder.IPCThreadState: Sending oneway calls to frozen process.
06-04 21:50:29.174 15424 15424 W libbinder.IPCThreadState: Sending oneway calls to frozen process.
06-04 21:50:29.177 15424 15424 W libbinder.IPCThreadState: Sending oneway calls to frozen process.
06-04 21:50:29.177 15424 15424 W libbinder.IPCThreadState: Sending oneway calls to frozen process.
06-04 21:50:29.178 15424 15424 W libbinder.IPCThreadState: Sending oneway calls to frozen process.
06-04 21:50:29.179 15424 15424 W libbinder.IPCThreadState: Sending oneway calls to frozen process.
06-04 21:50:29.180 15424 15424 W libbinder.IPCThreadState: Sending oneway calls to frozen process.
06-04 21:50:29.180 15424 15424 W libbinder.IPCThreadState: Sending oneway calls to frozen process.
06-04 21:50:29.180 15424 15424 W libbinder.IPCThreadState: Sending oneway calls to frozen process.
06-04 21:50:29.180 15424 15424 W libbinder.IPCThreadState: Sending oneway calls to frozen process.
06-04 21:50:29.181 15424 15424 W libbinder.IPCThreadState: Sending oneway calls to frozen process.
06-04 21:50:29.181 15424 15424 W libbinder.IPCThreadState: Sending oneway calls to frozen process.
06-04 21:50:29.183 15424 16829 D AccessibilityManagerService: .getAccessibilityShortcutTargets {shortcutType=32, userId=0}
06-04 21:50:29.183 15424 15424 W libbinder.IPCThreadState: Sending oneway calls to frozen process.
06-04 21:50:29.183 15424 15424 W libbinder.IPCThreadState: Sending oneway calls to frozen process.
06-04 21:50:29.183 15424 15424 W libbinder.IPCThreadState: Sending oneway calls to frozen process.
06-04 21:50:29.183 15424 15424 D BatterySaverPolicy: accessibility changed to true, updating policy.
06-04 21:50:29.189 17102 17206 I AiAiEcho: Predicting[0]:  [CONTEXT sampling_count=5 ]
06-04 21:50:29.195 17102 17206 I AiAiEcho: EchoTargets: 
06-04 21:50:29.195 17102 17206 I AiAiEcho: Filtered by AiAi flag check: 
06-04 21:50:29.195 17102 17206 I AiAiEcho: [CONTEXT ratelimit_period="10 SECONDS" ]
06-04 21:50:29.195 17102 17206 I AiAiEcho: #remoteViewsTwiddler: feature disabled.
06-04 21:50:29.196 17102 17339 I AiAiEcho: Settings changed for uri: content://settings/secure/accessibility_enabled
06-04 21:50:29.197 17102 17206 I AiAiEcho: Predicting[0]:  [CONTEXT sampling_count=5 ]
06-04 21:50:29.200 17102 17206 I AiAiEcho: EchoTargets: 
06-04 21:50:29.200 17102 17206 I AiAiEcho: Filtered by AiAi flag check: 
06-04 21:50:29.200 17102 17206 I AiAiEcho: [CONTEXT ratelimit_period="10 SECONDS" ]
06-04 21:50:29.200 17102 17206 I AiAiEcho: #remoteViewsTwiddler: feature disabled.
06-04 21:50:29.201 17102 17206 I AiAiEcho: #postPredictionTargets: Sending updates to UISurface lockscreen with targets# 0 (types=[])
06-04 21:50:29.202 15885 15885 W SsPagerDots: Total number of pages invalid: 0. Assuming 1 page.
06-04 21:50:29.203 17102 17206 I AiAiEcho: #postPredictionTargets: Sending updates to UISurface lockscreen with targets# 0 (types=[])
06-04 21:50:29.203 15885 15885 W SsPagerDots: Total number of pages invalid: 0. Assuming 1 page.
06-04 21:50:29.332 27744 27744 V Capacitor/AdMob: Notifying listeners for event interstitialAdLoaded
06-04 21:50:29.332 27744 27744 D Capacitor/AdMob: No listeners found for event interstitialAdLoaded
06-04 21:50:29.347 27744 27744 I Capacitor/Console: File:  - Line 333 - Msg: {"adUnitId":"ca-app-pub-3940256099942544/1033173712"}
06-04 21:50:29.347 27744 27744 I Capacitor/Console: File:  - Line 349 - Msg: [object Object]
06-04 21:50:29.363 27744 27744 V Capacitor/Plugin: To native (Capacitor plugin): callbackId: 31682332, pluginId: AdMob, methodName: showInterstitial
06-04 21:50:29.363 27744 27744 V Capacitor: callback: 31682332, pluginId: AdMob, methodName: showInterstitial, methodData: {}
06-04 21:50:29.378 27744 28077 I CapacitorCookies: Getting cookies at: 'https://googleads.g.doubleclick.net/pagead/interaction/?pa=1&ai=CD1Gys4Ihasm1Fqm4id4Px_XN2Q8Aj_XAmaIJwI23ARABIMLs3CBgnQGIAQGgAfvU0tcDqQJEDym7Yu2nPqgDAaoEuQJP0NUTJHiVaV0gm4tbjmnD2YEykPnZoVzl30U7bqTIvj2PqaJbMZLHjK4TYDv1SvMgtqfxVbTsKk7EtaxxQOjvxgR_l2wI7h6XdIw622nGU9vWtWvv8iw-BUx4q4AzU6CNJ221gdZWQ5g4TUdYSc8XDHsxFj_qeQ53XhIj_z7ycn74FaVSxCHFFeifmY07TSJvXjAJVsH65eNkoZwS43Wg8iow9vRokHxZ2Kk9aTp1Jfrpet4zS1HGbLEPfTRm9eyPQhVcwsuYrbvIk9gGHUvC0KEbG-M9UBQszo-WAwnXk3d3x3xOButP0DUSKgzx8vEH99sAm_RxlJjc5nnz3Sm3usnA1TTFlxItWHkt6whdKwA6swmEPBJvLexoFGC7HBT26y5oN0gzYBpMjoBV2cqBe_nHE5XOgIW4wATPi7aG5wGIBaivteoFkAYBoAY5wAYLgAftqq0omAcBqAf_nrECqAemvhuoB9XJG6gHoQGoB_6esQKoB7atsQKoB6GqsQKoB5m1sQKoB_PRG6gHltgbqAeqm7ECqAffn7ECqAeO3BuoB_a4sQKoB-bUsQKoB4PbsQLYBwGgCOwQsAgC0gg6CJDhgEAQARjfAzIIi4OAgICAgAo6FIDAgICAgAGAwICAgICogAKog4AQSL39wTpYhbjVpN3tlANgAYAKAsgLAaIMFZoBEnNka19ncGhvbmU2NF9hcm02NNoMIQoLENCcocfY-7TApQESAQUyBAoCMjBAAVIDPT4_WgIIDKoNAkNO6g0TCMXg1aTd7ZQDFSlcwgUdx3oz-4IUKxopbW9iaWxlYXBwOjoyLWNvbS5wcm9mZXNzaW9uYmFsbGFyZW5hLmdhbWXQFQGYFgH4FgGAFwGyFx4KGAgAEhRwdWItMzk0MDI1NjA5OTk0MjU0NBgBUASyGAMiAQCaGQcIARoDVVNE&sigh=HhrrRDJxw_U&cid=CAQS8gEAEQoqgeTolXi6-lY-Rc2X9i7yf3W_MdxJOpm3TcVcxiuj9yg1X9QVR-Z8j_9T1kMdrBuPj6QtOt8BxE_V5bb31Fa0s0MYCkzfIfgVrZET7Qt5QchdVLZqMiUZz0Fh4vhyNNQa1Stx2kNHA0p98l01p60Hc0hmKrX3r88gsQzEJ7KWJ2gPFmWUdWEXTXFmQpE9-nm2qEJ2cxC9fv9vfp38HsE2dWTpK3Jl-SHCo7JBLQVZoBcTbUaC7mMopyYHLG4pHLKB6UTBNY0QHGO1Ftyni6vAxFVf3dhadnggUUfsQd1tG6dIMyW3irLwFS2RuTyQMQ&label=admob_mediation_request_fill_result&mediation_fill_status=4665218928925097.0.1527.4665218928925097&ttr=1542&smc_index=0'
06-04 21:50:29.408 15424 16758 V WindowManager: DesktopModeLaunchParamsModifier: phase= 0 task=null activity=null display-area-from-source=DefaultTaskDisplayArea@170746932 display-id=0 task-display-area-windowing-mode=1 suggested-display-area=DefaultTaskDisplayArea@170746932 task null, skipping
06-04 21:50:29.408 15424 16758 V WindowManager: TaskLaunchParamsModifier:phase=0 task=null activity=null display-area-from-source=DefaultTaskDisplayArea@170746932 display-id=0 task-display-area-windowing-mode=1 suggested-display-area=DefaultTaskDisplayArea@170746932
06-04 21:50:29.421 15424 16758 V GrammaticalInflectionUtils: AttributionSource: android.content.AttributionSource@ad8ee3cd does not have READ_SYSTEM_GRAMMATICAL_GENDER permission.
06-04 21:50:29.423 15424 16758 D CompatChangeReporter: Compat change id reported: 358129114; UID 10228; state: ENABLED
06-04 21:50:29.423 15424 16758 V WindowManager: DesktopModeLaunchParamsModifier: phase= 0 task=null activity=ActivityRecord{106777610 u0 com.professionballarena.game/com.google.android.gms.ads.AdActivity display-area-from-source=DefaultTaskDisplayArea@170746932 display-id=0 task-display-area-windowing-mode=1 suggested-display-area=DefaultTaskDisplayArea@170746932 task null, skipping
06-04 21:50:29.425 27744 27752 I nballarena.game: Background young concurrent mark compact GC freed 5160KB AllocSpace bytes, 29(2560KB) LOS objects, 49% free, 8578KB/16MB, paused 2.536ms,2.793ms total 1.128s
06-04 21:50:29.427 15424 16758 V WindowManager: TaskLaunchParamsModifier:phase=0 task=null activity=ActivityRecord{106777610 u0 com.professionballarena.game/com.google.android.gms.ads.AdActivity t-1} display-area-from-source=DefaultTaskDisplayArea@170746932 display-id=0 task-display-area-windowing-mode=1 suggested-display-area=DefaultTaskDisplayArea@170746932
06-04 21:50:29.427 15424 16758 V WindowManager: DesktopModeLaunchParamsModifier: phase= 3 task=Task{8053446 #133 type=standard A=10228:com.professionballarena.game} activity=ActivityRecord{106777610 u0 com.professionballarena.game/com.google.android.gms.ads.AdActivity t-1} display-area-from-source=DefaultTaskDisplayArea@170746932 display-id=0 task-display-area-windowing-mode=1 suggested-display-area=DefaultTaskDisplayArea@170746932 not entering desktop mode, skipping
06-04 21:50:29.428 15424 16758 V WindowManager: TaskLaunchParamsModifier:phase=3 task=Task{8053446 #133 type=standard A=10228:com.professionballarena.game} activity=ActivityRecord{106777610 u0 com.professionballarena.game/com.google.android.gms.ads.AdActivity t-1} display-area-from-source=DefaultTaskDisplayArea@170746932 display-id=0 task-display-area-windowing-mode=1 suggested-display-area=DefaultTaskDisplayArea@170746932 inherit-from-source=fullscreen non-freeform-task-display-area display-area=DefaultTaskDisplayArea@170746932 skip-bounds-fullscreen
06-04 21:50:29.429 15424 16758 V WindowManager: DesktopModeLaunchParamsModifier: phase= 3 task=Task{8053446 #133 type=standard A=10228:com.professionballarena.game} activity=ActivityRecord{106777610 u0 com.professionballarena.game/com.google.android.gms.ads.AdActivity t-1} display-area-from-source=DefaultTaskDisplayArea@170746932 display-id=0 task-display-area-windowing-mode=1 suggested-display-area=DefaultTaskDisplayArea@170746932 not entering desktop mode, skipping
06-04 21:50:29.429 15424 16758 V WindowManager: TaskLaunchParamsModifier:phase=3 task=Task{8053446 #133 type=standard A=10228:com.professionballarena.game} activity=ActivityRecord{106777610 u0 com.professionballarena.game/com.google.android.gms.ads.AdActivity t-1} display-area-from-source=DefaultTaskDisplayArea@170746932 display-id=0 task-display-area-windowing-mode=1 suggested-display-area=DefaultTaskDisplayArea@170746932 inherit-from-source=fullscreen non-freeform-task-display-area display-area=DefaultTaskDisplayArea@170746932 skip-bounds-fullscreen
06-04 21:50:29.429 15424 16758 V WindowManager: DesktopModeLaunchParamsModifier: phase= 3 task=Task{8053446 #133 type=standard A=10228:com.professionballarena.game} activity=ActivityRecord{106777610 u0 com.professionballarena.game/com.google.android.gms.ads.AdActivity t-1} display-area-from-source=DefaultTaskDisplayArea@170746932 display-id=0 task-display-area-windowing-mode=1 suggested-display-area=DefaultTaskDisplayArea@170746932 not entering desktop mode, skipping
06-04 21:50:29.429 15424 16758 V WindowManager: TaskLaunchParamsModifier:phase=3 task=Task{8053446 #133 type=standard A=10228:com.professionballarena.game} activity=ActivityRecord{106777610 u0 com.professionballarena.game/com.google.android.gms.ads.AdActivity t-1} display-area-from-source=DefaultTaskDisplayArea@170746932 display-id=0 task-display-area-windowing-mode=1 suggested-display-area=DefaultTaskDisplayArea@170746932 inherit-from-source=fullscreen non-freeform-task-display-area display-area=DefaultTaskDisplayArea@170746932 skip-bounds-fullscreen
