06-04 21:53:17.664 17102 17665 W AiAiFed : [AiAi SmartSelect FL] Cancelling training failed [mode=FEDERATION, population=aiai/playstore/smartselect/prod/train/en/address-phone-or-pasted-to-non-messaging-apps, session=smartselect/prod/train/en/address-phone-or-pasted-to-non-messaging-apps]
06-04 21:53:17.664 17102 17665 W AiAiFed : aase: UNKNOWN
06-04 21:53:17.664 17102 17665 W AiAiFed : 	at abji.ak(PG:17)
06-04 21:53:17.664 17102 17665 W AiAiFed : 	at aawy.g(PG:1)
06-04 21:53:17.664 17102 17665 W AiAiFed : 	at aawv.a(PG:28)
06-04 21:53:17.664 17102 17665 W AiAiFed : 	at aaxn.run(PG:7)
06-04 21:53:17.664 17102 17665 W AiAiFed : 	at abeh.run(PG:12)
06-04 21:53:17.664 17102 17665 W AiAiFed : 	at java.util.concurrent.ThreadPoolExecutor.runWorker(ThreadPoolExecutor.java:1154)
06-04 21:53:17.664 17102 17665 W AiAiFed : 	at java.util.concurrent.ThreadPoolExecutor$Worker.run(ThreadPoolExecutor.java:652)
06-04 21:53:17.664 17102 17665 W AiAiFed : 	at java.lang.Thread.run(Thread.java:1563)
06-04 21:53:17.664 17102 17665 W AiAiFed : [AiAi SmartSelect FL] Cancelling training failed [mode=FEDERATION, population=aiai/playstore/smartselect/prod/train/en/address-phone-or-selected-in-search-or-browser-apps, session=smartselect/prod/train/en/address-phone-or-selected-in-search-or-browser-apps]
06-04 21:53:17.664 17102 17665 W AiAiFed : java.lang.IllegalArgumentException: Unsupported response code3
06-04 21:53:17.664 17102 17665 W AiAiFed : 	at qlu.run(PG:48)
06-04 21:53:17.664 17102 17665 W AiAiFed : 	at java.util.concurrent.Executors$RunnableAdapter.call(Executors.java:520)
06-04 21:53:17.664 17102 17665 W AiAiFed : 	at java.util.concurrent.FutureTask.run(FutureTask.java:317)
06-04 21:53:17.664 17102 17665 W AiAiFed : 	at java.util.concurrent.ScheduledThreadPoolExecutor$ScheduledFutureTask.run(ScheduledThreadPoolExecutor.java:348)
06-04 21:53:17.664 17102 17665 W AiAiFed : 	at java.util.concurrent.ThreadPoolExecutor.runWorker(ThreadPoolExecutor.java:1154)
06-04 21:53:17.664 17102 17665 W AiAiFed : 	at java.util.concurrent.ThreadPoolExecutor$Worker.run(ThreadPoolExecutor.java:652)
06-04 21:53:17.664 17102 17665 W AiAiFed : 	at java.lang.Thread.run(Thread.java:1563)
06-04 21:53:17.665 17102 17665 W AiAiFed : [AiAi SmartSelect FL] Cancelling training failed [mode=FEDERATION, population=aiai/playstore/smartselect/prod/train/en/address-phone-or-selected-in-search-or-browser-apps, session=smartselect/prod/train/en/address-phone-or-selected-in-search-or-browser-apps]
06-04 21:53:17.665 17102 17665 W AiAiFed : aase: UNKNOWN
06-04 21:53:17.665 17102 17665 W AiAiFed : 	at abji.ak(PG:17)
06-04 21:53:17.665 17102 17665 W AiAiFed : 	at aawy.g(PG:1)
06-04 21:53:17.665 17102 17665 W AiAiFed : 	at aawv.a(PG:28)
06-04 21:53:17.665 17102 17665 W AiAiFed : 	at aaxn.run(PG:7)
06-04 21:53:17.665 17102 17665 W AiAiFed : 	at abeh.run(PG:12)
06-04 21:53:17.665 17102 17665 W AiAiFed : 	at java.util.concurrent.ThreadPoolExecutor.runWorker(ThreadPoolExecutor.java:1154)
06-04 21:53:17.665 17102 17665 W AiAiFed : 	at java.util.concurrent.ThreadPoolExecutor$Worker.run(ThreadPoolExecutor.java:652)
06-04 21:53:17.665 17102 17665 W AiAiFed : 	at java.lang.Thread.run(Thread.java:1563)
06-04 21:53:17.665 17102 17665 W AiAiFed : [AiAi SmartSelect FL] Cancelling training failed [mode=FEDERATION, population=aiai/playstore/smartselect/prod/train/en/all, session=smartselect/prod/train/en/all]
06-04 21:53:17.665 17102 17665 W AiAiFed : java.lang.IllegalArgumentException: Unsupported response code3
06-04 21:53:17.665 17102 17665 W AiAiFed : 	at qlu.run(PG:48)
06-04 21:53:17.665 17102 17665 W AiAiFed : 	at java.util.concurrent.Executors$RunnableAdapter.call(Executors.java:520)
06-04 21:53:17.665 17102 17665 W AiAiFed : 	at java.util.concurrent.FutureTask.run(FutureTask.java:317)
06-04 21:53:17.665 17102 17665 W AiAiFed : 	at java.util.concurrent.ScheduledThreadPoolExecutor$ScheduledFutureTask.run(ScheduledThreadPoolExecutor.java:348)
06-04 21:53:17.665 17102 17665 W AiAiFed : 	at java.util.concurrent.ThreadPoolExecutor.runWorker(ThreadPoolExecutor.java:1154)
06-04 21:53:17.665 17102 17665 W AiAiFed : 	at java.util.concurrent.ThreadPoolExecutor$Worker.run(ThreadPoolExecutor.java:652)
06-04 21:53:17.665 17102 17665 W AiAiFed : 	at java.lang.Thread.run(Thread.java:1563)
06-04 21:53:17.665 17102 17665 W AiAiFed : [AiAi SmartSelect FL] Cancelling training failed [mode=FEDERATION, population=aiai/playstore/smartselect/prod/train/en/all, session=smartselect/prod/train/en/all]
06-04 21:53:17.665 17102 17665 W AiAiFed : aase: UNKNOWN
06-04 21:53:17.665 17102 17665 W AiAiFed : 	at abji.ak(PG:17)
06-04 21:53:17.665 17102 17665 W AiAiFed : 	at aawy.g(PG:1)
06-04 21:53:17.665 17102 17665 W AiAiFed : 	at aawv.a(PG:28)
06-04 21:53:17.665 17102 17665 W AiAiFed : 	at aaxn.run(PG:7)
06-04 21:53:17.665 17102 17665 W AiAiFed : 	at abeh.run(PG:12)
06-04 21:53:17.665 17102 17665 W AiAiFed : 	at java.util.concurrent.ThreadPoolExecutor.runWorker(ThreadPoolExecutor.java:1154)
06-04 21:53:17.665 17102 17665 W AiAiFed : 	at java.util.concurrent.ThreadPoolExecutor$Worker.run(ThreadPoolExecutor.java:652)
06-04 21:53:17.665 17102 17665 W AiAiFed : 	at java.lang.Thread.run(Thread.java:1563)
06-04 21:53:17.665 17102 17665 W AiAiFed : [AiAi SimpleStorage Federated Collection] Cancelling training failed [mode=FEDERATION, population=aiai/playstore/smartselect/train/en/address-or-pasted-to-shopping-apps, session=smartselect/train/en/address-or-pasted-to-shopping-apps]
06-04 21:53:17.665 17102 17665 W AiAiFed : java.lang.IllegalArgumentException: Unsupported response code3
06-04 21:53:17.665 17102 17665 W AiAiFed : 	at qlu.run(PG:48)
06-04 21:53:17.665 17102 17665 W AiAiFed : 	at java.util.concurrent.Executors$RunnableAdapter.call(Executors.java:520)
06-04 21:53:17.665 17102 17665 W AiAiFed : 	at java.util.concurrent.FutureTask.run(FutureTask.java:317)
06-04 21:53:17.665 17102 17665 W AiAiFed : 	at java.util.concurrent.ScheduledThreadPoolExecutor$ScheduledFutureTask.run(ScheduledThreadPoolExecutor.java:348)
06-04 21:53:17.665 17102 17665 W AiAiFed : 	at java.util.concurrent.ThreadPoolExecutor.runWorker(ThreadPoolExecutor.java:1154)
06-04 21:53:17.665 17102 17665 W AiAiFed : 	at java.util.concurrent.ThreadPoolExecutor$Worker.run(ThreadPoolExecutor.java:652)
06-04 21:53:17.665 17102 17665 W AiAiFed : 	at java.lang.Thread.run(Thread.java:1563)
06-04 21:53:17.665 17102 17665 W AiAiFed : [AiAi SimpleStorage Federated Collection] Cancelling training failed [mode=FEDERATION, population=aiai/playstore/smartselect/train/en/address-or-pasted-to-shopping-apps, session=smartselect/train/en/address-or-pasted-to-shopping-apps]
06-04 21:53:17.665 17102 17665 W AiAiFed : aase: UNKNOWN
06-04 21:53:17.665 17102 17665 W AiAiFed : 	at abji.ak(PG:17)
06-04 21:53:17.665 17102 17665 W AiAiFed : 	at aawy.g(PG:1)
06-04 21:53:17.665 17102 17665 W AiAiFed : 	at aawv.a(PG:28)
06-04 21:53:17.665 17102 17665 W AiAiFed : 	at aaxn.run(PG:7)
06-04 21:53:17.665 17102 17665 W AiAiFed : 	at abeh.run(PG:12)
06-04 21:53:17.665 17102 17665 W AiAiFed : 	at java.util.concurrent.ThreadPoolExecutor.runWorker(ThreadPoolExecutor.java:1154)
06-04 21:53:17.665 17102 17665 W AiAiFed : 	at java.util.concurrent.ThreadPoolExecutor$Worker.run(ThreadPoolExecutor.java:652)
06-04 21:53:17.665 17102 17665 W AiAiFed : 	at java.lang.Thread.run(Thread.java:1563)
06-04 21:53:17.665 17102 17665 W AiAiFed : [AiAi SimpleStorage Federated Collection] Cancelling training failed [mode=FEDERATION, population=aiai/playstore/smartselect/train/en/pasted-to-search-or-browser-or-named-entity-apps, session=smartselect/train/en/pasted-to-search-or-browser-or-named-entity-apps]
06-04 21:53:17.665 17102 17665 W AiAiFed : java.lang.IllegalArgumentException: Unsupported response code3
06-04 21:53:17.665 17102 17665 W AiAiFed : 	at qlu.run(PG:48)
06-04 21:53:17.665 17102 17665 W AiAiFed : 	at java.util.concurrent.Executors$RunnableAdapter.call(Executors.java:520)
06-04 21:53:17.665 17102 17665 W AiAiFed : 	at java.util.concurrent.FutureTask.run(FutureTask.java:317)
06-04 21:53:17.665 17102 17665 W AiAiFed : 	at java.util.concurrent.ScheduledThreadPoolExecutor$ScheduledFutureTask.run(ScheduledThreadPoolExecutor.java:348)
06-04 21:53:17.665 17102 17665 W AiAiFed : 	at java.util.concurrent.ThreadPoolExecutor.runWorker(ThreadPoolExecutor.java:1154)
06-04 21:53:17.665 17102 17665 W AiAiFed : 	at java.util.concurrent.ThreadPoolExecutor$Worker.run(ThreadPoolExecutor.java:652)
06-04 21:53:17.665 17102 17665 W AiAiFed : 	at java.lang.Thread.run(Thread.java:1563)
06-04 21:53:17.665 17102 17665 W AiAiFed : [AiAi SimpleStorage Federated Collection] Cancelling training failed [mode=FEDERATION, population=aiai/playstore/smartselect/train/en/pasted-to-search-or-browser-or-named-entity-apps, session=smartselect/train/en/pasted-to-search-or-browser-or-named-entity-apps]
06-04 21:53:17.665 17102 17665 W AiAiFed : aase: UNKNOWN
06-04 21:53:17.665 17102 17665 W AiAiFed : 	at abji.ak(PG:17)
06-04 21:53:17.665 17102 17665 W AiAiFed : 	at aawy.g(PG:1)
06-04 21:53:17.665 17102 17665 W AiAiFed : 	at aawv.a(PG:28)
06-04 21:53:17.665 17102 17665 W AiAiFed : 	at aaxn.run(PG:7)
06-04 21:53:17.665 17102 17665 W AiAiFed : 	at abeh.run(PG:12)
06-04 21:53:17.665 17102 17665 W AiAiFed : 	at java.util.concurrent.ThreadPoolExecutor.runWorker(ThreadPoolExecutor.java:1154)
06-04 21:53:17.665 17102 17665 W AiAiFed : 	at java.util.concurrent.ThreadPoolExecutor$Worker.run(ThreadPoolExecutor.java:652)
06-04 21:53:17.665 17102 17665 W AiAiFed : 	at java.lang.Thread.run(Thread.java:1563)
06-04 21:53:17.665 17102 17665 W AiAiFed : [AiAi SmartSelect FL] Cancelling training failed [mode=FEDERATION, population=aiai/playstore/smartselect/prod/train/en/address-or-pasted-to-shopping-apps, session=smartselect/prod/train/en/address-or-pasted-to-shopping-apps]
06-04 21:53:17.665 17102 17665 W AiAiFed : java.lang.IllegalArgumentException: Unsupported response code3
06-04 21:53:17.665 17102 17665 W AiAiFed : 	at qlu.run(PG:48)
06-04 21:53:17.665 17102 17665 W AiAiFed : 	at java.util.concurrent.Executors$RunnableAdapter.call(Executors.java:520)
06-04 21:53:17.665 17102 17665 W AiAiFed : 	at java.util.concurrent.FutureTask.run(FutureTask.java:317)
06-04 21:53:17.665 17102 17665 W AiAiFed : 	at java.util.concurrent.ScheduledThreadPoolExecutor$ScheduledFutureTask.run(ScheduledThreadPoolExecutor.java:348)
06-04 21:53:17.665 17102 17665 W AiAiFed : 	at java.util.concurrent.ThreadPoolExecutor.runWorker(ThreadPoolExecutor.java:1154)
06-04 21:53:17.665 17102 17665 W AiAiFed : 	at java.util.concurrent.ThreadPoolExecutor$Worker.run(ThreadPoolExecutor.java:652)
06-04 21:53:17.665 17102 17665 W AiAiFed : 	at java.lang.Thread.run(Thread.java:1563)
06-04 21:53:17.665 17102 17665 W AiAiFed : [AiAi SmartSelect FL] Cancelling training failed [mode=FEDERATION, population=aiai/playstore/smartselect/prod/train/en/address-or-pasted-to-shopping-apps, session=smartselect/prod/train/en/address-or-pasted-to-shopping-apps]
06-04 21:53:17.665 17102 17665 W AiAiFed : aase: UNKNOWN
06-04 21:53:17.665 17102 17665 W AiAiFed : 	at abji.ak(PG:17)
06-04 21:53:17.665 17102 17665 W AiAiFed : 	at aawy.g(PG:1)
06-04 21:53:17.665 17102 17665 W AiAiFed : 	at aawv.a(PG:28)
06-04 21:53:17.665 17102 17665 W AiAiFed : 	at aaxn.run(PG:7)
06-04 21:53:17.665 17102 17665 W AiAiFed : 	at abeh.run(PG:12)
06-04 21:53:17.665 17102 17665 W AiAiFed : 	at java.util.concurrent.ThreadPoolExecutor.runWorker(ThreadPoolExecutor.java:1154)
06-04 21:53:17.665 17102 17665 W AiAiFed : 	at java.util.concurrent.ThreadPoolExecutor$Worker.run(ThreadPoolExecutor.java:652)
06-04 21:53:17.665 17102 17665 W AiAiFed : 	at java.lang.Thread.run(Thread.java:1563)
06-04 21:53:17.665 17102 17665 W AiAiFed : [AiAi SmartSelect FL] Cancelling training failed [mode=FEDERATION, population=aiai/playstore/smartselect/prod/train/en/pasted-to-search-or-browser-apps, session=smartselect/prod/train/en/pasted-to-search-or-browser-apps]
06-04 21:53:17.665 17102 17665 W AiAiFed : java.lang.IllegalArgumentException: Unsupported response code3
06-04 21:53:17.665 17102 17665 W AiAiFed : 	at qlu.run(PG:48)
06-04 21:53:17.665 17102 17665 W AiAiFed : 	at java.util.concurrent.Executors$RunnableAdapter.call(Executors.java:520)
06-04 21:53:17.665 17102 17665 W AiAiFed : 	at java.util.concurrent.FutureTask.run(FutureTask.java:317)
06-04 21:53:17.665 17102 17665 W AiAiFed : 	at java.util.concurrent.ScheduledThreadPoolExecutor$ScheduledFutureTask.run(ScheduledThreadPoolExecutor.java:348)
06-04 21:53:17.665 17102 17665 W AiAiFed : 	at java.util.concurrent.ThreadPoolExecutor.runWorker(ThreadPoolExecutor.java:1154)
06-04 21:53:17.665 17102 17665 W AiAiFed : 	at java.util.concurrent.ThreadPoolExecutor$Worker.run(ThreadPoolExecutor.java:652)
06-04 21:53:17.665 17102 17665 W AiAiFed : 	at java.lang.Thread.run(Thread.java:1563)
06-04 21:53:17.665 17102 17665 W AiAiFed : [AiAi SmartSelect FL] Cancelling training failed [mode=FEDERATION, population=aiai/playstore/smartselect/prod/train/en/pasted-to-search-or-browser-apps, session=smartselect/prod/train/en/pasted-to-search-or-browser-apps]
06-04 21:53:17.665 17102 17665 W AiAiFed : aase: UNKNOWN
06-04 21:53:17.665 17102 17665 W AiAiFed : 	at abji.ak(PG:17)
06-04 21:53:17.665 17102 17665 W AiAiFed : 	at aawy.g(PG:1)
06-04 21:53:17.665 17102 17665 W AiAiFed : 	at aawv.a(PG:28)
06-04 21:53:17.665 17102 17665 W AiAiFed : 	at aaxn.run(PG:7)
06-04 21:53:17.665 17102 17665 W AiAiFed : 	at abeh.run(PG:12)
06-04 21:53:17.665 17102 17665 W AiAiFed : 	at java.util.concurrent.ThreadPoolExecutor.runWorker(ThreadPoolExecutor.java:1154)
06-04 21:53:17.665 17102 17665 W AiAiFed : 	at java.util.concurrent.ThreadPoolExecutor$Worker.run(ThreadPoolExecutor.java:652)
06-04 21:53:17.665 17102 17665 W AiAiFed : 	at java.lang.Thread.run(Thread.java:1563)
06-04 21:53:17.665 17102 17665 W AiAiFed : [AiAi SmartSelect FL] Cancelling training failed [mode=FEDERATION, population=aiai/playstore/smartselect/prod/train/en/pasted-to-maps-apps, session=smartselect/prod/train/en/pasted-to-maps-apps]
06-04 21:53:17.665 17102 17665 W AiAiFed : java.lang.IllegalArgumentException: Unsupported response code3
06-04 21:53:17.665 17102 17665 W AiAiFed : 	at qlu.run(PG:48)
06-04 21:53:17.665 17102 17665 W AiAiFed : 	at java.util.concurrent.Executors$RunnableAdapter.call(Executors.java:520)
06-04 21:53:17.665 17102 17665 W AiAiFed : 	at java.util.concurrent.FutureTask.run(FutureTask.java:317)
06-04 21:53:17.665 17102 17665 W AiAiFed : 	at java.util.concurrent.ScheduledThreadPoolExecutor$ScheduledFutureTask.run(ScheduledThreadPoolExecutor.java:348)
06-04 21:53:17.665 17102 17665 W AiAiFed : 	at java.util.concurrent.ThreadPoolExecutor.runWorker(ThreadPoolExecutor.java:1154)
06-04 21:53:17.665 17102 17665 W AiAiFed : 	at java.util.concurrent.ThreadPoolExecutor$Worker.run(ThreadPoolExecutor.java:652)
06-04 21:53:17.665 17102 17665 W AiAiFed : 	at java.lang.Thread.run(Thread.java:1563)
06-04 21:53:17.665 17102 17665 W AiAiFed : [AiAi SmartSelect FL] Cancelling training failed [mode=FEDERATION, population=aiai/playstore/smartselect/prod/train/en/pasted-to-maps-apps, session=smartselect/prod/train/en/pasted-to-maps-apps]
06-04 21:53:17.665 17102 17665 W AiAiFed : aase: UNKNOWN
06-04 21:53:17.665 17102 17665 W AiAiFed : 	at abji.ak(PG:17)
06-04 21:53:17.665 17102 17665 W AiAiFed : 	at aawy.g(PG:1)
06-04 21:53:17.665 17102 17665 W AiAiFed : 	at aawv.a(PG:28)
06-04 21:53:17.665 17102 17665 W AiAiFed : 	at aaxn.run(PG:7)
06-04 21:53:17.665 17102 17665 W AiAiFed : 	at abeh.run(PG:12)
06-04 21:53:17.665 17102 17665 W AiAiFed : 	at java.util.concurrent.ThreadPoolExecutor.runWorker(ThreadPoolExecutor.java:1154)
06-04 21:53:17.665 17102 17665 W AiAiFed : 	at java.util.concurrent.ThreadPoolExecutor$Worker.run(ThreadPoolExecutor.java:652)
06-04 21:53:17.665 17102 17665 W AiAiFed : 	at java.lang.Thread.run(Thread.java:1563)
06-04 21:53:17.665 17102 17665 W AiAiFed : [AiAi SmartSelect FL] Cancelling training failed [mode=FEDERATION, population=aiai/playstore/smartselect/prod/train/en/phone, session=smartselect/prod/train/en/phone]
06-04 21:53:17.665 17102 17665 W AiAiFed : java.lang.IllegalArgumentException: Unsupported response code3
06-04 21:53:17.665 17102 17665 W AiAiFed : 	at qlu.run(PG:48)
06-04 21:53:17.665 17102 17665 W AiAiFed : 	at java.util.concurrent.Executors$RunnableAdapter.call(Executors.java:520)
06-04 21:53:17.665 17102 17665 W AiAiFed : 	at java.util.concurrent.FutureTask.run(FutureTask.java:317)
06-04 21:53:17.665 17102 17665 W AiAiFed : 	at java.util.concurrent.ScheduledThreadPoolExecutor$ScheduledFutureTask.run(ScheduledThreadPoolExecutor.java:348)
06-04 21:53:17.665 17102 17665 W AiAiFed : 	at java.util.concurrent.ThreadPoolExecutor.runWorker(ThreadPoolExecutor.java:1154)
06-04 21:53:17.665 17102 17665 W AiAiFed : 	at java.util.concurrent.ThreadPoolExecutor$Worker.run(ThreadPoolExecutor.java:652)
06-04 21:53:17.665 17102 17665 W AiAiFed : 	at java.lang.Thread.run(Thread.java:1563)
06-04 21:53:17.665 17102 17665 W AiAiFed : [AiAi SmartSelect FL] Cancelling training failed [mode=FEDERATION, population=aiai/playstore/smartselect/prod/train/en/phone, session=smartselect/prod/train/en/phone]
06-04 21:53:17.665 17102 17665 W AiAiFed : aase: UNKNOWN
06-04 21:53:17.665 17102 17665 W AiAiFed : 	at abji.ak(PG:17)
06-04 21:53:17.665 17102 17665 W AiAiFed : 	at aawy.g(PG:1)
06-04 21:53:17.665 17102 17665 W AiAiFed : 	at aawv.a(PG:28)
06-04 21:53:17.665 17102 17665 W AiAiFed : 	at aaxn.run(PG:7)
06-04 21:53:17.665 17102 17665 W AiAiFed : 	at abeh.run(PG:12)
06-04 21:53:17.665 17102 17665 W AiAiFed : 	at java.util.concurrent.ThreadPoolExecutor.runWorker(ThreadPoolExecutor.java:1154)
06-04 21:53:17.665 17102 17665 W AiAiFed : 	at java.util.concurrent.ThreadPoolExecutor$Worker.run(ThreadPoolExecutor.java:652)
06-04 21:53:17.665 17102 17665 W AiAiFed : 	at java.lang.Thread.run(Thread.java:1563)
06-04 21:53:17.665 17102 17665 W AiAiFed : [AiAi SimpleStorage Federated Collection] Cancelling training failed [mode=FEDERATION, population=aiai/playstore/smartselect/train/en/pasted-to-shopping-apps, session=smartselect/train/en/pasted-to-shopping-apps]
06-04 21:53:17.665 17102 17665 W AiAiFed : java.lang.IllegalArgumentException: Unsupported response code3
06-04 21:53:17.665 17102 17665 W AiAiFed : 	at qlu.run(PG:48)
06-04 21:53:17.665 17102 17665 W AiAiFed : 	at java.util.concurrent.Executors$RunnableAdapter.call(Executors.java:520)
06-04 21:53:17.665 17102 17665 W AiAiFed : 	at java.util.concurrent.FutureTask.run(FutureTask.java:317)
06-04 21:53:17.665 17102 17665 W AiAiFed : 	at java.util.concurrent.ScheduledThreadPoolExecutor$ScheduledFutureTask.run(ScheduledThreadPoolExecutor.java:348)
06-04 21:53:17.665 17102 17665 W AiAiFed : 	at java.util.concurrent.ThreadPoolExecutor.runWorker(ThreadPoolExecutor.java:1154)
06-04 21:53:17.665 17102 17665 W AiAiFed : 	at java.util.concurrent.ThreadPoolExecutor$Worker.run(ThreadPoolExecutor.java:652)
06-04 21:53:17.665 17102 17665 W AiAiFed : 	at java.lang.Thread.run(Thread.java:1563)
06-04 21:53:17.665 17102 17665 W AiAiFed : [AiAi SimpleStorage Federated Collection] Cancelling training failed [mode=FEDERATION, population=aiai/playstore/smartselect/train/en/pasted-to-shopping-apps, session=smartselect/train/en/pasted-to-shopping-apps]
06-04 21:53:17.665 17102 17665 W AiAiFed : aase: UNKNOWN
06-04 21:53:17.665 17102 17665 W AiAiFed : 	at abji.ak(PG:17)
06-04 21:53:17.665 17102 17665 W AiAiFed : 	at aawy.g(PG:1)
06-04 21:53:17.665 17102 17665 W AiAiFed : 	at aawv.a(PG:28)
06-04 21:53:17.665 17102 17665 W AiAiFed : 	at aaxn.run(PG:7)
06-04 21:53:17.665 17102 17665 W AiAiFed : 	at abeh.run(PG:12)
06-04 21:53:17.665 17102 17665 W AiAiFed : 	at java.util.concurrent.ThreadPoolExecutor.runWorker(ThreadPoolExecutor.java:1154)
06-04 21:53:17.665 17102 17665 W AiAiFed : 	at java.util.concurrent.ThreadPoolExecutor$Worker.run(ThreadPoolExecutor.java:652)
06-04 21:53:17.665 17102 17665 W AiAiFed : 	at java.lang.Thread.run(Thread.java:1563)
06-04 21:53:17.665 17102 17665 W AiAiFed : [AiAi SimpleStorage Federated Collection] Cancelling training failed [mode=FEDERATION, population=aiai/playstore/smartselect/train/en/pasted-to-maps-apps, session=smartselect/train/en/pasted-to-maps-apps]
06-04 21:53:17.665 17102 17665 W AiAiFed : java.lang.IllegalArgumentException: Unsupported response code3
06-04 21:53:17.665 17102 17665 W AiAiFed : 	at qlu.run(PG:48)
06-04 21:53:17.665 17102 17665 W AiAiFed : 	at java.util.concurrent.Executors$RunnableAdapter.call(Executors.java:520)
06-04 21:53:17.665 17102 17665 W AiAiFed : 	at java.util.concurrent.FutureTask.run(FutureTask.java:317)
06-04 21:53:17.665 17102 17665 W AiAiFed : 	at java.util.concurrent.ScheduledThreadPoolExecutor$ScheduledFutureTask.run(ScheduledThreadPoolExecutor.java:348)
06-04 21:53:17.665 17102 17665 W AiAiFed : 	at java.util.concurrent.ThreadPoolExecutor.runWorker(ThreadPoolExecutor.java:1154)
06-04 21:53:17.665 17102 17665 W AiAiFed : 	at java.util.concurrent.ThreadPoolExecutor$Worker.run(ThreadPoolExecutor.java:652)
06-04 21:53:17.665 17102 17665 W AiAiFed : 	at java.lang.Thread.run(Thread.java:1563)
06-04 21:53:17.665 17102 17665 W AiAiFed : [AiAi SimpleStorage Federated Collection] Cancelling training failed [mode=FEDERATION, population=aiai/playstore/smartselect/train/en/pasted-to-maps-apps, session=smartselect/train/en/pasted-to-maps-apps]
06-04 21:53:17.665 17102 17665 W AiAiFed : aase: UNKNOWN
06-04 21:53:17.665 17102 17665 W AiAiFed : 	at abji.ak(PG:17)
06-04 21:53:17.665 17102 17665 W AiAiFed : 	at aawy.g(PG:1)
06-04 21:53:17.665 17102 17665 W AiAiFed : 	at aawv.a(PG:28)
06-04 21:53:17.665 17102 17665 W AiAiFed : 	at aaxn.run(PG:7)
06-04 21:53:17.665 17102 17665 W AiAiFed : 	at abeh.run(PG:12)
06-04 21:53:17.665 17102 17665 W AiAiFed : 	at java.util.concurrent.ThreadPoolExecutor.runWorker(ThreadPoolExecutor.java:1154)
06-04 21:53:17.665 17102 17665 W AiAiFed : 	at java.util.concurrent.ThreadPoolExecutor$Worker.run(ThreadPoolExecutor.java:652)
06-04 21:53:17.665 17102 17665 W AiAiFed : 	at java.lang.Thread.run(Thread.java:1563)
06-04 21:53:17.665 17102 17665 W AiAiFed : [AiAi SimpleStorage Federated Collection] Cancelling training failed [mode=FEDERATION, population=aiai/playstore/smartselect/train/en/address-phone-or-pasted-to-either-apps, session=smartselect/train/en/address-phone-or-pasted-to-either-apps]
06-04 21:53:17.665 17102 17665 W AiAiFed : java.lang.IllegalArgumentException: Unsupported response code3
06-04 21:53:17.665 17102 17665 W AiAiFed : 	at qlu.run(PG:48)
06-04 21:53:17.665 17102 17665 W AiAiFed : 	at java.util.concurrent.Executors$RunnableAdapter.call(Executors.java:520)
06-04 21:53:17.665 17102 17665 W AiAiFed : 	at java.util.concurrent.FutureTask.run(FutureTask.java:317)
06-04 21:53:17.665 17102 17665 W AiAiFed : 	at java.util.concurrent.ScheduledThreadPoolExecutor$ScheduledFutureTask.run(ScheduledThreadPoolExecutor.java:348)
06-04 21:53:17.665 17102 17665 W AiAiFed : 	at java.util.concurrent.ThreadPoolExecutor.runWorker(ThreadPoolExecutor.java:1154)
06-04 21:53:17.665 17102 17665 W AiAiFed : 	at java.util.concurrent.ThreadPoolExecutor$Worker.run(ThreadPoolExecutor.java:652)
06-04 21:53:17.665 17102 17665 W AiAiFed : 	at java.lang.Thread.run(Thread.java:1563)
06-04 21:53:17.665 17102 17665 W AiAiFed : [AiAi SimpleStorage Federated Collection] Cancelling training failed [mode=FEDERATION, population=aiai/playstore/smartselect/train/en/address-phone-or-pasted-to-either-apps, session=smartselect/train/en/address-phone-or-pasted-to-either-apps]
06-04 21:53:17.665 17102 17665 W AiAiFed : aase: UNKNOWN
06-04 21:53:17.665 17102 17665 W AiAiFed : 	at abji.ak(PG:17)
06-04 21:53:17.665 17102 17665 W AiAiFed : 	at aawy.g(PG:1)
06-04 21:53:17.665 17102 17665 W AiAiFed : 	at aawv.a(PG:28)
06-04 21:53:17.665 17102 17665 W AiAiFed : 	at aaxn.run(PG:7)
06-04 21:53:17.665 17102 17665 W AiAiFed : 	at abeh.run(PG:12)
06-04 21:53:17.665 17102 17665 W AiAiFed : 	at java.util.concurrent.ThreadPoolExecutor.runWorker(ThreadPoolExecutor.java:1154)
06-04 21:53:17.665 17102 17665 W AiAiFed : 	at java.util.concurrent.ThreadPoolExecutor$Worker.run(ThreadPoolExecutor.java:652)
06-04 21:53:17.665 17102 17665 W AiAiFed : 	at java.lang.Thread.run(Thread.java:1563)
06-04 21:53:17.666 17102 17665 W AiAiFed : [AiAi SimpleStorage Federated Collection] Cancelling training failed [mode=FEDERATION, population=aiai/playstore/smartselect/train/en/address-phone-or-pasted-to-non-messaging-apps, session=smartselect/train/en/address-phone-or-pasted-to-non-messaging-apps]
06-04 21:53:17.666 17102 17665 W AiAiFed : java.lang.IllegalArgumentException: Unsupported response code3
06-04 21:53:17.666 17102 17665 W AiAiFed : 	at qlu.run(PG:48)
06-04 21:53:17.666 17102 17665 W AiAiFed : 	at java.util.concurrent.Executors$RunnableAdapter.call(Executors.java:520)
06-04 21:53:17.666 17102 17665 W AiAiFed : 	at java.util.concurrent.FutureTask.run(FutureTask.java:317)
06-04 21:53:17.666 17102 17665 W AiAiFed : 	at java.util.concurrent.ScheduledThreadPoolExecutor$ScheduledFutureTask.run(ScheduledThreadPoolExecutor.java:348)
06-04 21:53:17.666 17102 17665 W AiAiFed : 	at java.util.concurrent.ThreadPoolExecutor.runWorker(ThreadPoolExecutor.java:1154)
06-04 21:53:17.666 17102 17665 W AiAiFed : 	at java.util.concurrent.ThreadPoolExecutor$Worker.run(ThreadPoolExecutor.java:652)
06-04 21:53:17.666 17102 17665 W AiAiFed : 	at java.lang.Thread.run(Thread.java:1563)
06-04 21:53:17.666 17102 17665 W AiAiFed : [AiAi SimpleStorage Federated Collection] Cancelling training failed [mode=FEDERATION, population=aiai/playstore/smartselect/train/en/address-phone-or-pasted-to-non-messaging-apps, session=smartselect/train/en/address-phone-or-pasted-to-non-messaging-apps]
06-04 21:53:17.666 17102 17665 W AiAiFed : aase: UNKNOWN
06-04 21:53:17.666 17102 17665 W AiAiFed : 	at abji.ak(PG:17)
06-04 21:53:17.666 17102 17665 W AiAiFed : 	at aawy.g(PG:1)
06-04 21:53:17.666 17102 17665 W AiAiFed : 	at aawv.a(PG:28)
06-04 21:53:17.666 17102 17665 W AiAiFed : 	at aaxn.run(PG:7)
06-04 21:53:17.666 17102 17665 W AiAiFed : 	at abeh.run(PG:12)
06-04 21:53:17.666 17102 17665 W AiAiFed : 	at java.util.concurrent.ThreadPoolExecutor.runWorker(ThreadPoolExecutor.java:1154)
06-04 21:53:17.666 17102 17665 W AiAiFed : 	at java.util.concurrent.ThreadPoolExecutor$Worker.run(ThreadPoolExecutor.java:652)
06-04 21:53:17.666 17102 17665 W AiAiFed : 	at java.lang.Thread.run(Thread.java:1563)
06-04 21:53:17.666 17102 17665 W AiAiFed : [AiAi SimpleStorage Federated Collection] Cancelling training failed [mode=FEDERATION, population=aiai/playstore/smartselect/train/en/all-non-url-email-cut, session=smartselect/train/en/all-non-url-email-cut]
06-04 21:53:17.666 17102 17665 W AiAiFed : java.lang.IllegalArgumentException: Unsupported response code3
06-04 21:53:17.666 17102 17665 W AiAiFed : 	at qlu.run(PG:48)
06-04 21:53:17.666 17102 17665 W AiAiFed : 	at java.util.concurrent.Executors$RunnableAdapter.call(Executors.java:520)
06-04 21:53:17.666 17102 17665 W AiAiFed : 	at java.util.concurrent.FutureTask.run(FutureTask.java:317)
06-04 21:53:17.666 17102 17665 W AiAiFed : 	at java.util.concurrent.ScheduledThreadPoolExecutor$ScheduledFutureTask.run(ScheduledThreadPoolExecutor.java:348)
06-04 21:53:17.666 17102 17665 W AiAiFed : 	at java.util.concurrent.ThreadPoolExecutor.runWorker(ThreadPoolExecutor.java:1154)
06-04 21:53:17.666 17102 17665 W AiAiFed : 	at java.util.concurrent.ThreadPoolExecutor$Worker.run(ThreadPoolExecutor.java:652)
06-04 21:53:17.666 17102 17665 W AiAiFed : 	at java.lang.Thread.run(Thread.java:1563)
06-04 21:53:17.666 17102 17665 W AiAiFed : [AiAi SimpleStorage Federated Collection] Cancelling training failed [mode=FEDERATION, population=aiai/playstore/smartselect/train/en/all-non-url-email-cut, session=smartselect/train/en/all-non-url-email-cut]
06-04 21:53:17.666 17102 17665 W AiAiFed : aase: UNKNOWN
06-04 21:53:17.666 17102 17665 W AiAiFed : 	at abji.ak(PG:17)
06-04 21:53:17.666 17102 17665 W AiAiFed : 	at aawy.g(PG:1)
06-04 21:53:17.666 17102 17665 W AiAiFed : 	at aawv.a(PG:28)
06-04 21:53:17.666 17102 17665 W AiAiFed : 	at aaxn.run(PG:7)
06-04 21:53:17.666 17102 17665 W AiAiFed : 	at abeh.run(PG:12)
06-04 21:53:17.666 17102 17665 W AiAiFed : 	at java.util.concurrent.ThreadPoolExecutor.runWorker(ThreadPoolExecutor.java:1154)
06-04 21:53:17.666 17102 17665 W AiAiFed : 	at java.util.concurrent.ThreadPoolExecutor$Worker.run(ThreadPoolExecutor.java:652)
06-04 21:53:17.666 17102 17665 W AiAiFed : 	at java.lang.Thread.run(Thread.java:1563)
06-04 21:53:17.666 17102 17665 W AiAiFed : [AiAi SimpleStorage Federated Collection] Cancelling training failed [mode=FEDERATION, population=aiai/playstore/smartselect/train/en/phone-or-pasted-to-dialer-apps, session=smartselect/train/en/phone-or-pasted-to-dialer-apps]
06-04 21:53:17.666 17102 17665 W AiAiFed : java.lang.IllegalArgumentException: Unsupported response code3
06-04 21:53:17.666 17102 17665 W AiAiFed : 	at qlu.run(PG:48)
06-04 21:53:17.666 17102 17665 W AiAiFed : 	at java.util.concurrent.Executors$RunnableAdapter.call(Executors.java:520)
06-04 21:53:17.666 17102 17665 W AiAiFed : 	at java.util.concurrent.FutureTask.run(FutureTask.java:317)
06-04 21:53:17.666 17102 17665 W AiAiFed : 	at java.util.concurrent.ScheduledThreadPoolExecutor$ScheduledFutureTask.run(ScheduledThreadPoolExecutor.java:348)
06-04 21:53:17.666 17102 17665 W AiAiFed : 	at java.util.concurrent.ThreadPoolExecutor.runWorker(ThreadPoolExecutor.java:1154)
06-04 21:53:17.666 17102 17665 W AiAiFed : 	at java.util.concurrent.ThreadPoolExecutor$Worker.run(ThreadPoolExecutor.java:652)
06-04 21:53:17.666 17102 17665 W AiAiFed : 	at java.lang.Thread.run(Thread.java:1563)
06-04 21:53:17.666 17102 17665 W AiAiFed : [AiAi SimpleStorage Federated Collection] Cancelling training failed [mode=FEDERATION, population=aiai/playstore/smartselect/train/en/phone-or-pasted-to-dialer-apps, session=smartselect/train/en/phone-or-pasted-to-dialer-apps]
06-04 21:53:17.666 17102 17665 W AiAiFed : aase: UNKNOWN
06-04 21:53:17.666 17102 17665 W AiAiFed : 	at abji.ak(PG:17)
06-04 21:53:17.666 17102 17665 W AiAiFed : 	at aawy.g(PG:1)
06-04 21:53:17.666 17102 17665 W AiAiFed : 	at aawv.a(PG:28)
06-04 21:53:17.666 17102 17665 W AiAiFed : 	at aaxn.run(PG:7)
06-04 21:53:17.666 17102 17665 W AiAiFed : 	at abeh.run(PG:12)
06-04 21:53:17.666 17102 17665 W AiAiFed : 	at java.util.concurrent.ThreadPoolExecutor.runWorker(ThreadPoolExecutor.java:1154)
06-04 21:53:17.666 17102 17665 W AiAiFed : 	at java.util.concurrent.ThreadPoolExecutor$Worker.run(ThreadPoolExecutor.java:652)
06-04 21:53:17.666 17102 17665 W AiAiFed : 	at java.lang.Thread.run(Thread.java:1563)
06-04 21:53:17.666 17102 17665 W AiAiFed : [AiAi SimpleStorage Federated Collection] Cancelling training failed [mode=FEDERATION, population=aiai/playstore/smartselect/train/en/all, session=smartselect/train/en/all]
06-04 21:53:17.666 17102 17665 W AiAiFed : java.lang.IllegalArgumentException: Unsupported response code3
06-04 21:53:17.666 17102 17665 W AiAiFed : 	at qlu.run(PG:48)
06-04 21:53:17.666 17102 17665 W AiAiFed : 	at java.util.concurrent.Executors$RunnableAdapter.call(Executors.java:520)
06-04 21:53:17.666 17102 17665 W AiAiFed : 	at java.util.concurrent.FutureTask.run(FutureTask.java:317)
06-04 21:53:17.666 17102 17665 W AiAiFed : 	at java.util.concurrent.ScheduledThreadPoolExecutor$ScheduledFutureTask.run(ScheduledThreadPoolExecutor.java:348)
06-04 21:53:17.666 17102 17665 W AiAiFed : 	at java.util.concurrent.ThreadPoolExecutor.runWorker(ThreadPoolExecutor.java:1154)
06-04 21:53:17.666 17102 17665 W AiAiFed : 	at java.util.concurrent.ThreadPoolExecutor$Worker.run(ThreadPoolExecutor.java:652)
06-04 21:53:17.666 17102 17665 W AiAiFed : 	at java.lang.Thread.run(Thread.java:1563)
06-04 21:53:17.666 17102 17665 W AiAiFed : [AiAi SimpleStorage Federated Collection] Cancelling training failed [mode=FEDERATION, population=aiai/playstore/smartselect/train/en/all, session=smartselect/train/en/all]
06-04 21:53:17.666 17102 17665 W AiAiFed : aase: UNKNOWN
06-04 21:53:17.666 17102 17665 W AiAiFed : 	at abji.ak(PG:17)
06-04 21:53:17.666 17102 17665 W AiAiFed : 	at aawy.g(PG:1)
06-04 21:53:17.666 17102 17665 W AiAiFed : 	at aawv.a(PG:28)
06-04 21:53:17.666 17102 17665 W AiAiFed : 	at aaxn.run(PG:7)
06-04 21:53:17.666 17102 17665 W AiAiFed : 	at abeh.run(PG:12)
06-04 21:53:17.666 17102 17665 W AiAiFed : 	at java.util.concurrent.ThreadPoolExecutor.runWorker(ThreadPoolExecutor.java:1154)
06-04 21:53:17.666 17102 17665 W AiAiFed : 	at java.util.concurrent.ThreadPoolExecutor$Worker.run(ThreadPoolExecutor.java:652)
06-04 21:53:17.666 17102 17665 W AiAiFed : 	at java.lang.Thread.run(Thread.java:1563)
06-04 21:53:17.666 17102 17665 W AiAiFed : [AiAi SimpleStorage Federated Collection] Cancelling training failed [mode=FEDERATION, population=aiai/playstore/smartselect/train/en/address-phone-other-nonsentences, session=smartselect/train/en/address-phone-other-nonsentences]
06-04 21:53:17.666 17102 17665 W AiAiFed : java.lang.IllegalArgumentException: Unsupported response code3
06-04 21:53:17.666 17102 17665 W AiAiFed : 	at qlu.run(PG:48)
06-04 21:53:17.666 17102 17665 W AiAiFed : 	at java.util.concurrent.Executors$RunnableAdapter.call(Executors.java:520)
06-04 21:53:17.666 17102 17665 W AiAiFed : 	at java.util.concurrent.FutureTask.run(FutureTask.java:317)
06-04 21:53:17.666 17102 17665 W AiAiFed : 	at java.util.concurrent.ScheduledThreadPoolExecutor$ScheduledFutureTask.run(ScheduledThreadPoolExecutor.java:348)
06-04 21:53:17.666 17102 17665 W AiAiFed : 	at java.util.concurrent.ThreadPoolExecutor.runWorker(ThreadPoolExecutor.java:1154)
06-04 21:53:17.666 17102 17665 W AiAiFed : 	at java.util.concurrent.ThreadPoolExecutor$Worker.run(ThreadPoolExecutor.java:652)
06-04 21:53:17.666 17102 17665 W AiAiFed : 	at java.lang.Thread.run(Thread.java:1563)
06-04 21:53:17.666 17102 17665 W AiAiFed : [AiAi SimpleStorage Federated Collection] Cancelling training failed [mode=FEDERATION, population=aiai/playstore/smartselect/train/en/address-phone-other-nonsentences, session=smartselect/train/en/address-phone-other-nonsentences]
06-04 21:53:17.666 17102 17665 W AiAiFed : aase: UNKNOWN
06-04 21:53:17.666 17102 17665 W AiAiFed : 	at abji.ak(PG:17)
06-04 21:53:17.666 17102 17665 W AiAiFed : 	at aawy.g(PG:1)
06-04 21:53:17.666 17102 17665 W AiAiFed : 	at aawv.a(PG:28)
06-04 21:53:17.666 17102 17665 W AiAiFed : 	at aaxn.run(PG:7)
06-04 21:53:17.666 17102 17665 W AiAiFed : 	at abeh.run(PG:12)
06-04 21:53:17.666 17102 17665 W AiAiFed : 	at java.util.concurrent.ThreadPoolExecutor.runWorker(ThreadPoolExecutor.java:1154)
06-04 21:53:17.666 17102 17665 W AiAiFed : 	at java.util.concurrent.ThreadPoolExecutor$Worker.run(ThreadPoolExecutor.java:652)
06-04 21:53:17.666 17102 17665 W AiAiFed : 	at java.lang.Thread.run(Thread.java:1563)
06-04 21:53:17.666 17102 17665 W AiAiFed : [AiAi SmartSelect FL] Cancelling training failed [mode=FEDERATION, population=aiai/playstore/smartselect/prod/train/en/pasted-to-named-entity-apps, session=smartselect/prod/train/en/pasted-to-named-entity-apps]
06-04 21:53:17.666 17102 17665 W AiAiFed : java.lang.IllegalArgumentException: Unsupported response code3
06-04 21:53:17.666 17102 17665 W AiAiFed : 	at qlu.run(PG:48)
06-04 21:53:17.666 17102 17665 W AiAiFed : 	at java.util.concurrent.Executors$RunnableAdapter.call(Executors.java:520)
06-04 21:53:17.666 17102 17665 W AiAiFed : 	at java.util.concurrent.FutureTask.run(FutureTask.java:317)
06-04 21:53:17.666 17102 17665 W AiAiFed : 	at java.util.concurrent.ScheduledThreadPoolExecutor$ScheduledFutureTask.run(ScheduledThreadPoolExecutor.java:348)
06-04 21:53:17.666 17102 17665 W AiAiFed : 	at java.util.concurrent.ThreadPoolExecutor.runWorker(ThreadPoolExecutor.java:1154)
06-04 21:53:17.666 17102 17665 W AiAiFed : 	at java.util.concurrent.ThreadPoolExecutor$Worker.run(ThreadPoolExecutor.java:652)
06-04 21:53:17.666 17102 17665 W AiAiFed : 	at java.lang.Thread.run(Thread.java:1563)
06-04 21:53:17.666 17102 17665 W AiAiFed : [AiAi SmartSelect FL] Cancelling training failed [mode=FEDERATION, population=aiai/playstore/smartselect/prod/train/en/pasted-to-named-entity-apps, session=smartselect/prod/train/en/pasted-to-named-entity-apps]
06-04 21:53:17.666 17102 17665 W AiAiFed : aase: UNKNOWN
06-04 21:53:17.666 17102 17665 W AiAiFed : 	at abji.ak(PG:17)
06-04 21:53:17.666 17102 17665 W AiAiFed : 	at aawy.g(PG:1)
06-04 21:53:17.666 17102 17665 W AiAiFed : 	at aawv.a(PG:28)
06-04 21:53:17.666 17102 17665 W AiAiFed : 	at aaxn.run(PG:7)
06-04 21:53:17.666 17102 17665 W AiAiFed : 	at abeh.run(PG:12)
06-04 21:53:17.666 17102 17665 W AiAiFed : 	at java.util.concurrent.ThreadPoolExecutor.runWorker(ThreadPoolExecutor.java:1154)
06-04 21:53:17.666 17102 17665 W AiAiFed : 	at java.util.concurrent.ThreadPoolExecutor$Worker.run(ThreadPoolExecutor.java:652)
06-04 21:53:17.666 17102 17665 W AiAiFed : 	at java.lang.Thread.run(Thread.java:1563)
06-04 21:53:17.666 28733 28733 I cr_CompositorSurfaceMgr: surfaceCreated format: 0
06-04 21:53:17.666 17102 17665 W AiAiFed : [AiAi SmartSelect FL] Cancelling training failed [mode=FEDERATION, population=aiai/playstore/smartselect/prod/train/en/address-phone, session=smartselect/prod/train/en/address-phone]
06-04 21:53:17.666 17102 17665 W AiAiFed : java.lang.IllegalArgumentException: Unsupported response code3
06-04 21:53:17.666 17102 17665 W AiAiFed : 	at qlu.run(PG:48)
06-04 21:53:17.666 17102 17665 W AiAiFed : 	at java.util.concurrent.Executors$RunnableAdapter.call(Executors.java:520)
06-04 21:53:17.666 17102 17665 W AiAiFed : 	at java.util.concurrent.FutureTask.run(FutureTask.java:317)
06-04 21:53:17.666 17102 17665 W AiAiFed : 	at java.util.concurrent.ScheduledThreadPoolExecutor$ScheduledFutureTask.run(ScheduledThreadPoolExecutor.java:348)
06-04 21:53:17.666 17102 17665 W AiAiFed : 	at java.util.concurrent.ThreadPoolExecutor.runWorker(ThreadPoolExecutor.java:1154)
06-04 21:53:17.666 17102 17665 W AiAiFed : 	at java.util.concurrent.ThreadPoolExecutor$Worker.run(ThreadPoolExecutor.java:652)
06-04 21:53:17.666 17102 17665 W AiAiFed : 	at java.lang.Thread.run(Thread.java:1563)
06-04 21:53:17.666 17102 17665 W AiAiFed : [AiAi SmartSelect FL] Cancelling training failed [mode=FEDERATION, population=aiai/playstore/smartselect/prod/train/en/address-phone, session=smartselect/prod/train/en/address-phone]
06-04 21:53:17.666 17102 17665 W AiAiFed : aase: UNKNOWN
06-04 21:53:17.666 17102 17665 W AiAiFed : 	at abji.ak(PG:17)
06-04 21:53:17.666 17102 17665 W AiAiFed : 	at aawy.g(PG:1)
06-04 21:53:17.666 17102 17665 W AiAiFed : 	at aawv.a(PG:28)
06-04 21:53:17.666 17102 17665 W AiAiFed : 	at aaxn.run(PG:7)
06-04 21:53:17.666 17102 17665 W AiAiFed : 	at abeh.run(PG:12)
06-04 21:53:17.666 17102 17665 W AiAiFed : 	at java.util.concurrent.ThreadPoolExecutor.runWorker(ThreadPoolExecutor.java:1154)
06-04 21:53:17.666 17102 17665 W AiAiFed : 	at java.util.concurrent.ThreadPoolExecutor$Worker.run(ThreadPoolExecutor.java:652)
06-04 21:53:17.666 17102 17665 W AiAiFed : 	at java.lang.Thread.run(Thread.java:1563)
06-04 21:53:17.667 28956 29032 W System.err: Seeding context with ref: 24968065
06-04 21:53:17.667 28956 29032 W System.err: val in interceptor: null
06-04 21:53:17.670 17102 17665 W AiAiFed : [AiAi SimpleStorage Federated Collection] Cancelling training failed [mode=FEDERATION, population=aiai/playstore/smartselect/train/en/address-phone-other-translate, session=smartselect/train/en/address-phone-other-translate]
06-04 21:53:17.670 17102 17665 W AiAiFed : java.lang.IllegalArgumentException: Unsupported response code3
06-04 21:53:17.670 17102 17665 W AiAiFed : 	at qlu.run(PG:48)
06-04 21:53:17.670 17102 17665 W AiAiFed : 	at java.util.concurrent.Executors$RunnableAdapter.call(Executors.java:520)
06-04 21:53:17.670 17102 17665 W AiAiFed : 	at java.util.concurrent.FutureTask.run(FutureTask.java:317)
06-04 21:53:17.670 17102 17665 W AiAiFed : 	at java.util.concurrent.ScheduledThreadPoolExecutor$ScheduledFutureTask.run(ScheduledThreadPoolExecutor.java:348)
06-04 21:53:17.670 17102 17665 W AiAiFed : 	at java.util.concurrent.ThreadPoolExecutor.runWorker(ThreadPoolExecutor.java:1154)
06-04 21:53:17.670 17102 17665 W AiAiFed : 	at java.util.concurrent.ThreadPoolExecutor$Worker.run(ThreadPoolExecutor.java:652)
06-04 21:53:17.670 17102 17665 W AiAiFed : 	at java.lang.Thread.run(Thread.java:1563)
06-04 21:53:17.670 17102 17665 W AiAiFed : [AiAi SimpleStorage Federated Collection] Cancelling training failed [mode=FEDERATION, population=aiai/playstore/smartselect/train/en/address-phone-other-translate, session=smartselect/train/en/address-phone-other-translate]
06-04 21:53:17.670 17102 17665 W AiAiFed : aase: UNKNOWN
06-04 21:53:17.670 17102 17665 W AiAiFed : 	at abji.ak(PG:17)
06-04 21:53:17.670 17102 17665 W AiAiFed : 	at aawy.g(PG:1)
06-04 21:53:17.670 17102 17665 W AiAiFed : 	at aawv.a(PG:28)
06-04 21:53:17.670 17102 17665 W AiAiFed : 	at aaxn.run(PG:7)
06-04 21:53:17.670 17102 17665 W AiAiFed : 	at abeh.run(PG:12)
06-04 21:53:17.670 17102 17665 W AiAiFed : 	at java.util.concurrent.ThreadPoolExecutor.runWorker(ThreadPoolExecutor.java:1154)
06-04 21:53:17.670 17102 17665 W AiAiFed : 	at java.util.concurrent.ThreadPoolExecutor$Worker.run(ThreadPoolExecutor.java:652)
06-04 21:53:17.670 17102 17665 W AiAiFed : 	at java.lang.Thread.run(Thread.java:1563)
06-04 21:53:17.671 28956 29032 W System.err: Seeding context with ref: 49989361
06-04 21:53:17.671 28956 29032 W System.err: val in interceptor: null
06-04 21:53:17.672 17102 17665 W AiAiFed : [AiAi SimpleStorage Federated Collection] Cancelling training failed [mode=FEDERATION, population=aiai/playstore/smartselect/train/en/pasted-to-named-entity-apps, session=smartselect/train/en/pasted-to-named-entity-apps]
06-04 21:53:17.672 17102 17665 W AiAiFed : java.lang.IllegalArgumentException: Unsupported response code3
06-04 21:53:17.672 17102 17665 W AiAiFed : 	at qlu.run(PG:48)
06-04 21:53:17.672 17102 17665 W AiAiFed : 	at java.util.concurrent.Executors$RunnableAdapter.call(Executors.java:520)
06-04 21:53:17.672 17102 17665 W AiAiFed : 	at java.util.concurrent.FutureTask.run(FutureTask.java:317)
06-04 21:53:17.672 17102 17665 W AiAiFed : 	at java.util.concurrent.ScheduledThreadPoolExecutor$ScheduledFutureTask.run(ScheduledThreadPoolExecutor.java:348)
06-04 21:53:17.672 17102 17665 W AiAiFed : 	at java.util.concurrent.ThreadPoolExecutor.runWorker(ThreadPoolExecutor.java:1154)
06-04 21:53:17.672 17102 17665 W AiAiFed : 	at java.util.concurrent.ThreadPoolExecutor$Worker.run(ThreadPoolExecutor.java:652)
06-04 21:53:17.672 17102 17665 W AiAiFed : 	at java.lang.Thread.run(Thread.java:1563)
06-04 21:53:17.672 17102 17665 W AiAiFed : [AiAi SimpleStorage Federated Collection] Cancelling training failed [mode=FEDERATION, population=aiai/playstore/smartselect/train/en/pasted-to-named-entity-apps, session=smartselect/train/en/pasted-to-named-entity-apps]
06-04 21:53:17.672 17102 17665 W AiAiFed : aase: UNKNOWN
06-04 21:53:17.672 17102 17665 W AiAiFed : 	at abji.ak(PG:17)
06-04 21:53:17.672 17102 17665 W AiAiFed : 	at aawy.g(PG:1)
06-04 21:53:17.672 17102 17665 W AiAiFed : 	at aawv.a(PG:28)
06-04 21:53:17.672 17102 17665 W AiAiFed : 	at aaxn.run(PG:7)
06-04 21:53:17.672 17102 17665 W AiAiFed : 	at abeh.run(PG:12)
06-04 21:53:17.672 17102 17665 W AiAiFed : 	at java.util.concurrent.ThreadPoolExecutor.runWorker(ThreadPoolExecutor.java:1154)
06-04 21:53:17.672 17102 17665 W AiAiFed : 	at java.util.concurrent.ThreadPoolExecutor$Worker.run(ThreadPoolExecutor.java:652)
06-04 21:53:17.672 17102 17665 W AiAiFed : 	at java.lang.Thread.run(Thread.java:1563)
06-04 21:53:17.673 17102 17362 I TrainerClient: Preparing to schedule training for population:aiai/playstore/smartselect/train/en/selected-in-search-or-browser-apps session_name:smartselect/train/en/selected-in-search-or-browser-apps
06-04 21:53:17.674 28733 28889 I cr_OPArchivePublisher: ADM threw while trying to remove a download. java.lang.IllegalArgumentException: input param 'ids' can't be null
06-04 21:53:17.674 28956 29032 W System.err: Seeding context with ref: 214586070
06-04 21:53:17.674 28956 29032 W System.err: val in interceptor: null
06-04 21:53:17.674 17102 17665 W AiAiFed : [AiAi SimpleStorage Federated Collection] Cancelling training failed [mode=FEDERATION, population=aiai/playstore/smartselect/train/en/selected-in-search-or-browser-apps, session=smartselect/train/en/selected-in-search-or-browser-apps]
06-04 21:53:17.674 17102 17665 W AiAiFed : java.lang.IllegalArgumentException: Unsupported response code3
06-04 21:53:17.674 17102 17665 W AiAiFed : 	at qlu.run(PG:48)
06-04 21:53:17.674 17102 17665 W AiAiFed : 	at java.util.concurrent.Executors$RunnableAdapter.call(Executors.java:520)
06-04 21:53:17.674 17102 17665 W AiAiFed : 	at java.util.concurrent.FutureTask.run(FutureTask.java:317)
06-04 21:53:17.674 17102 17665 W AiAiFed : 	at java.util.concurrent.ScheduledThreadPoolExecutor$ScheduledFutureTask.run(ScheduledThreadPoolExecutor.java:348)
06-04 21:53:17.674 17102 17665 W AiAiFed : 	at java.util.concurrent.ThreadPoolExecutor.runWorker(ThreadPoolExecutor.java:1154)
06-04 21:53:17.674 17102 17665 W AiAiFed : 	at java.util.concurrent.ThreadPoolExecutor$Worker.run(ThreadPoolExecutor.java:652)
06-04 21:53:17.674 17102 17665 W AiAiFed : 	at java.lang.Thread.run(Thread.java:1563)
06-04 21:53:17.674 17102 17665 W AiAiFed : [AiAi SimpleStorage Federated Collection] Cancelling training failed [mode=FEDERATION, population=aiai/playstore/smartselect/train/en/selected-in-search-or-browser-apps, session=smartselect/train/en/selected-in-search-or-browser-apps]
06-04 21:53:17.674 17102 17665 W AiAiFed : aase: UNKNOWN
06-04 21:53:17.674 17102 17665 W AiAiFed : 	at abji.ak(PG:17)
06-04 21:53:17.674 17102 17665 W AiAiFed : 	at aawy.g(PG:1)
06-04 21:53:17.674 17102 17665 W AiAiFed : 	at aawv.a(PG:28)
06-04 21:53:17.674 17102 17665 W AiAiFed : 	at aaxn.run(PG:7)
06-04 21:53:17.674 17102 17665 W AiAiFed : 	at abeh.run(PG:12)
06-04 21:53:17.674 17102 17665 W AiAiFed : 	at java.util.concurrent.ThreadPoolExecutor.runWorker(ThreadPoolExecutor.java:1154)
06-04 21:53:17.674 17102 17665 W AiAiFed : 	at java.util.concurrent.ThreadPoolExecutor$Worker.run(ThreadPoolExecutor.java:652)
06-04 21:53:17.674 17102 17665 W AiAiFed : 	at java.lang.Thread.run(Thread.java:1563)
06-04 21:53:17.674 17102 17362 I TrainerClient: Preparing to schedule training for population:aiai/playstore/smartselect/train/en/all-non-url-email session_name:smartselect/train/en/all-non-url-email
06-04 21:53:17.680 28956 29032 W System.err: Seeding context with ref: 249997655
06-04 21:53:17.681 28956 29032 W System.err: val in interceptor: null
06-04 21:53:17.685 17102 17665 W AiAiFed : [AiAi SimpleStorage Federated Collection] Cancelling training failed [mode=FEDERATION, population=aiai/playstore/smartselect/train/en/all-non-url-email, session=smartselect/train/en/all-non-url-email]
06-04 21:53:17.685 17102 17665 W AiAiFed : java.lang.IllegalArgumentException: Unsupported response code3
06-04 21:53:17.685 17102 17665 W AiAiFed : 	at qlu.run(PG:48)
06-04 21:53:17.685 17102 17665 W AiAiFed : 	at java.util.concurrent.Executors$RunnableAdapter.call(Executors.java:520)
06-04 21:53:17.685 17102 17665 W AiAiFed : 	at java.util.concurrent.FutureTask.run(FutureTask.java:317)
06-04 21:53:17.685 17102 17665 W AiAiFed : 	at java.util.concurrent.ScheduledThreadPoolExecutor$ScheduledFutureTask.run(ScheduledThreadPoolExecutor.java:348)
06-04 21:53:17.685 17102 17665 W AiAiFed : 	at java.util.concurrent.ThreadPoolExecutor.runWorker(ThreadPoolExecutor.java:1154)
06-04 21:53:17.685 17102 17665 W AiAiFed : 	at java.util.concurrent.ThreadPoolExecutor$Worker.run(ThreadPoolExecutor.java:652)
06-04 21:53:17.685 17102 17665 W AiAiFed : 	at java.lang.Thread.run(Thread.java:1563)
06-04 21:53:17.685 17102 17665 W AiAiFed : [AiAi SimpleStorage Federated Collection] Cancelling training failed [mode=FEDERATION, population=aiai/playstore/smartselect/train/en/all-non-url-email, session=smartselect/train/en/all-non-url-email]
06-04 21:53:17.685 17102 17665 W AiAiFed : aase: UNKNOWN
06-04 21:53:17.685 17102 17665 W AiAiFed : 	at abji.ak(PG:17)
06-04 21:53:17.685 17102 17665 W AiAiFed : 	at aawy.g(PG:1)
06-04 21:53:17.685 17102 17665 W AiAiFed : 	at aawv.a(PG:28)
06-04 21:53:17.685 17102 17665 W AiAiFed : 	at aaxn.run(PG:7)
06-04 21:53:17.685 17102 17665 W AiAiFed : 	at abeh.run(PG:12)
06-04 21:53:17.685 17102 17665 W AiAiFed : 	at java.util.concurrent.ThreadPoolExecutor.runWorker(ThreadPoolExecutor.java:1154)
06-04 21:53:17.685 17102 17665 W AiAiFed : 	at java.util.concurrent.ThreadPoolExecutor$Worker.run(ThreadPoolExecutor.java:652)
06-04 21:53:17.685 17102 17665 W AiAiFed : 	at java.lang.Thread.run(Thread.java:1563)
06-04 21:53:17.685 17102 17362 I TrainerClient: Preparing to schedule training for population:aiai/playstore/smartselect/train/en/address-phone-otp session_name:smartselect/train/en/address-phone-otp
06-04 21:53:17.685 28956 29032 W System.err: Seeding context with ref: 1625156
06-04 21:53:17.685 28956 29032 W System.err: val in interceptor: null
06-04 21:53:17.687 17102 17665 W AiAiFed : [AiAi SimpleStorage Federated Collection] Cancelling training failed [mode=FEDERATION, population=aiai/playstore/smartselect/train/en/address-phone-otp, session=smartselect/train/en/address-phone-otp]
06-04 21:53:17.687 17102 17665 W AiAiFed : java.lang.IllegalArgumentException: Unsupported response code3
06-04 21:53:17.687 17102 17665 W AiAiFed : 	at qlu.run(PG:48)
06-04 21:53:17.687 17102 17665 W AiAiFed : 	at java.util.concurrent.Executors$RunnableAdapter.call(Executors.java:520)
06-04 21:53:17.687 17102 17665 W AiAiFed : 	at java.util.concurrent.FutureTask.run(FutureTask.java:317)
06-04 21:53:17.687 17102 17665 W AiAiFed : 	at java.util.concurrent.ScheduledThreadPoolExecutor$ScheduledFutureTask.run(ScheduledThreadPoolExecutor.java:348)
