06-04 21:53:17.636 17102 17665 W AiAiFed : [AiAi SmartSelect FL] Cancelling training failed [mode=FEDERATION, population=aiai/playstore/smartselect/prod/train/en/pasted-to-translate-apps, session=smartselect/prod/train/en/pasted-to-translate-apps]
06-04 21:53:17.636 17102 17665 W AiAiFed : java.lang.IllegalArgumentException: Unsupported response code3
06-04 21:53:17.636 17102 17665 W AiAiFed : 	at qlu.run(PG:48)
06-04 21:53:17.636 17102 17665 W AiAiFed : 	at java.util.concurrent.Executors$RunnableAdapter.call(Executors.java:520)
06-04 21:53:17.636 17102 17665 W AiAiFed : 	at java.util.concurrent.FutureTask.run(FutureTask.java:317)
06-04 21:53:17.636 17102 17665 W AiAiFed : 	at java.util.concurrent.ScheduledThreadPoolExecutor$ScheduledFutureTask.run(ScheduledThreadPoolExecutor.java:348)
06-04 21:53:17.636 17102 17665 W AiAiFed : 	at java.util.concurrent.ThreadPoolExecutor.runWorker(ThreadPoolExecutor.java:1154)
06-04 21:53:17.636 17102 17665 W AiAiFed : 	at java.util.concurrent.ThreadPoolExecutor$Worker.run(ThreadPoolExecutor.java:652)
06-04 21:53:17.636 17102 17665 W AiAiFed : 	at java.lang.Thread.run(Thread.java:1563)
06-04 21:53:17.637 28956 29001 W System.err: Seeding context with ref: 37388411
06-04 21:53:17.637 28956 29016 W System.err: Seeding context with ref: 137962666
06-04 21:53:17.637 28956 29016 W System.err: val in interceptor: null
06-04 21:53:17.637 28956 29018 W System.err: Seeding context with ref: 183395384
06-04 21:53:17.637 28956 29018 W System.err: val in interceptor: null
06-04 21:53:17.637 28956 29020 W System.err: Seeding context with ref: 56418678
06-04 21:53:17.637 28956 29020 W System.err: val in interceptor: null
06-04 21:53:17.637 28956 29021 W System.err: Seeding context with ref: 42083191
06-04 21:53:17.637 28956 29021 W System.err: val in interceptor: null
06-04 21:53:17.637 28956 29022 W System.err: Seeding context with ref: 222399460
06-04 21:53:17.637 28956 29022 W System.err: val in interceptor: null
06-04 21:53:17.639 28956 29024 W System.err: Seeding context with ref: 2989826
06-04 21:53:17.639 28956 29024 W System.err: val in interceptor: null
06-04 21:53:17.640 28956 29003 W System.err: Seeding context with ref: 204118177
06-04 21:53:17.640 28907 28931 E MESA    : Failed to open rendernode: No such file or directory
06-04 21:53:17.640 28956 29003 W System.err: val in interceptor: null
06-04 21:53:17.640 28956 29007 W System.err: Seeding context with ref: 146218461
06-04 21:53:17.640 28956 29007 W System.err: val in interceptor: null
06-04 21:53:17.640 28956 29011 W System.err: Seeding context with ref: 193772249
06-04 21:53:17.640 28956 29013 W System.err: Seeding context with ref: 139281279
06-04 21:53:17.640 28956 29013 W System.err: val in interceptor: null
06-04 21:53:17.641 28956 29011 W System.err: val in interceptor: null
06-04 21:53:17.641 28956 29015 W System.err: Seeding context with ref: 176499605
06-04 21:53:17.641 28956 29015 W System.err: val in interceptor: null
06-04 21:53:17.641 28956 29027 W System.err: Seeding context with ref: 201657417
06-04 21:53:17.641 28956 29027 W System.err: val in interceptor: null
06-04 21:53:17.641 28956 29019 W System.err: Seeding context with ref: 89779217
06-04 21:53:17.646 28956 29023 W System.err: Seeding context with ref: 65026125
06-04 21:53:17.646 28956 29025 W System.err: Seeding context with ref: 124485651
06-04 21:53:17.646 28956 29023 W System.err: val in interceptor: null
06-04 21:53:17.646 28956 29026 W System.err: Seeding context with ref: 192774736
06-04 21:53:17.646 28956 29026 W System.err: val in interceptor: null
06-04 21:53:17.646 28956 29019 W System.err: val in interceptor: null
06-04 21:53:17.647 28956 29017 W System.err: Seeding context with ref: 251435163
06-04 21:53:17.647 28956 29017 W System.err: val in interceptor: null
06-04 21:53:17.647 28956 29009 W System.err: Seeding context with ref: 248006691
06-04 21:53:17.647 28956 29009 W System.err: val in interceptor: null
06-04 21:53:17.647 28956 29005 W System.err: Seeding context with ref: 151489159
06-04 21:53:17.647 28956 29005 W System.err: val in interceptor: null
06-04 21:53:17.647 28956 29034 W System.err: val in interceptor: null
06-04 21:53:17.647 28956 29039 W System.err: Seeding context with ref: 73416714
06-04 21:53:17.647 28956 29039 W System.err: val in interceptor: null
06-04 21:53:17.648 28956 29033 W System.err: Seeding context with ref: 36859231
06-04 21:53:17.649 17102 17665 W AiAiFed : [AiAi SmartSelect FL] Cancelling training failed [mode=FEDERATION, population=aiai/playstore/smartselect/prod/train/en/pasted-to-translate-apps, session=smartselect/prod/train/en/pasted-to-translate-apps]
06-04 21:53:17.649 17102 17665 W AiAiFed : aase: UNKNOWN
06-04 21:53:17.649 17102 17665 W AiAiFed : 	at abji.ak(PG:17)
06-04 21:53:17.649 17102 17665 W AiAiFed : 	at aawy.g(PG:1)
06-04 21:53:17.649 17102 17665 W AiAiFed : 	at aawv.a(PG:28)
06-04 21:53:17.649 17102 17665 W AiAiFed : 	at aaxn.run(PG:7)
06-04 21:53:17.649 17102 17665 W AiAiFed : 	at abeh.run(PG:12)
06-04 21:53:17.649 17102 17665 W AiAiFed : 	at java.util.concurrent.ThreadPoolExecutor.runWorker(ThreadPoolExecutor.java:1154)
06-04 21:53:17.649 17102 17665 W AiAiFed : 	at java.util.concurrent.ThreadPoolExecutor$Worker.run(ThreadPoolExecutor.java:652)
06-04 21:53:17.649 17102 17665 W AiAiFed : 	at java.lang.Thread.run(Thread.java:1563)
06-04 21:53:17.653 28956 29033 W System.err: val in interceptor: null
06-04 21:53:17.654 28956 29040 W System.err: Seeding context with ref: 3169944
06-04 21:53:17.654 28956 29040 W System.err: val in interceptor: null
06-04 21:53:17.654 17102 17665 W AiAiFed : [AiAi SmartSelect FL] Cancelling training failed [mode=FEDERATION, population=aiai/playstore/smartselect/prod/train/en/address-phone-or-selected-in-messaging-apps, session=smartselect/prod/train/en/address-phone-or-selected-in-messaging-apps]
06-04 21:53:17.654 17102 17665 W AiAiFed : java.lang.IllegalArgumentException: Unsupported response code3
06-04 21:53:17.654 17102 17665 W AiAiFed : 	at qlu.run(PG:48)
06-04 21:53:17.654 17102 17665 W AiAiFed : 	at java.util.concurrent.Executors$RunnableAdapter.call(Executors.java:520)
06-04 21:53:17.654 17102 17665 W AiAiFed : 	at java.util.concurrent.FutureTask.run(FutureTask.java:317)
06-04 21:53:17.654 17102 17665 W AiAiFed : 	at java.util.concurrent.ScheduledThreadPoolExecutor$ScheduledFutureTask.run(ScheduledThreadPoolExecutor.java:348)
06-04 21:53:17.654 17102 17665 W AiAiFed : 	at java.util.concurrent.ThreadPoolExecutor.runWorker(ThreadPoolExecutor.java:1154)
06-04 21:53:17.654 17102 17665 W AiAiFed : 	at java.util.concurrent.ThreadPoolExecutor$Worker.run(ThreadPoolExecutor.java:652)
06-04 21:53:17.654 17102 17665 W AiAiFed : 	at java.lang.Thread.run(Thread.java:1563)
06-04 21:53:17.654 17102 17665 W AiAiFed : [AiAi SmartSelect FL] Cancelling training failed [mode=FEDERATION, population=aiai/playstore/smartselect/prod/train/en/address-phone-or-selected-in-messaging-apps, session=smartselect/prod/train/en/address-phone-or-selected-in-messaging-apps]
06-04 21:53:17.654 17102 17665 W AiAiFed : aase: UNKNOWN
06-04 21:53:17.654 17102 17665 W AiAiFed : 	at abji.ak(PG:17)
06-04 21:53:17.654 17102 17665 W AiAiFed : 	at aawy.g(PG:1)
06-04 21:53:17.654 17102 17665 W AiAiFed : 	at aawv.a(PG:28)
06-04 21:53:17.654 17102 17665 W AiAiFed : 	at aaxn.run(PG:7)
06-04 21:53:17.654 17102 17665 W AiAiFed : 	at abeh.run(PG:12)
06-04 21:53:17.654 17102 17665 W AiAiFed : 	at java.util.concurrent.ThreadPoolExecutor.runWorker(ThreadPoolExecutor.java:1154)
06-04 21:53:17.654 17102 17665 W AiAiFed : 	at java.util.concurrent.ThreadPoolExecutor$Worker.run(ThreadPoolExecutor.java:652)
06-04 21:53:17.654 17102 17665 W AiAiFed : 	at java.lang.Thread.run(Thread.java:1563)
06-04 21:53:17.654 17102 17665 W AiAiFed : [AiAi SmartSelect FL] Cancelling training failed [mode=FEDERATION, population=aiai/playstore/smartselect/prod/train/en/all-non-translate, session=smartselect/prod/train/en/all-non-translate]
06-04 21:53:17.654 17102 17665 W AiAiFed : java.lang.IllegalArgumentException: Unsupported response code3
06-04 21:53:17.654 17102 17665 W AiAiFed : 	at qlu.run(PG:48)
06-04 21:53:17.654 17102 17665 W AiAiFed : 	at java.util.concurrent.Executors$RunnableAdapter.call(Executors.java:520)
06-04 21:53:17.654 17102 17665 W AiAiFed : 	at java.util.concurrent.FutureTask.run(FutureTask.java:317)
06-04 21:53:17.654 17102 17665 W AiAiFed : 	at java.util.concurrent.ScheduledThreadPoolExecutor$ScheduledFutureTask.run(ScheduledThreadPoolExecutor.java:348)
06-04 21:53:17.654 17102 17665 W AiAiFed : 	at java.util.concurrent.ThreadPoolExecutor.runWorker(ThreadPoolExecutor.java:1154)
06-04 21:53:17.654 17102 17665 W AiAiFed : 	at java.util.concurrent.ThreadPoolExecutor$Worker.run(ThreadPoolExecutor.java:652)
06-04 21:53:17.654 17102 17665 W AiAiFed : 	at java.lang.Thread.run(Thread.java:1563)
06-04 21:53:17.654 17102 17665 W AiAiFed : [AiAi SmartSelect FL] Cancelling training failed [mode=FEDERATION, population=aiai/playstore/smartselect/prod/train/en/all-non-translate, session=smartselect/prod/train/en/all-non-translate]
06-04 21:53:17.654 17102 17665 W AiAiFed : aase: UNKNOWN
06-04 21:53:17.654 17102 17665 W AiAiFed : 	at abji.ak(PG:17)
06-04 21:53:17.654 17102 17665 W AiAiFed : 	at aawy.g(PG:1)
06-04 21:53:17.654 17102 17665 W AiAiFed : 	at aawv.a(PG:28)
06-04 21:53:17.654 17102 17665 W AiAiFed : 	at aaxn.run(PG:7)
06-04 21:53:17.654 17102 17665 W AiAiFed : 	at abeh.run(PG:12)
06-04 21:53:17.654 17102 17665 W AiAiFed : 	at java.util.concurrent.ThreadPoolExecutor.runWorker(ThreadPoolExecutor.java:1154)
06-04 21:53:17.654 17102 17665 W AiAiFed : 	at java.util.concurrent.ThreadPoolExecutor$Worker.run(ThreadPoolExecutor.java:652)
06-04 21:53:17.654 17102 17665 W AiAiFed : 	at java.lang.Thread.run(Thread.java:1563)
06-04 21:53:17.654 17102 17665 W AiAiFed : [AiAi SimpleStorage Federated Collection] Cancelling training failed [mode=FEDERATION, population=aiai/playstore/smartselect/train/en/pasted-to-notes-apps, session=smartselect/train/en/pasted-to-notes-apps]
06-04 21:53:17.654 17102 17665 W AiAiFed : java.lang.IllegalArgumentException: Unsupported response code3
06-04 21:53:17.654 17102 17665 W AiAiFed : 	at qlu.run(PG:48)
06-04 21:53:17.654 17102 17665 W AiAiFed : 	at java.util.concurrent.Executors$RunnableAdapter.call(Executors.java:520)
06-04 21:53:17.654 17102 17665 W AiAiFed : 	at java.util.concurrent.FutureTask.run(FutureTask.java:317)
06-04 21:53:17.654 17102 17665 W AiAiFed : 	at java.util.concurrent.ScheduledThreadPoolExecutor$ScheduledFutureTask.run(ScheduledThreadPoolExecutor.java:348)
06-04 21:53:17.654 17102 17665 W AiAiFed : 	at java.util.concurrent.ThreadPoolExecutor.runWorker(ThreadPoolExecutor.java:1154)
06-04 21:53:17.654 17102 17665 W AiAiFed : 	at java.util.concurrent.ThreadPoolExecutor$Worker.run(ThreadPoolExecutor.java:652)
06-04 21:53:17.654 17102 17665 W AiAiFed : 	at java.lang.Thread.run(Thread.java:1563)
06-04 21:53:17.654 28956 29028 W System.err: Seeding context with ref: 22718798
06-04 21:53:17.655 28956 29028 W System.err: val in interceptor: null
06-04 21:53:17.655 28956 29029 W System.err: Seeding context with ref: 58985071
06-04 21:53:17.655 28956 29029 W System.err: val in interceptor: null
06-04 21:53:17.655 28956 29030 W System.err: Seeding context with ref: 188773244
06-04 21:53:17.655 28956 29030 W System.err: val in interceptor: null
06-04 21:53:17.656 28956 29025 W System.err: val in interceptor: null
06-04 21:53:17.656 28956 29001 W System.err: val in interceptor: null
06-04 21:53:17.656 17102 17665 W AiAiFed : [AiAi SimpleStorage Federated Collection] Cancelling training failed [mode=FEDERATION, population=aiai/playstore/smartselect/train/en/pasted-to-notes-apps, session=smartselect/train/en/pasted-to-notes-apps]
06-04 21:53:17.656 17102 17665 W AiAiFed : aase: UNKNOWN
06-04 21:53:17.656 17102 17665 W AiAiFed : 	at abji.ak(PG:17)
06-04 21:53:17.656 17102 17665 W AiAiFed : 	at aawy.g(PG:1)
06-04 21:53:17.656 17102 17665 W AiAiFed : 	at aawv.a(PG:28)
06-04 21:53:17.656 17102 17665 W AiAiFed : 	at aaxn.run(PG:7)
06-04 21:53:17.656 17102 17665 W AiAiFed : 	at abeh.run(PG:12)
06-04 21:53:17.656 17102 17665 W AiAiFed : 	at java.util.concurrent.ThreadPoolExecutor.runWorker(ThreadPoolExecutor.java:1154)
06-04 21:53:17.656 17102 17665 W AiAiFed : 	at java.util.concurrent.ThreadPoolExecutor$Worker.run(ThreadPoolExecutor.java:652)
06-04 21:53:17.656 17102 17665 W AiAiFed : 	at java.lang.Thread.run(Thread.java:1563)
06-04 21:53:17.656 28956 29031 W System.err: Seeding context with ref: 193537029
06-04 21:53:17.656 28956 29031 W System.err: val in interceptor: null
06-04 21:53:17.657 17102 17665 W AiAiFed : [AiAi SmartSelect FL] Cancelling training failed [mode=FEDERATION, population=aiai/playstore/smartselect/prod/train/en/all-pasted-to-apps, session=smartselect/prod/train/en/all-pasted-to-apps]
06-04 21:53:17.657 17102 17665 W AiAiFed : java.lang.IllegalArgumentException: Unsupported response code3
06-04 21:53:17.657 17102 17665 W AiAiFed : 	at qlu.run(PG:48)
06-04 21:53:17.657 17102 17665 W AiAiFed : 	at java.util.concurrent.Executors$RunnableAdapter.call(Executors.java:520)
06-04 21:53:17.657 17102 17665 W AiAiFed : 	at java.util.concurrent.FutureTask.run(FutureTask.java:317)
06-04 21:53:17.657 17102 17665 W AiAiFed : 	at java.util.concurrent.ScheduledThreadPoolExecutor$ScheduledFutureTask.run(ScheduledThreadPoolExecutor.java:348)
06-04 21:53:17.657 17102 17665 W AiAiFed : 	at java.util.concurrent.ThreadPoolExecutor.runWorker(ThreadPoolExecutor.java:1154)
06-04 21:53:17.657 17102 17665 W AiAiFed : 	at java.util.concurrent.ThreadPoolExecutor$Worker.run(ThreadPoolExecutor.java:652)
06-04 21:53:17.657 17102 17665 W AiAiFed : 	at java.lang.Thread.run(Thread.java:1563)
06-04 21:53:17.657 17102 17665 W AiAiFed : [AiAi SmartSelect FL] Cancelling training failed [mode=FEDERATION, population=aiai/playstore/smartselect/prod/train/en/all-pasted-to-apps, session=smartselect/prod/train/en/all-pasted-to-apps]
06-04 21:53:17.657 17102 17665 W AiAiFed : aase: UNKNOWN
06-04 21:53:17.657 17102 17665 W AiAiFed : 	at abji.ak(PG:17)
06-04 21:53:17.657 17102 17665 W AiAiFed : 	at aawy.g(PG:1)
06-04 21:53:17.657 17102 17665 W AiAiFed : 	at aawv.a(PG:28)
06-04 21:53:17.657 17102 17665 W AiAiFed : 	at aaxn.run(PG:7)
06-04 21:53:17.657 17102 17665 W AiAiFed : 	at abeh.run(PG:12)
06-04 21:53:17.657 17102 17665 W AiAiFed : 	at java.util.concurrent.ThreadPoolExecutor.runWorker(ThreadPoolExecutor.java:1154)
06-04 21:53:17.657 17102 17665 W AiAiFed : 	at java.util.concurrent.ThreadPoolExecutor$Worker.run(ThreadPoolExecutor.java:652)
06-04 21:53:17.657 17102 17665 W AiAiFed : 	at java.lang.Thread.run(Thread.java:1563)
06-04 21:53:17.657 17102 17665 W AiAiFed : [AiAi SmartSelect FL] Cancelling training failed [mode=FEDERATION, population=aiai/playstore/smartselect/prod/train/en/pasted-to-search-or-browser-or-named-entity-apps, session=smartselect/prod/train/en/pasted-to-search-or-browser-or-named-entity-apps]
06-04 21:53:17.657 17102 17665 W AiAiFed : java.lang.IllegalArgumentException: Unsupported response code3
06-04 21:53:17.657 17102 17665 W AiAiFed : 	at qlu.run(PG:48)
06-04 21:53:17.657 17102 17665 W AiAiFed : 	at java.util.concurrent.Executors$RunnableAdapter.call(Executors.java:520)
06-04 21:53:17.657 17102 17665 W AiAiFed : 	at java.util.concurrent.FutureTask.run(FutureTask.java:317)
06-04 21:53:17.657 17102 17665 W AiAiFed : 	at java.util.concurrent.ScheduledThreadPoolExecutor$ScheduledFutureTask.run(ScheduledThreadPoolExecutor.java:348)
06-04 21:53:17.657 17102 17665 W AiAiFed : 	at java.util.concurrent.ThreadPoolExecutor.runWorker(ThreadPoolExecutor.java:1154)
06-04 21:53:17.657 17102 17665 W AiAiFed : 	at java.util.concurrent.ThreadPoolExecutor$Worker.run(ThreadPoolExecutor.java:652)
06-04 21:53:17.657 17102 17665 W AiAiFed : 	at java.lang.Thread.run(Thread.java:1563)
06-04 21:53:17.657 17102 17665 W AiAiFed : [AiAi SmartSelect FL] Cancelling training failed [mode=FEDERATION, population=aiai/playstore/smartselect/prod/train/en/pasted-to-search-or-browser-or-named-entity-apps, session=smartselect/prod/train/en/pasted-to-search-or-browser-or-named-entity-apps]
06-04 21:53:17.657 17102 17665 W AiAiFed : aase: UNKNOWN
06-04 21:53:17.657 17102 17665 W AiAiFed : 	at abji.ak(PG:17)
06-04 21:53:17.657 17102 17665 W AiAiFed : 	at aawy.g(PG:1)
06-04 21:53:17.657 17102 17665 W AiAiFed : 	at aawv.a(PG:28)
06-04 21:53:17.657 17102 17665 W AiAiFed : 	at aaxn.run(PG:7)
06-04 21:53:17.657 17102 17665 W AiAiFed : 	at abeh.run(PG:12)
06-04 21:53:17.657 17102 17665 W AiAiFed : 	at java.util.concurrent.ThreadPoolExecutor.runWorker(ThreadPoolExecutor.java:1154)
06-04 21:53:17.657 17102 17665 W AiAiFed : 	at java.util.concurrent.ThreadPoolExecutor$Worker.run(ThreadPoolExecutor.java:652)
06-04 21:53:17.657 17102 17665 W AiAiFed : 	at java.lang.Thread.run(Thread.java:1563)
06-04 21:53:17.657 17102 17665 W AiAiFed : [AiAi SmartSelect FL] Cancelling training failed [mode=FEDERATION, population=aiai/playstore/smartselect/prod/train/en/all-non-url-email, session=smartselect/prod/train/en/all-non-url-email]
06-04 21:53:17.657 17102 17665 W AiAiFed : java.lang.IllegalArgumentException: Unsupported response code3
06-04 21:53:17.657 17102 17665 W AiAiFed : 	at qlu.run(PG:48)
06-04 21:53:17.657 17102 17665 W AiAiFed : 	at java.util.concurrent.Executors$RunnableAdapter.call(Executors.java:520)
06-04 21:53:17.657 17102 17665 W AiAiFed : 	at java.util.concurrent.FutureTask.run(FutureTask.java:317)
06-04 21:53:17.657 17102 17665 W AiAiFed : 	at java.util.concurrent.ScheduledThreadPoolExecutor$ScheduledFutureTask.run(ScheduledThreadPoolExecutor.java:348)
06-04 21:53:17.657 17102 17665 W AiAiFed : 	at java.util.concurrent.ThreadPoolExecutor.runWorker(ThreadPoolExecutor.java:1154)
06-04 21:53:17.657 17102 17665 W AiAiFed : 	at java.util.concurrent.ThreadPoolExecutor$Worker.run(ThreadPoolExecutor.java:652)
06-04 21:53:17.657 17102 17665 W AiAiFed : 	at java.lang.Thread.run(Thread.java:1563)
06-04 21:53:17.657 17102 17665 W AiAiFed : [AiAi SmartSelect FL] Cancelling training failed [mode=FEDERATION, population=aiai/playstore/smartselect/prod/train/en/all-non-url-email, session=smartselect/prod/train/en/all-non-url-email]
06-04 21:53:17.657 17102 17665 W AiAiFed : aase: UNKNOWN
06-04 21:53:17.657 17102 17665 W AiAiFed : 	at abji.ak(PG:17)
06-04 21:53:17.657 17102 17665 W AiAiFed : 	at aawy.g(PG:1)
06-04 21:53:17.657 17102 17665 W AiAiFed : 	at aawv.a(PG:28)
06-04 21:53:17.657 17102 17665 W AiAiFed : 	at aaxn.run(PG:7)
06-04 21:53:17.657 17102 17665 W AiAiFed : 	at abeh.run(PG:12)
06-04 21:53:17.657 17102 17665 W AiAiFed : 	at java.util.concurrent.ThreadPoolExecutor.runWorker(ThreadPoolExecutor.java:1154)
06-04 21:53:17.657 17102 17665 W AiAiFed : 	at java.util.concurrent.ThreadPoolExecutor$Worker.run(ThreadPoolExecutor.java:652)
06-04 21:53:17.657 17102 17665 W AiAiFed : 	at java.lang.Thread.run(Thread.java:1563)
06-04 21:53:17.657 17102 17665 W AiAiFed : [AiAi SmartSelect FL] Cancelling training failed [mode=FEDERATION, population=aiai/playstore/smartselect/prod/train/en/all-non-url-email-cut, session=smartselect/prod/train/en/all-non-url-email-cut]
06-04 21:53:17.657 17102 17665 W AiAiFed : java.lang.IllegalArgumentException: Unsupported response code3
06-04 21:53:17.657 17102 17665 W AiAiFed : 	at qlu.run(PG:48)
06-04 21:53:17.657 17102 17665 W AiAiFed : 	at java.util.concurrent.Executors$RunnableAdapter.call(Executors.java:520)
06-04 21:53:17.657 17102 17665 W AiAiFed : 	at java.util.concurrent.FutureTask.run(FutureTask.java:317)
06-04 21:53:17.657 17102 17665 W AiAiFed : 	at java.util.concurrent.ScheduledThreadPoolExecutor$ScheduledFutureTask.run(ScheduledThreadPoolExecutor.java:348)
06-04 21:53:17.657 17102 17665 W AiAiFed : 	at java.util.concurrent.ThreadPoolExecutor.runWorker(ThreadPoolExecutor.java:1154)
06-04 21:53:17.657 17102 17665 W AiAiFed : 	at java.util.concurrent.ThreadPoolExecutor$Worker.run(ThreadPoolExecutor.java:652)
06-04 21:53:17.657 17102 17665 W AiAiFed : 	at java.lang.Thread.run(Thread.java:1563)
06-04 21:53:17.657 17102 17665 W AiAiFed : [AiAi SmartSelect FL] Cancelling training failed [mode=FEDERATION, population=aiai/playstore/smartselect/prod/train/en/all-non-url-email-cut, session=smartselect/prod/train/en/all-non-url-email-cut]
06-04 21:53:17.657 17102 17665 W AiAiFed : aase: UNKNOWN
06-04 21:53:17.657 17102 17665 W AiAiFed : 	at abji.ak(PG:17)
06-04 21:53:17.657 17102 17665 W AiAiFed : 	at aawy.g(PG:1)
06-04 21:53:17.657 17102 17665 W AiAiFed : 	at aawv.a(PG:28)
06-04 21:53:17.657 17102 17665 W AiAiFed : 	at aaxn.run(PG:7)
06-04 21:53:17.657 17102 17665 W AiAiFed : 	at abeh.run(PG:12)
06-04 21:53:17.657 17102 17665 W AiAiFed : 	at java.util.concurrent.ThreadPoolExecutor.runWorker(ThreadPoolExecutor.java:1154)
06-04 21:53:17.657 17102 17665 W AiAiFed : 	at java.util.concurrent.ThreadPoolExecutor$Worker.run(ThreadPoolExecutor.java:652)
06-04 21:53:17.657 17102 17665 W AiAiFed : 	at java.lang.Thread.run(Thread.java:1563)
06-04 21:53:17.657 17102 17665 W AiAiFed : [AiAi SimpleStorage Federated Collection] Cancelling training failed [mode=FEDERATION, population=aiai/playstore/smartselect/train/en/address-or-pasted-to-map-or-shopping-apps, session=smartselect/train/en/address-or-pasted-to-map-or-shopping-apps]
06-04 21:53:17.657 17102 17665 W AiAiFed : java.lang.IllegalArgumentException: Unsupported response code3
06-04 21:53:17.657 17102 17665 W AiAiFed : 	at qlu.run(PG:48)
06-04 21:53:17.657 17102 17665 W AiAiFed : 	at java.util.concurrent.Executors$RunnableAdapter.call(Executors.java:520)
06-04 21:53:17.657 17102 17665 W AiAiFed : 	at java.util.concurrent.FutureTask.run(FutureTask.java:317)
06-04 21:53:17.657 17102 17665 W AiAiFed : 	at java.util.concurrent.ScheduledThreadPoolExecutor$ScheduledFutureTask.run(ScheduledThreadPoolExecutor.java:348)
06-04 21:53:17.657 17102 17665 W AiAiFed : 	at java.util.concurrent.ThreadPoolExecutor.runWorker(ThreadPoolExecutor.java:1154)
06-04 21:53:17.657 17102 17665 W AiAiFed : 	at java.util.concurrent.ThreadPoolExecutor$Worker.run(ThreadPoolExecutor.java:652)
06-04 21:53:17.657 17102 17665 W AiAiFed : 	at java.lang.Thread.run(Thread.java:1563)
06-04 21:53:17.657 17102 17665 W AiAiFed : [AiAi SimpleStorage Federated Collection] Cancelling training failed [mode=FEDERATION, population=aiai/playstore/smartselect/train/en/address-or-pasted-to-map-or-shopping-apps, session=smartselect/train/en/address-or-pasted-to-map-or-shopping-apps]
06-04 21:53:17.657 17102 17665 W AiAiFed : aase: UNKNOWN
06-04 21:53:17.657 17102 17665 W AiAiFed : 	at abji.ak(PG:17)
06-04 21:53:17.657 17102 17665 W AiAiFed : 	at aawy.g(PG:1)
06-04 21:53:17.657 17102 17665 W AiAiFed : 	at aawv.a(PG:28)
06-04 21:53:17.657 17102 17665 W AiAiFed : 	at aaxn.run(PG:7)
06-04 21:53:17.657 17102 17665 W AiAiFed : 	at abeh.run(PG:12)
06-04 21:53:17.657 17102 17665 W AiAiFed : 	at java.util.concurrent.ThreadPoolExecutor.runWorker(ThreadPoolExecutor.java:1154)
06-04 21:53:17.657 17102 17665 W AiAiFed : 	at java.util.concurrent.ThreadPoolExecutor$Worker.run(ThreadPoolExecutor.java:652)
06-04 21:53:17.657 17102 17665 W AiAiFed : 	at java.lang.Thread.run(Thread.java:1563)
06-04 21:53:17.657 17102 17665 W AiAiFed : [AiAi SimpleStorage Federated Collection] Cancelling training failed [mode=FEDERATION, population=aiai/playstore/smartselect/train/en/address, session=smartselect/train/en/address]
06-04 21:53:17.657 17102 17665 W AiAiFed : java.lang.IllegalArgumentException: Unsupported response code3
06-04 21:53:17.657 17102 17665 W AiAiFed : 	at qlu.run(PG:48)
06-04 21:53:17.657 17102 17665 W AiAiFed : 	at java.util.concurrent.Executors$RunnableAdapter.call(Executors.java:520)
06-04 21:53:17.657 17102 17665 W AiAiFed : 	at java.util.concurrent.FutureTask.run(FutureTask.java:317)
06-04 21:53:17.657 17102 17665 W AiAiFed : 	at java.util.concurrent.ScheduledThreadPoolExecutor$ScheduledFutureTask.run(ScheduledThreadPoolExecutor.java:348)
06-04 21:53:17.657 17102 17665 W AiAiFed : 	at java.util.concurrent.ThreadPoolExecutor.runWorker(ThreadPoolExecutor.java:1154)
06-04 21:53:17.657 17102 17665 W AiAiFed : 	at java.util.concurrent.ThreadPoolExecutor$Worker.run(ThreadPoolExecutor.java:652)
06-04 21:53:17.657 17102 17665 W AiAiFed : 	at java.lang.Thread.run(Thread.java:1563)
06-04 21:53:17.657 28956 28981 W System.err: Seeding context with ref: 66117259
06-04 21:53:17.658 28956 28981 W System.err: val in interceptor: null
06-04 21:53:17.658 17102 17665 W AiAiFed : [AiAi SimpleStorage Federated Collection] Cancelling training failed [mode=FEDERATION, population=aiai/playstore/smartselect/train/en/address, session=smartselect/train/en/address]
06-04 21:53:17.658 17102 17665 W AiAiFed : aase: UNKNOWN
06-04 21:53:17.658 17102 17665 W AiAiFed : 	at abji.ak(PG:17)
06-04 21:53:17.658 17102 17665 W AiAiFed : 	at aawy.g(PG:1)
06-04 21:53:17.658 17102 17665 W AiAiFed : 	at aawv.a(PG:28)
06-04 21:53:17.658 17102 17665 W AiAiFed : 	at aaxn.run(PG:7)
06-04 21:53:17.658 17102 17665 W AiAiFed : 	at abeh.run(PG:12)
06-04 21:53:17.658 17102 17665 W AiAiFed : 	at java.util.concurrent.ThreadPoolExecutor.runWorker(ThreadPoolExecutor.java:1154)
06-04 21:53:17.658 17102 17665 W AiAiFed : 	at java.util.concurrent.ThreadPoolExecutor$Worker.run(ThreadPoolExecutor.java:652)
06-04 21:53:17.658 17102 17665 W AiAiFed : 	at java.lang.Thread.run(Thread.java:1563)
06-04 21:53:17.658 17102 17665 W AiAiFed : [AiAi SmartSelect FL] Cancelling training failed [mode=FEDERATION, population=aiai/playstore/smartselect/prod/train/en/address-phone-other, session=smartselect/prod/train/en/address-phone-other]
06-04 21:53:17.658 17102 17665 W AiAiFed : java.lang.IllegalArgumentException: Unsupported response code3
06-04 21:53:17.658 17102 17665 W AiAiFed : 	at qlu.run(PG:48)
06-04 21:53:17.658 17102 17665 W AiAiFed : 	at java.util.concurrent.Executors$RunnableAdapter.call(Executors.java:520)
06-04 21:53:17.658 17102 17665 W AiAiFed : 	at java.util.concurrent.FutureTask.run(FutureTask.java:317)
06-04 21:53:17.658 17102 17665 W AiAiFed : 	at java.util.concurrent.ScheduledThreadPoolExecutor$ScheduledFutureTask.run(ScheduledThreadPoolExecutor.java:348)
06-04 21:53:17.658 17102 17665 W AiAiFed : 	at java.util.concurrent.ThreadPoolExecutor.runWorker(ThreadPoolExecutor.java:1154)
06-04 21:53:17.658 17102 17665 W AiAiFed : 	at java.util.concurrent.ThreadPoolExecutor$Worker.run(ThreadPoolExecutor.java:652)
06-04 21:53:17.658 17102 17665 W AiAiFed : 	at java.lang.Thread.run(Thread.java:1563)
06-04 21:53:17.658 17102 17665 W AiAiFed : [AiAi SmartSelect FL] Cancelling training failed [mode=FEDERATION, population=aiai/playstore/smartselect/prod/train/en/address-phone-other, session=smartselect/prod/train/en/address-phone-other]
06-04 21:53:17.658 17102 17665 W AiAiFed : aase: UNKNOWN
06-04 21:53:17.658 17102 17665 W AiAiFed : 	at abji.ak(PG:17)
06-04 21:53:17.658 17102 17665 W AiAiFed : 	at aawy.g(PG:1)
06-04 21:53:17.658 17102 17665 W AiAiFed : 	at aawv.a(PG:28)
06-04 21:53:17.658 17102 17665 W AiAiFed : 	at aaxn.run(PG:7)
06-04 21:53:17.658 17102 17665 W AiAiFed : 	at abeh.run(PG:12)
06-04 21:53:17.658 17102 17665 W AiAiFed : 	at java.util.concurrent.ThreadPoolExecutor.runWorker(ThreadPoolExecutor.java:1154)
06-04 21:53:17.658 17102 17665 W AiAiFed : 	at java.util.concurrent.ThreadPoolExecutor$Worker.run(ThreadPoolExecutor.java:652)
06-04 21:53:17.658 17102 17665 W AiAiFed : 	at java.lang.Thread.run(Thread.java:1563)
06-04 21:53:17.658 28733 28733 I cr_CompositorSurfaceMgr: Transitioning to surface with format: -3
06-04 21:53:17.658 17102 17665 W AiAiFed : [AiAi SmartSelect FL] Cancelling training failed [mode=FEDERATION, population=aiai/playstore/smartselect/prod/train/en/pasted-to-search-apps, session=smartselect/prod/train/en/pasted-to-search-apps]
06-04 21:53:17.658 17102 17665 W AiAiFed : java.lang.IllegalArgumentException: Unsupported response code3
06-04 21:53:17.658 17102 17665 W AiAiFed : 	at qlu.run(PG:48)
06-04 21:53:17.658 17102 17665 W AiAiFed : 	at java.util.concurrent.Executors$RunnableAdapter.call(Executors.java:520)
06-04 21:53:17.658 17102 17665 W AiAiFed : 	at java.util.concurrent.FutureTask.run(FutureTask.java:317)
06-04 21:53:17.658 17102 17665 W AiAiFed : 	at java.util.concurrent.ScheduledThreadPoolExecutor$ScheduledFutureTask.run(ScheduledThreadPoolExecutor.java:348)
06-04 21:53:17.658 17102 17665 W AiAiFed : 	at java.util.concurrent.ThreadPoolExecutor.runWorker(ThreadPoolExecutor.java:1154)
06-04 21:53:17.658 17102 17665 W AiAiFed : 	at java.util.concurrent.ThreadPoolExecutor$Worker.run(ThreadPoolExecutor.java:652)
06-04 21:53:17.658 17102 17665 W AiAiFed : 	at java.lang.Thread.run(Thread.java:1563)
06-04 21:53:17.662 17102 17665 W AiAiFed : [AiAi SmartSelect FL] Cancelling training failed [mode=FEDERATION, population=aiai/playstore/smartselect/prod/train/en/pasted-to-search-apps, session=smartselect/prod/train/en/pasted-to-search-apps]
06-04 21:53:17.662 17102 17665 W AiAiFed : aase: UNKNOWN
06-04 21:53:17.662 17102 17665 W AiAiFed : 	at abji.ak(PG:17)
06-04 21:53:17.662 17102 17665 W AiAiFed : 	at aawy.g(PG:1)
06-04 21:53:17.662 17102 17665 W AiAiFed : 	at aawv.a(PG:28)
06-04 21:53:17.662 17102 17665 W AiAiFed : 	at aaxn.run(PG:7)
06-04 21:53:17.662 17102 17665 W AiAiFed : 	at abeh.run(PG:12)
06-04 21:53:17.662 17102 17665 W AiAiFed : 	at java.util.concurrent.ThreadPoolExecutor.runWorker(ThreadPoolExecutor.java:1154)
06-04 21:53:17.662 17102 17665 W AiAiFed : 	at java.util.concurrent.ThreadPoolExecutor$Worker.run(ThreadPoolExecutor.java:652)
06-04 21:53:17.662 17102 17665 W AiAiFed : 	at java.lang.Thread.run(Thread.java:1563)
06-04 21:53:17.662 17102 17665 W AiAiFed : [AiAi SimpleStorage Federated Collection] Cancelling training failed [mode=FEDERATION, population=aiai/playstore/smartselect/train/en/all_nonsentences, session=smartselect/train/en/all_nonsentences]
06-04 21:53:17.662 17102 17665 W AiAiFed : java.lang.IllegalArgumentException: Unsupported response code3
06-04 21:53:17.662 17102 17665 W AiAiFed : 	at qlu.run(PG:48)
06-04 21:53:17.662 17102 17665 W AiAiFed : 	at java.util.concurrent.Executors$RunnableAdapter.call(Executors.java:520)
06-04 21:53:17.662 17102 17665 W AiAiFed : 	at java.util.concurrent.FutureTask.run(FutureTask.java:317)
06-04 21:53:17.662 17102 17665 W AiAiFed : 	at java.util.concurrent.ScheduledThreadPoolExecutor$ScheduledFutureTask.run(ScheduledThreadPoolExecutor.java:348)
06-04 21:53:17.662 17102 17665 W AiAiFed : 	at java.util.concurrent.ThreadPoolExecutor.runWorker(ThreadPoolExecutor.java:1154)
06-04 21:53:17.662 17102 17665 W AiAiFed : 	at java.util.concurrent.ThreadPoolExecutor$Worker.run(ThreadPoolExecutor.java:652)
06-04 21:53:17.662 17102 17665 W AiAiFed : 	at java.lang.Thread.run(Thread.java:1563)
06-04 21:53:17.662 17102 17665 W AiAiFed : [AiAi SimpleStorage Federated Collection] Cancelling training failed [mode=FEDERATION, population=aiai/playstore/smartselect/train/en/all_nonsentences, session=smartselect/train/en/all_nonsentences]
06-04 21:53:17.662 17102 17665 W AiAiFed : aase: UNKNOWN
06-04 21:53:17.662 17102 17665 W AiAiFed : 	at abji.ak(PG:17)
06-04 21:53:17.662 17102 17665 W AiAiFed : 	at aawy.g(PG:1)
06-04 21:53:17.662 17102 17665 W AiAiFed : 	at aawv.a(PG:28)
06-04 21:53:17.662 17102 17665 W AiAiFed : 	at aaxn.run(PG:7)
06-04 21:53:17.662 17102 17665 W AiAiFed : 	at abeh.run(PG:12)
06-04 21:53:17.662 17102 17665 W AiAiFed : 	at java.util.concurrent.ThreadPoolExecutor.runWorker(ThreadPoolExecutor.java:1154)
06-04 21:53:17.662 17102 17665 W AiAiFed : 	at java.util.concurrent.ThreadPoolExecutor$Worker.run(ThreadPoolExecutor.java:652)
06-04 21:53:17.662 17102 17665 W AiAiFed : 	at java.lang.Thread.run(Thread.java:1563)
06-04 21:53:17.663 17102 17665 W AiAiFed : [AiAi SimpleStorage Federated Collection] Cancelling training failed [mode=FEDERATION, population=aiai/playstore/smartselect/train/en/phone, session=smartselect/train/en/phone]
06-04 21:53:17.663 17102 17665 W AiAiFed : java.lang.IllegalArgumentException: Unsupported response code3
06-04 21:53:17.663 17102 17665 W AiAiFed : 	at qlu.run(PG:48)
06-04 21:53:17.663 17102 17665 W AiAiFed : 	at java.util.concurrent.Executors$RunnableAdapter.call(Executors.java:520)
06-04 21:53:17.663 17102 17665 W AiAiFed : 	at java.util.concurrent.FutureTask.run(FutureTask.java:317)
06-04 21:53:17.663 17102 17665 W AiAiFed : 	at java.util.concurrent.ScheduledThreadPoolExecutor$ScheduledFutureTask.run(ScheduledThreadPoolExecutor.java:348)
06-04 21:53:17.663 17102 17665 W AiAiFed : 	at java.util.concurrent.ThreadPoolExecutor.runWorker(ThreadPoolExecutor.java:1154)
06-04 21:53:17.663 17102 17665 W AiAiFed : 	at java.util.concurrent.ThreadPoolExecutor$Worker.run(ThreadPoolExecutor.java:652)
06-04 21:53:17.663 17102 17665 W AiAiFed : 	at java.lang.Thread.run(Thread.java:1563)
06-04 21:53:17.663 17102 17665 W AiAiFed : [AiAi SimpleStorage Federated Collection] Cancelling training failed [mode=FEDERATION, population=aiai/playstore/smartselect/train/en/phone, session=smartselect/train/en/phone]
06-04 21:53:17.663 17102 17665 W AiAiFed : aase: UNKNOWN
06-04 21:53:17.663 17102 17665 W AiAiFed : 	at abji.ak(PG:17)
06-04 21:53:17.663 17102 17665 W AiAiFed : 	at aawy.g(PG:1)
06-04 21:53:17.663 17102 17665 W AiAiFed : 	at aawv.a(PG:28)
06-04 21:53:17.663 17102 17665 W AiAiFed : 	at aaxn.run(PG:7)
06-04 21:53:17.663 17102 17665 W AiAiFed : 	at abeh.run(PG:12)
06-04 21:53:17.663 17102 17665 W AiAiFed : 	at java.util.concurrent.ThreadPoolExecutor.runWorker(ThreadPoolExecutor.java:1154)
06-04 21:53:17.663 17102 17665 W AiAiFed : 	at java.util.concurrent.ThreadPoolExecutor$Worker.run(ThreadPoolExecutor.java:652)
06-04 21:53:17.663 17102 17665 W AiAiFed : 	at java.lang.Thread.run(Thread.java:1563)
06-04 21:53:17.663 17102 17665 W AiAiFed : [AiAi SimpleStorage Federated Collection] Cancelling training failed [mode=FEDERATION, population=aiai/playstore/smartselect/train/en/all-non-translate, session=smartselect/train/en/all-non-translate]
06-04 21:53:17.663 17102 17665 W AiAiFed : java.lang.IllegalArgumentException: Unsupported response code3
06-04 21:53:17.663 17102 17665 W AiAiFed : 	at qlu.run(PG:48)
06-04 21:53:17.663 17102 17665 W AiAiFed : 	at java.util.concurrent.Executors$RunnableAdapter.call(Executors.java:520)
06-04 21:53:17.663 17102 17665 W AiAiFed : 	at java.util.concurrent.FutureTask.run(FutureTask.java:317)
06-04 21:53:17.663 17102 17665 W AiAiFed : 	at java.util.concurrent.ScheduledThreadPoolExecutor$ScheduledFutureTask.run(ScheduledThreadPoolExecutor.java:348)
06-04 21:53:17.663 17102 17665 W AiAiFed : 	at java.util.concurrent.ThreadPoolExecutor.runWorker(ThreadPoolExecutor.java:1154)
06-04 21:53:17.663 17102 17665 W AiAiFed : 	at java.util.concurrent.ThreadPoolExecutor$Worker.run(ThreadPoolExecutor.java:652)
06-04 21:53:17.663 17102 17665 W AiAiFed : 	at java.lang.Thread.run(Thread.java:1563)
06-04 21:53:17.663 17102 17665 W AiAiFed : [AiAi SimpleStorage Federated Collection] Cancelling training failed [mode=FEDERATION, population=aiai/playstore/smartselect/train/en/all-non-translate, session=smartselect/train/en/all-non-translate]
06-04 21:53:17.663 17102 17665 W AiAiFed : aase: UNKNOWN
06-04 21:53:17.663 17102 17665 W AiAiFed : 	at abji.ak(PG:17)
06-04 21:53:17.663 17102 17665 W AiAiFed : 	at aawy.g(PG:1)
06-04 21:53:17.663 17102 17665 W AiAiFed : 	at aawv.a(PG:28)
06-04 21:53:17.663 17102 17665 W AiAiFed : 	at aaxn.run(PG:7)
06-04 21:53:17.663 17102 17665 W AiAiFed : 	at abeh.run(PG:12)
06-04 21:53:17.663 17102 17665 W AiAiFed : 	at java.util.concurrent.ThreadPoolExecutor.runWorker(ThreadPoolExecutor.java:1154)
06-04 21:53:17.663 17102 17665 W AiAiFed : 	at java.util.concurrent.ThreadPoolExecutor$Worker.run(ThreadPoolExecutor.java:652)
06-04 21:53:17.663 17102 17665 W AiAiFed : 	at java.lang.Thread.run(Thread.java:1563)
06-04 21:53:17.663 17102 17665 W AiAiFed : [AiAi SmartSelect FL] Cancelling training failed [mode=FEDERATION, population=aiai/playstore/smartselect/prod/train/en/address-phone-or-pasted-to-either-apps, session=smartselect/prod/train/en/address-phone-or-pasted-to-either-apps]
06-04 21:53:17.663 17102 17665 W AiAiFed : java.lang.IllegalArgumentException: Unsupported response code3
06-04 21:53:17.663 17102 17665 W AiAiFed : 	at qlu.run(PG:48)
06-04 21:53:17.663 17102 17665 W AiAiFed : 	at java.util.concurrent.Executors$RunnableAdapter.call(Executors.java:520)
06-04 21:53:17.663 17102 17665 W AiAiFed : 	at java.util.concurrent.FutureTask.run(FutureTask.java:317)
06-04 21:53:17.663 17102 17665 W AiAiFed : 	at java.util.concurrent.ScheduledThreadPoolExecutor$ScheduledFutureTask.run(ScheduledThreadPoolExecutor.java:348)
06-04 21:53:17.663 17102 17665 W AiAiFed : 	at java.util.concurrent.ThreadPoolExecutor.runWorker(ThreadPoolExecutor.java:1154)
06-04 21:53:17.663 17102 17665 W AiAiFed : 	at java.util.concurrent.ThreadPoolExecutor$Worker.run(ThreadPoolExecutor.java:652)
06-04 21:53:17.663 17102 17665 W AiAiFed : 	at java.lang.Thread.run(Thread.java:1563)
06-04 21:53:17.663 17102 17665 W AiAiFed : [AiAi SmartSelect FL] Cancelling training failed [mode=FEDERATION, population=aiai/playstore/smartselect/prod/train/en/address-phone-or-pasted-to-either-apps, session=smartselect/prod/train/en/address-phone-or-pasted-to-either-apps]
06-04 21:53:17.663 17102 17665 W AiAiFed : aase: UNKNOWN
06-04 21:53:17.663 17102 17665 W AiAiFed : 	at abji.ak(PG:17)
06-04 21:53:17.663 17102 17665 W AiAiFed : 	at aawy.g(PG:1)
06-04 21:53:17.663 17102 17665 W AiAiFed : 	at aawv.a(PG:28)
06-04 21:53:17.663 17102 17665 W AiAiFed : 	at aaxn.run(PG:7)
06-04 21:53:17.663 17102 17665 W AiAiFed : 	at abeh.run(PG:12)
06-04 21:53:17.663 17102 17665 W AiAiFed : 	at java.util.concurrent.ThreadPoolExecutor.runWorker(ThreadPoolExecutor.java:1154)
06-04 21:53:17.663 17102 17665 W AiAiFed : 	at java.util.concurrent.ThreadPoolExecutor$Worker.run(ThreadPoolExecutor.java:652)
06-04 21:53:17.663 17102 17665 W AiAiFed : 	at java.lang.Thread.run(Thread.java:1563)
06-04 21:53:17.663 17102 17665 W AiAiFed : [AiAi SmartSelect FL] Cancelling training failed [mode=FEDERATION, population=aiai/playstore/smartselect/prod/train/en/pasted-to-notes-apps, session=smartselect/prod/train/en/pasted-to-notes-apps]
06-04 21:53:17.663 17102 17665 W AiAiFed : java.lang.IllegalArgumentException: Unsupported response code3
06-04 21:53:17.663 17102 17665 W AiAiFed : 	at qlu.run(PG:48)
06-04 21:53:17.663 17102 17665 W AiAiFed : 	at java.util.concurrent.Executors$RunnableAdapter.call(Executors.java:520)
06-04 21:53:17.663 17102 17665 W AiAiFed : 	at java.util.concurrent.FutureTask.run(FutureTask.java:317)
06-04 21:53:17.663 17102 17665 W AiAiFed : 	at java.util.concurrent.ScheduledThreadPoolExecutor$ScheduledFutureTask.run(ScheduledThreadPoolExecutor.java:348)
06-04 21:53:17.663 17102 17665 W AiAiFed : 	at java.util.concurrent.ThreadPoolExecutor.runWorker(ThreadPoolExecutor.java:1154)
06-04 21:53:17.663 17102 17665 W AiAiFed : 	at java.util.concurrent.ThreadPoolExecutor$Worker.run(ThreadPoolExecutor.java:652)
06-04 21:53:17.663 17102 17665 W AiAiFed : 	at java.lang.Thread.run(Thread.java:1563)
06-04 21:53:17.663 28956 28982 W System.err: Seeding context with ref: 199183208
06-04 21:53:17.663 28956 28982 W System.err: val in interceptor: null
06-04 21:53:17.663 17102 17665 W AiAiFed : [AiAi SmartSelect FL] Cancelling training failed [mode=FEDERATION, population=aiai/playstore/smartselect/prod/train/en/pasted-to-notes-apps, session=smartselect/prod/train/en/pasted-to-notes-apps]
06-04 21:53:17.663 17102 17665 W AiAiFed : aase: UNKNOWN
06-04 21:53:17.663 17102 17665 W AiAiFed : 	at abji.ak(PG:17)
06-04 21:53:17.663 17102 17665 W AiAiFed : 	at aawy.g(PG:1)
06-04 21:53:17.663 17102 17665 W AiAiFed : 	at aawv.a(PG:28)
06-04 21:53:17.663 17102 17665 W AiAiFed : 	at aaxn.run(PG:7)
06-04 21:53:17.663 17102 17665 W AiAiFed : 	at abeh.run(PG:12)
06-04 21:53:17.663 17102 17665 W AiAiFed : 	at java.util.concurrent.ThreadPoolExecutor.runWorker(ThreadPoolExecutor.java:1154)
06-04 21:53:17.663 17102 17665 W AiAiFed : 	at java.util.concurrent.ThreadPoolExecutor$Worker.run(ThreadPoolExecutor.java:652)
06-04 21:53:17.663 17102 17665 W AiAiFed : 	at java.lang.Thread.run(Thread.java:1563)
06-04 21:53:17.664 17102 17665 W AiAiFed : [AiAi SimpleStorage Federated Collection] Cancelling training failed [mode=FEDERATION, population=aiai/playstore/smartselect/train/en/address-otp-copied, session=smartselect/train/en/address-otp-copied]
06-04 21:53:17.664 17102 17665 W AiAiFed : java.lang.IllegalArgumentException: Unsupported response code3
06-04 21:53:17.664 17102 17665 W AiAiFed : 	at qlu.run(PG:48)
06-04 21:53:17.664 17102 17665 W AiAiFed : 	at java.util.concurrent.Executors$RunnableAdapter.call(Executors.java:520)
06-04 21:53:17.664 17102 17665 W AiAiFed : 	at java.util.concurrent.FutureTask.run(FutureTask.java:317)
06-04 21:53:17.664 17102 17665 W AiAiFed : 	at java.util.concurrent.ScheduledThreadPoolExecutor$ScheduledFutureTask.run(ScheduledThreadPoolExecutor.java:348)
06-04 21:53:17.664 17102 17665 W AiAiFed : 	at java.util.concurrent.ThreadPoolExecutor.runWorker(ThreadPoolExecutor.java:1154)
06-04 21:53:17.664 17102 17665 W AiAiFed : 	at java.util.concurrent.ThreadPoolExecutor$Worker.run(ThreadPoolExecutor.java:652)
06-04 21:53:17.664 17102 17665 W AiAiFed : 	at java.lang.Thread.run(Thread.java:1563)
06-04 21:53:17.664 17102 17665 W AiAiFed : [AiAi SimpleStorage Federated Collection] Cancelling training failed [mode=FEDERATION, population=aiai/playstore/smartselect/train/en/address-otp-copied, session=smartselect/train/en/address-otp-copied]
06-04 21:53:17.664 17102 17665 W AiAiFed : aase: UNKNOWN
06-04 21:53:17.664 17102 17665 W AiAiFed : 	at abji.ak(PG:17)
06-04 21:53:17.664 17102 17665 W AiAiFed : 	at aawy.g(PG:1)
06-04 21:53:17.664 17102 17665 W AiAiFed : 	at aawv.a(PG:28)
06-04 21:53:17.664 17102 17665 W AiAiFed : 	at aaxn.run(PG:7)
06-04 21:53:17.664 17102 17665 W AiAiFed : 	at abeh.run(PG:12)
06-04 21:53:17.664 17102 17665 W AiAiFed : 	at java.util.concurrent.ThreadPoolExecutor.runWorker(ThreadPoolExecutor.java:1154)
06-04 21:53:17.664 17102 17665 W AiAiFed : 	at java.util.concurrent.ThreadPoolExecutor$Worker.run(ThreadPoolExecutor.java:652)
06-04 21:53:17.664 17102 17665 W AiAiFed : 	at java.lang.Thread.run(Thread.java:1563)
06-04 21:53:17.664 17102 17665 W AiAiFed : [AiAi SimpleStorage Federated Collection] Cancelling training failed [mode=FEDERATION, population=aiai/playstore/smartselect/train/en/address-phone-or-selected-in-search-or-browser-apps, session=smartselect/train/en/address-phone-or-selected-in-search-or-browser-apps]
06-04 21:53:17.664 17102 17665 W AiAiFed : java.lang.IllegalArgumentException: Unsupported response code3
06-04 21:53:17.664 17102 17665 W AiAiFed : 	at qlu.run(PG:48)
06-04 21:53:17.664 17102 17665 W AiAiFed : 	at java.util.concurrent.Executors$RunnableAdapter.call(Executors.java:520)
06-04 21:53:17.664 17102 17665 W AiAiFed : 	at java.util.concurrent.FutureTask.run(FutureTask.java:317)
06-04 21:53:17.664 17102 17665 W AiAiFed : 	at java.util.concurrent.ScheduledThreadPoolExecutor$ScheduledFutureTask.run(ScheduledThreadPoolExecutor.java:348)
06-04 21:53:17.664 17102 17665 W AiAiFed : 	at java.util.concurrent.ThreadPoolExecutor.runWorker(ThreadPoolExecutor.java:1154)
06-04 21:53:17.664 17102 17665 W AiAiFed : 	at java.util.concurrent.ThreadPoolExecutor$Worker.run(ThreadPoolExecutor.java:652)
06-04 21:53:17.664 17102 17665 W AiAiFed : 	at java.lang.Thread.run(Thread.java:1563)
06-04 21:53:17.664 17102 17665 W AiAiFed : [AiAi SimpleStorage Federated Collection] Cancelling training failed [mode=FEDERATION, population=aiai/playstore/smartselect/train/en/address-phone-or-selected-in-search-or-browser-apps, session=smartselect/train/en/address-phone-or-selected-in-search-or-browser-apps]
06-04 21:53:17.664 17102 17665 W AiAiFed : aase: UNKNOWN
06-04 21:53:17.664 17102 17665 W AiAiFed : 	at abji.ak(PG:17)
06-04 21:53:17.664 17102 17665 W AiAiFed : 	at aawy.g(PG:1)
06-04 21:53:17.664 17102 17665 W AiAiFed : 	at aawv.a(PG:28)
06-04 21:53:17.664 17102 17665 W AiAiFed : 	at aaxn.run(PG:7)
06-04 21:53:17.664 17102 17665 W AiAiFed : 	at abeh.run(PG:12)
06-04 21:53:17.664 17102 17665 W AiAiFed : 	at java.util.concurrent.ThreadPoolExecutor.runWorker(ThreadPoolExecutor.java:1154)
06-04 21:53:17.664 17102 17665 W AiAiFed : 	at java.util.concurrent.ThreadPoolExecutor$Worker.run(ThreadPoolExecutor.java:652)
06-04 21:53:17.664 17102 17665 W AiAiFed : 	at java.lang.Thread.run(Thread.java:1563)
06-04 21:53:17.664 17102 17665 W AiAiFed : [AiAi SmartSelect FL] Cancelling training failed [mode=FEDERATION, population=aiai/playstore/smartselect/prod/train/en/all_nonsentences, session=smartselect/prod/train/en/all_nonsentences]
06-04 21:53:17.664 17102 17665 W AiAiFed : java.lang.IllegalArgumentException: Unsupported response code3
06-04 21:53:17.664 17102 17665 W AiAiFed : 	at qlu.run(PG:48)
06-04 21:53:17.664 17102 17665 W AiAiFed : 	at java.util.concurrent.Executors$RunnableAdapter.call(Executors.java:520)
06-04 21:53:17.664 17102 17665 W AiAiFed : 	at java.util.concurrent.FutureTask.run(FutureTask.java:317)
06-04 21:53:17.664 17102 17665 W AiAiFed : 	at java.util.concurrent.ScheduledThreadPoolExecutor$ScheduledFutureTask.run(ScheduledThreadPoolExecutor.java:348)
06-04 21:53:17.664 17102 17665 W AiAiFed : 	at java.util.concurrent.ThreadPoolExecutor.runWorker(ThreadPoolExecutor.java:1154)
06-04 21:53:17.664 17102 17665 W AiAiFed : 	at java.util.concurrent.ThreadPoolExecutor$Worker.run(ThreadPoolExecutor.java:652)
06-04 21:53:17.664 17102 17665 W AiAiFed : 	at java.lang.Thread.run(Thread.java:1563)
06-04 21:53:17.664 17102 17665 W AiAiFed : [AiAi SmartSelect FL] Cancelling training failed [mode=FEDERATION, population=aiai/playstore/smartselect/prod/train/en/all_nonsentences, session=smartselect/prod/train/en/all_nonsentences]
06-04 21:53:17.664 17102 17665 W AiAiFed : aase: UNKNOWN
06-04 21:53:17.664 17102 17665 W AiAiFed : 	at abji.ak(PG:17)
06-04 21:53:17.664 17102 17665 W AiAiFed : 	at aawy.g(PG:1)
06-04 21:53:17.664 17102 17665 W AiAiFed : 	at aawv.a(PG:28)
06-04 21:53:17.664 17102 17665 W AiAiFed : 	at aaxn.run(PG:7)
06-04 21:53:17.664 17102 17665 W AiAiFed : 	at abeh.run(PG:12)
06-04 21:53:17.664 17102 17665 W AiAiFed : 	at java.util.concurrent.ThreadPoolExecutor.runWorker(ThreadPoolExecutor.java:1154)
06-04 21:53:17.664 17102 17665 W AiAiFed : 	at java.util.concurrent.ThreadPoolExecutor$Worker.run(ThreadPoolExecutor.java:652)
06-04 21:53:17.664 17102 17665 W AiAiFed : 	at java.lang.Thread.run(Thread.java:1563)
06-04 21:53:17.664 17102 17665 W AiAiFed : [AiAi SmartSelect FL] Cancelling training failed [mode=FEDERATION, population=aiai/playstore/smartselect/prod/train/en/selected-in-non-messaging-apps, session=smartselect/prod/train/en/selected-in-non-messaging-apps]
06-04 21:53:17.664 17102 17665 W AiAiFed : java.lang.IllegalArgumentException: Unsupported response code3
06-04 21:53:17.664 17102 17665 W AiAiFed : 	at qlu.run(PG:48)
06-04 21:53:17.664 17102 17665 W AiAiFed : 	at java.util.concurrent.Executors$RunnableAdapter.call(Executors.java:520)
06-04 21:53:17.664 17102 17665 W AiAiFed : 	at java.util.concurrent.FutureTask.run(FutureTask.java:317)
06-04 21:53:17.664 17102 17665 W AiAiFed : 	at java.util.concurrent.ScheduledThreadPoolExecutor$ScheduledFutureTask.run(ScheduledThreadPoolExecutor.java:348)
06-04 21:53:17.664 17102 17665 W AiAiFed : 	at java.util.concurrent.ThreadPoolExecutor.runWorker(ThreadPoolExecutor.java:1154)
06-04 21:53:17.664 17102 17665 W AiAiFed : 	at java.util.concurrent.ThreadPoolExecutor$Worker.run(ThreadPoolExecutor.java:652)
06-04 21:53:17.664 17102 17665 W AiAiFed : 	at java.lang.Thread.run(Thread.java:1563)
06-04 21:53:17.664 17102 17665 W AiAiFed : [AiAi SmartSelect FL] Cancelling training failed [mode=FEDERATION, population=aiai/playstore/smartselect/prod/train/en/selected-in-non-messaging-apps, session=smartselect/prod/train/en/selected-in-non-messaging-apps]
06-04 21:53:17.664 17102 17665 W AiAiFed : aase: UNKNOWN
06-04 21:53:17.664 17102 17665 W AiAiFed : 	at abji.ak(PG:17)
06-04 21:53:17.664 17102 17665 W AiAiFed : 	at aawy.g(PG:1)
06-04 21:53:17.664 17102 17665 W AiAiFed : 	at aawv.a(PG:28)
06-04 21:53:17.664 17102 17665 W AiAiFed : 	at aaxn.run(PG:7)
06-04 21:53:17.664 17102 17665 W AiAiFed : 	at abeh.run(PG:12)
06-04 21:53:17.664 17102 17665 W AiAiFed : 	at java.util.concurrent.ThreadPoolExecutor.runWorker(ThreadPoolExecutor.java:1154)
06-04 21:53:17.664 17102 17665 W AiAiFed : 	at java.util.concurrent.ThreadPoolExecutor$Worker.run(ThreadPoolExecutor.java:652)
06-04 21:53:17.664 17102 17665 W AiAiFed : 	at java.lang.Thread.run(Thread.java:1563)
06-04 21:53:17.664 17102 17665 W AiAiFed : [AiAi SmartSelect FL] Cancelling training failed [mode=FEDERATION, population=aiai/playstore/smartselect/prod/train/en/address-phone-or-pasted-to-non-messaging-apps, session=smartselect/prod/train/en/address-phone-or-pasted-to-non-messaging-apps]
06-04 21:53:17.664 17102 17665 W AiAiFed : java.lang.IllegalArgumentException: Unsupported response code3
06-04 21:53:17.664 17102 17665 W AiAiFed : 	at qlu.run(PG:48)
06-04 21:53:17.664 17102 17665 W AiAiFed : 	at java.util.concurrent.Executors$RunnableAdapter.call(Executors.java:520)
06-04 21:53:17.664 17102 17665 W AiAiFed : 	at java.util.concurrent.FutureTask.run(FutureTask.java:317)
06-04 21:53:17.664 17102 17665 W AiAiFed : 	at java.util.concurrent.ScheduledThreadPoolExecutor$ScheduledFutureTask.run(ScheduledThreadPoolExecutor.java:348)
06-04 21:53:17.664 17102 17665 W AiAiFed : 	at java.util.concurrent.ThreadPoolExecutor.runWorker(ThreadPoolExecutor.java:1154)
06-04 21:53:17.664 17102 17665 W AiAiFed : 	at java.util.concurrent.ThreadPoolExecutor$Worker.run(ThreadPoolExecutor.java:652)
06-04 21:53:17.664 17102 17665 W AiAiFed : 	at java.lang.Thread.run(Thread.java:1563)
