06-04 21:49:49.269 15690 15693 I artd    : GetBestInfo: odex next to the dex file (/product/priv-app/PrebuiltGmsCore/oat/arm64/PrebuiltGmsCore.odex) is kOatUpToDate with filter 'verify' executable 'false'
06-04 21:49:49.272 15690 19816 W artd    : Could not get dex checksums for location /data/app/~~n4kQt_qV4sELtgvUB_MreQ==/com.arrowagain.game-eWnpHANVuymeyIjJp0n_fg==/base.apk, fd=-1
06-04 21:49:49.282 15690 15691 I artd    : GetBestInfo: /data/user_de/0/com.google.android.gms/app_chimera/m/0000000a/dl-MlkitOcrCommon.optional_253434100400.apk has no usable artifacts
06-04 21:49:49.287 15690 15693 I artd    : GetBestInfo: /data/user/0/com.google.android.gms/app_dg_cache/DD26CFCA40A2391A1E3626BBAF83BD500298C9F7/the.apk has no usable artifacts
06-04 21:49:49.290 15690 15691 I artd    : GetBestInfo: /data/user_de/0/com.google.android.gms/app_chimera/m/00000001/CronetDynamite.apk has no usable artifacts
06-04 21:49:49.292 15690 15691 I artd    : GetBestInfo: /data/user_de/0/com.google.android.gms/app_chimera/m/00000002/DynamiteLoader.apk has no usable artifacts
06-04 21:49:49.293 15690 19816 I artd    : GetBestInfo: /data/user_de/0/com.google.android.gms/app_chimera/m/00000005/GoogleCertificates.apk has no usable artifacts
06-04 21:49:49.296 15690 19596 I artd    : GetBestInfo: /data/user_de/0/com.google.android.gms/app_chimera/m/00000009/dl-TfliteDynamiteDynamite.integ_252130102100400.apk has no usable artifacts
06-04 21:49:49.308 15690 19596 I artd    : GetBestInfo: /data/user_de/0/com.google.android.gms/app_chimera/m/00000008/dl-VisionOcr.optional_253434100000.apk has no usable artifacts
06-04 21:49:49.309 15690 15691 I artd    : GetBestInfo: /data/user_de/0/com.google.android.gms/app_chimera/m/00000007/MeasurementDynamite.apk has no usable artifacts
06-04 21:49:50.889 15424 15635 D ActivityManager: freezing 3474 com.google.android.gms
06-04 21:49:51.677 17076 17252 D SatelliteController: iisInCarrierRoamingNbIotNtn: satellite is disabled
06-04 21:49:51.679 17076 17252 D SatelliteController: getCarrierRoamingNtnConnectType: Falling back to global carrier config connect type: 0
06-04 21:49:51.854 27744 27878 I CapacitorCookies: Getting cookies at: 'https://firebaseinstallations.googleapis.com/v1/projects/profession-ball-arena/installations'
06-04 21:49:52.203 15424 15736 I HalDevMgr: bestIfaceCreationProposal is null, requestIface=STA, existingIface=[name=wlan0 type=STA]
06-04 21:49:53.489 26297 27892 W libbinder.IPCThreadState: Sending oneway calls to frozen process.
06-04 21:49:55.207 15424 15736 I HalDevMgr: bestIfaceCreationProposal is null, requestIface=STA, existingIface=[name=wlan0 type=STA]
06-04 21:49:58.232 15424 15736 I HalDevMgr: bestIfaceCreationProposal is null, requestIface=STA, existingIface=[name=wlan0 type=STA]
06-04 21:49:59.001 27928 27928 W libbinder.BackendUnifiedServiceManager: Thread Pool max thread count is 0. Cannot cache binder as linkToDeath cannot be implemented. serviceName: package
06-04 21:49:59.303 15690 19596 I artd    : GetBestInfo: odex next to the dex file (/product/priv-app/PrebuiltGmsCore/oat/arm64/PrebuiltGmsCore.odex) is kOatUpToDate with filter 'verify' executable 'false'
06-04 21:49:59.305 15690 15691 W artd    : Could not get dex checksums for location /data/app/~~n4kQt_qV4sELtgvUB_MreQ==/com.arrowagain.game-eWnpHANVuymeyIjJp0n_fg==/base.apk, fd=-1
06-04 21:49:59.311 15690 15691 I artd    : GetBestInfo: /data/user_de/0/com.google.android.gms/app_chimera/m/0000000a/dl-MlkitOcrCommon.optional_253434100400.apk has no usable artifacts
06-04 21:49:59.321 15690 19596 I artd    : GetBestInfo: /data/user/0/com.google.android.gms/app_dg_cache/DD26CFCA40A2391A1E3626BBAF83BD500298C9F7/the.apk has no usable artifacts
06-04 21:49:59.322 15690 15691 I artd    : GetBestInfo: /data/user_de/0/com.google.android.gms/app_chimera/m/00000001/CronetDynamite.apk has no usable artifacts
06-04 21:49:59.324 15690 19816 I artd    : GetBestInfo: /data/user_de/0/com.google.android.gms/app_chimera/m/00000002/DynamiteLoader.apk has no usable artifacts
06-04 21:49:59.330 15690 15693 I artd    : GetBestInfo: /data/user_de/0/com.google.android.gms/app_chimera/m/00000005/GoogleCertificates.apk has no usable artifacts
06-04 21:49:59.332 15690 19816 I artd    : GetBestInfo: /data/user_de/0/com.google.android.gms/app_chimera/m/00000009/dl-TfliteDynamiteDynamite.integ_252130102100400.apk has no usable artifacts
06-04 21:49:59.336 15690 19596 I artd    : GetBestInfo: /data/user_de/0/com.google.android.gms/app_chimera/m/00000008/dl-VisionOcr.optional_253434100000.apk has no usable artifacts
06-04 21:49:59.337 15690 19596 I artd    : GetBestInfo: /data/user_de/0/com.google.android.gms/app_chimera/m/00000007/MeasurementDynamite.apk has no usable artifacts
06-04 21:50:01.239 15424 15736 I HalDevMgr: bestIfaceCreationProposal is null, requestIface=STA, existingIface=[name=wlan0 type=STA]
06-04 21:50:01.666 17076 17252 D SatelliteController: iisInCarrierRoamingNbIotNtn: satellite is disabled
06-04 21:50:01.668 17076 17252 D SatelliteController: getCarrierRoamingNtnConnectType: Falling back to global carrier config connect type: 0
06-04 21:50:02.621 27744 27878 I CapacitorCookies: Getting cookies at: 'https://firebaseinstallations.googleapis.com/v1/projects/profession-ball-arena/installations'
06-04 21:50:03.207 27744 27878 I CapacitorCookies: Getting cookies at: 'https://firebaseinstallations.googleapis.com/v1/projects/profession-ball-arena/installations'
06-04 21:50:04.261 15424 15736 I HalDevMgr: bestIfaceCreationProposal is null, requestIface=STA, existingIface=[name=wlan0 type=STA]
06-04 21:50:04.405 27744 27878 I CapacitorCookies: Getting cookies at: 'https://firebaseinstallations.googleapis.com/v1/projects/profession-ball-arena/installations'
06-04 21:50:04.524 27744 27878 I CapacitorCookies: Getting cookies at: 'https://firebaseinstallations.googleapis.com/v1/projects/profession-ball-arena/installations'
06-04 21:50:05.771 27744 27878 I CapacitorCookies: Getting cookies at: 'https://firebaseinstallations.googleapis.com/v1/projects/profession-ball-arena/installations'
06-04 21:50:06.027 15424 16758 D WifiNl80211Manager: Scan result ready event
06-04 21:50:06.028 15424 16758 D WifiNative: Scan result ready event
06-04 21:50:06.112 26297 30028 I WifiScanner: onFullResults
06-04 21:50:06.169 15424 15736 I HalDevMgr: bestIfaceCreationProposal is null, requestIface=STA, existingIface=[name=wlan0 type=STA]
06-04 21:50:06.721 15949 27935 D NetworkMonitor/101: PROBE_DNS www.google.com 36ms OK 31.13.92.37,2001:4860:482b:7700::,2001:4860:4829:7700::,2001:4860:4828:7700::,2001:4860:482c:7700::,2001:4860:482d:7700::,2001:4860:4826:7700::,2001:4860:4827:7700::,2001:4860:482a:7700::
06-04 21:50:06.726 15949 27936 D NetworkMonitor/101: PROBE_DNS connectivitycheck.gstatic.com 41ms OK 120.253.255.162
06-04 21:50:07.018 15949 27936 D NetworkMonitor/101: PROBE_HTTP http://connectivitycheck.gstatic.com/generate_204 time=285ms ret=204 request={Connection=[close], User-Agent=[Mozilla/5.0 (X11; Linux x86_64) AppleWebKit/537.36 (KHTML, like Gecko) Chrome/60.0.3112.32 Safari/537.36]} headers={null=[HTTP/1.1 204 No Content], Connection=[close], Content-Length=[0], Cross-Origin-Resource-Policy=[cross-origin], Date=[Thu, 04 Jun 2026 13:50:23 GMT], X-Android-Received-Millis=[1780581007017], X-Android-Response-Source=[NETWORK 204], X-Android-Selected-Protocol=[http/1.1], X-Android-Sent-Millis=[1780581006938]}
06-04 21:50:07.268 15424 15736 I HalDevMgr: bestIfaceCreationProposal is null, requestIface=STA, existingIface=[name=wlan0 type=STA]
06-04 21:50:08.889 27947 27947 W libbinder.BackendUnifiedServiceManager: Thread Pool max thread count is 0. Cannot cache binder as linkToDeath cannot be implemented. serviceName: package
06-04 21:50:09.189 15690 19596 I artd    : GetBestInfo: odex next to the dex file (/product/priv-app/PrebuiltGmsCore/oat/arm64/PrebuiltGmsCore.odex) is kOatUpToDate with filter 'verify' executable 'false'
06-04 21:50:09.190 15690 19816 W artd    : Could not get dex checksums for location /data/app/~~n4kQt_qV4sELtgvUB_MreQ==/com.arrowagain.game-eWnpHANVuymeyIjJp0n_fg==/base.apk, fd=-1
06-04 21:50:09.223 15690 19816 I artd    : GetBestInfo: /data/user_de/0/com.google.android.gms/app_chimera/m/0000000a/dl-MlkitOcrCommon.optional_253434100400.apk has no usable artifacts
06-04 21:50:09.239 15690 19596 I artd    : GetBestInfo: /data/user/0/com.google.android.gms/app_dg_cache/DD26CFCA40A2391A1E3626BBAF83BD500298C9F7/the.apk has no usable artifacts
06-04 21:50:09.239 15690 19596 I artd    : GetBestInfo: /data/user_de/0/com.google.android.gms/app_chimera/m/00000001/CronetDynamite.apk has no usable artifacts
06-04 21:50:09.242 15690 19816 I artd    : GetBestInfo: /data/user_de/0/com.google.android.gms/app_chimera/m/00000002/DynamiteLoader.apk has no usable artifacts
06-04 21:50:09.243 15690 19596 I artd    : GetBestInfo: /data/user_de/0/com.google.android.gms/app_chimera/m/00000005/GoogleCertificates.apk has no usable artifacts
06-04 21:50:09.246 15690 15691 I artd    : GetBestInfo: /data/user_de/0/com.google.android.gms/app_chimera/m/00000009/dl-TfliteDynamiteDynamite.integ_252130102100400.apk has no usable artifacts
06-04 21:50:09.250 15690 19816 I artd    : GetBestInfo: /data/user_de/0/com.google.android.gms/app_chimera/m/00000008/dl-VisionOcr.optional_253434100000.apk has no usable artifacts
06-04 21:50:09.251 15690 15691 I artd    : GetBestInfo: /data/user_de/0/com.google.android.gms/app_chimera/m/00000007/MeasurementDynamite.apk has no usable artifacts
06-04 21:50:10.284 15424 15736 I HalDevMgr: bestIfaceCreationProposal is null, requestIface=STA, existingIface=[name=wlan0 type=STA]
06-04 21:50:11.621 17076 17252 D SatelliteController: iisInCarrierRoamingNbIotNtn: satellite is disabled
06-04 21:50:11.629 17076 17252 D SatelliteController: getCarrierRoamingNtnConnectType: Falling back to global carrier config connect type: 0
06-04 21:50:13.293 15424 15736 I HalDevMgr: bestIfaceCreationProposal is null, requestIface=STA, existingIface=[name=wlan0 type=STA]
06-04 21:50:14.201 15424 15824 D BackgroundInstallControlService: Package event received: 0
06-04 21:50:14.203 15424 15824 D BackgroundInstallControlService: Package event received: 0
06-04 21:50:14.302 26297 27892 I AlarmManager: setExactAndAllowWhileIdle [name: GCM_HB_ALARM type: 2 triggerAtMillis: 1255530593]
06-04 21:50:14.372 26297 27892 W WakeLock: GCM_HB_ALARM release without a matched acquire!
06-04 21:50:14.555 15424 15755 D ConnectivityService: reportNetworkConnectivity(101, true) by 10155
06-04 21:50:14.559 26297 27618 I AlarmManager: setExactAndAllowWhileIdle [name: GCM_HB_ALARM type: 2 triggerAtMillis: 1255700850]
06-04 21:50:15.887 27744 27878 I CapacitorCookies: Getting cookies at: 'https://firebaseinstallations.googleapis.com/v1/projects/profession-ball-arena/installations'
06-04 21:50:16.298 15424 15736 I HalDevMgr: bestIfaceCreationProposal is null, requestIface=STA, existingIface=[name=wlan0 type=STA]
06-04 21:50:16.918 15949 27935 D NetworkMonitor/101: PROBE_HTTPS https://www.google.com/generate_204 Probe failed with exception java.net.ConnectException: Failed to connect to www.google.com/[2001:4860:482a:7700::]:443
06-04 21:50:18.828 27954 27954 W libbinder.BackendUnifiedServiceManager: Thread Pool max thread count is 0. Cannot cache binder as linkToDeath cannot be implemented. serviceName: package
06-04 21:50:18.965 15690 15691 I artd    : GetBestInfo: odex next to the dex file (/product/priv-app/PrebuiltGmsCore/oat/arm64/PrebuiltGmsCore.odex) is kOatUpToDate with filter 'verify' executable 'false'
06-04 21:50:18.966 15690 19816 W artd    : Could not get dex checksums for location /data/app/~~n4kQt_qV4sELtgvUB_MreQ==/com.arrowagain.game-eWnpHANVuymeyIjJp0n_fg==/base.apk, fd=-1
06-04 21:50:18.967 15690 19816 I artd    : GetBestInfo: /data/user_de/0/com.google.android.gms/app_chimera/m/0000000a/dl-MlkitOcrCommon.optional_253434100400.apk has no usable artifacts
06-04 21:50:18.968 15690 15691 I artd    : GetBestInfo: /data/user/0/com.google.android.gms/app_dg_cache/DD26CFCA40A2391A1E3626BBAF83BD500298C9F7/the.apk has no usable artifacts
06-04 21:50:18.968 15690 15691 I artd    : GetBestInfo: /data/user_de/0/com.google.android.gms/app_chimera/m/00000001/CronetDynamite.apk has no usable artifacts
06-04 21:50:18.969 15690 19596 I artd    : GetBestInfo: /data/user_de/0/com.google.android.gms/app_chimera/m/00000002/DynamiteLoader.apk has no usable artifacts
06-04 21:50:18.969 15690 19596 I artd    : GetBestInfo: /data/user_de/0/com.google.android.gms/app_chimera/m/00000005/GoogleCertificates.apk has no usable artifacts
06-04 21:50:18.970 15690 15691 I artd    : GetBestInfo: /data/user_de/0/com.google.android.gms/app_chimera/m/00000009/dl-TfliteDynamiteDynamite.integ_252130102100400.apk has no usable artifacts
06-04 21:50:18.972 15690 15691 I artd    : GetBestInfo: /data/user_de/0/com.google.android.gms/app_chimera/m/00000008/dl-VisionOcr.optional_253434100000.apk has no usable artifacts
06-04 21:50:18.973 15690 15691 I artd    : GetBestInfo: /data/user_de/0/com.google.android.gms/app_chimera/m/00000007/MeasurementDynamite.apk has no usable artifacts
06-04 21:50:19.305 15424 15736 I HalDevMgr: bestIfaceCreationProposal is null, requestIface=STA, existingIface=[name=wlan0 type=STA]
06-04 21:50:19.730 15949 27934 D NetworkMonitor/101: PROBE_FALLBACK http://www.google.com/gen_204 Probe failed with exception java.net.ConnectException: Failed to connect to www.google.com/[2001:4860:4829:7700::]:80
06-04 21:50:19.733 15949 27934 D NetworkMonitor/101: isCaptivePortal: isSuccessful()=false isPortal()=false RedirectUrl=null isPartialConnectivity()=true Time=13050ms
06-04 21:50:19.737 15949 18129 D NetworkMonitor/101: Forcing reevaluation for UID 10155. Dns signal count: 0
06-04 21:50:19.743 15424 15755 D ConnectivityService: [101 WIFI] validation failed
06-04 21:50:19.923 15949 27958 D NetworkMonitor/101: PROBE_DNS www.google.com 55ms OK 31.13.92.37,2001:4860:482b:7700::,2001:4860:4829:7700::,2001:4860:4828:7700::,2001:4860:482c:7700::,2001:4860:482d:7700::,2001:4860:4826:7700::,2001:4860:4827:7700::,2001:4860:482a:7700::
06-04 21:50:19.945 15949 27959 D NetworkMonitor/101: PROBE_DNS connectivitycheck.gstatic.com 76ms OK 120.253.255.162
06-04 21:50:20.116 15949 27959 D NetworkMonitor/101: PROBE_HTTP http://connectivitycheck.gstatic.com/generate_204 time=168ms ret=204 request={Connection=[close], User-Agent=[Mozilla/5.0 (X11; Linux x86_64) AppleWebKit/537.36 (KHTML, like Gecko) Chrome/60.0.3112.32 Safari/537.36]} headers={null=[HTTP/1.1 204 No Content], Connection=[close], Content-Length=[0], Cross-Origin-Resource-Policy=[cross-origin], Date=[Thu, 04 Jun 2026 13:50:36 GMT], X-Android-Received-Millis=[1780581020116], X-Android-Response-Source=[NETWORK 204], X-Android-Selected-Protocol=[http/1.1], X-Android-Sent-Millis=[1780581020039]}
06-04 21:50:21.619 17076 17252 D SatelliteController: iisInCarrierRoamingNbIotNtn: satellite is disabled
06-04 21:50:21.620 17076 17252 D SatelliteController: getCarrierRoamingNtnConnectType: Falling back to global carrier config connect type: 0
06-04 21:50:22.326 15424 15736 I HalDevMgr: bestIfaceCreationProposal is null, requestIface=STA, existingIface=[name=wlan0 type=STA]
06-04 21:50:22.427 15424 15424 W Looper  : Slow dispatch took 152ms main app=system_server main=true group=FOREGROUND h=com.android.server.power.Notifier$NotifierHandler c=null m=1
06-04 21:50:22.433 15424 15424 W Looper  : Slow delivery took 217ms main app=system_server main=true group=FOREGROUND h=com.android.server.power.Notifier$NotifierHandler c=null m=7
06-04 21:50:22.433 15424 15424 W Looper  : Drained
06-04 21:50:22.519 27744 27809 D AudioSystem: onNewServiceWithAdapter: media.audio_flinger service obtained 0xb400007829437480
06-04 21:50:22.587 27744 27809 D AudioSystem: getService: IAudioFlingerService retrieved: 0xb4000078d9492d80  IAudioFlinger cached: 0xb400007829437480
06-04 21:50:22.589 27744 27809 D AudioSystem: onNewService: media.audio_policy service obtained 0xb4000078d949af30
06-04 21:50:22.590 27744 27809 D AudioSystem: getService: IAudioPolicyService retrieved: 0xb4000078d949af30  cached: 0xb4000078d949af30
06-04 21:50:22.723 15254 15274 D NativePermissionController: checkPermission: missing 13 for 10228
06-04 21:50:22.724 15254 15274 D NativePermissionController: checkPermission: missing 13 for 10228
06-04 21:50:22.727 15254 15274 D NativePermissionController: checkPermission: missing 13 for 10228
06-04 21:50:22.728 15254 15274 D NativePermissionController: checkPermission: missing 13 for 10228
06-04 21:50:22.729 27790 27815 I chromium: [INFO:audio_latency.cc(180)] audioHardwareBufferSize = 4360
06-04 21:50:22.739 27744 27809 I AAudio  : AAudioStreamBuilder_openStream() called ----------------------------------------
06-04 21:50:22.742 27744 27809 I AudioStreamBuilder: rate   =  48000, channels  = 2, channelMask = 0x3, format   = 0x5, sharing = SH, dir = OUTPUT
06-04 21:50:22.742 27744 27809 I AudioStreamBuilder: devices = AUDIO_PORT_HANDLE_NONE, sessionId = -1, perfMode = 12, callback: ON with frames = 4360
06-04 21:50:22.742 27744 27809 I AudioStreamBuilder: usage  =      1, contentType = 0, inputPreset = 0, allowedCapturePolicy = 0
06-04 21:50:22.742 27744 27809 I AudioStreamBuilder: privacy sensitive = false, opPackageName = (null), attributionTag = (null)
06-04 21:50:22.742 27744 27809 D AudioStreamBuilder: build, global mmap policy is 0
06-04 21:50:22.743 27744 27809 D AudioStreamBuilder: build, system mmap policy is 1
06-04 21:50:22.743 27744 27809 D AudioStreamBuilder: build, final mmap policy is 1
06-04 21:50:22.743 27744 27809 D AudioStreamBuilder: build, system mmap exclusive policy is 1
06-04 21:50:22.743 27744 27809 D AudioStreamBuilder: build, final mmap exclusive policy is 1
06-04 21:50:22.743 27744 27809 D nballarena.game: PlayerBase::PlayerBase()
06-04 21:50:22.744 27744 27809 D AudioStreamTrack: open(), request notificationFrames = -8, frameCount = 0
06-04 21:50:22.749 15254 15274 D NativePermissionController: checkPermission: missing 1 for 10228
06-04 21:50:22.749 15254 15274 D NativePermissionController: checkPermission: missing 3 for 10228
06-04 21:50:22.749 15254 15274 D NativePermissionController: checkPermission: missing 5 for 10228
06-04 21:50:22.750 15254 15274 W AudioFlinger: createTrack_l(): mismatch between requested flags (00000104) and output flags (00000002)
06-04 21:50:22.750 15254 15274 D AudioFlinger: Client defaulted notificationFrames to 960 for frameCount 4360
06-04 21:50:22.750 15254 15274 I AF::PthrPatchRecord: creating track with enforcement level 0
06-04 21:50:22.782 27744 27809 D AudioStreamTrack: open() flags changed from 0x00000104 to 0x00000000
06-04 21:50:22.782 27744 27809 D AudioStreamTrack: open() perfMode changed from 12 to 10
06-04 21:50:22.782 27744 27809 D AAudioStream: setState(s#1) from 0 to 2
06-04 21:50:22.786 27744 27809 I AAudio  : AAudioStreamBuilder_openStream() got Legacy, devIds = [2], perf = NO, burst = 960
06-04 21:50:22.786 27744 27809 I AAudio  : AAudioStreamBuilder_openStream() returns 0 = AAUDIO_OK for s#1 ----------------
06-04 21:50:22.788 27744 27809 D AAudio  : AAudioStream_requestStart(s#1) called --------------
06-04 21:50:22.788 27744 27809 D AAudioStream: setState(s#1) from 2 to 3
06-04 21:50:22.791 15424 16599 E AppOps  : attributionTag  not declared in manifest of com.professionballarena.game
06-04 21:50:22.791 15424 16599 E AppOps  : attributionTag  not declared in manifest of com.professionballarena.game
06-04 21:50:22.798 27744 27809 D AAudio  : AAudioStream_requestStart(s#1) returned 0 ---------
06-04 21:50:22.799 27744 27978 D AAudioStream: setState(s#1) from 3 to 4
06-04 21:50:22.800 27744 27764 D AudioStreamLegacy: onAudioDeviceUpdate() devices 2 => 2
06-04 21:50:22.866 15254 15295 D AudioFlinger: mixer(0xb4000079be881790) throttle end: throttle time(33)
06-04 21:50:23.012 27744 27744 I Capacitor/Console: File:  - Line 349 - Msg: [object Object]
06-04 21:50:23.013 27744 27744 V Capacitor/Plugin: To native (Capacitor plugin): callbackId: 31682326, pluginId: GameAnalytics, methodName: setCollectionEnabled
06-04 21:50:23.013 27744 27744 V Capacitor: callback: 31682326, pluginId: GameAnalytics, methodName: setCollectionEnabled, methodData: {"enabled":true}
06-04 21:50:23.014 27744 27824 D GameAnalytics: setCollectionEnabled: true, firebase_app_id=1:933439959875:android:76d88a27e9123f538d35f6, gcm_sender_id=933439959875, project_id=profession-ball-arena
06-04 21:50:23.017 27744 27990 D FA      : Setting app measurement enabled (FE): true
06-04 21:50:23.021 27744 27744 I Capacitor/Console: File:  - Line 333 - Msg: {"enabled":true,"firebase_app_id":"1:933439959875:android:76d88a27e9123f538d35f6","gcm_sender_id":"933439959875","project_id":"profession-ball-arena","facebook_app_events_configured":false,"facebook_collection_enabled":true,"facebook_sdk_initialized":false}
06-04 21:50:23.023 27744 27799 D Capacitor: Handling local request: https://localhost/assets/index-D6BZX9qQ.js
06-04 21:50:23.023 27744 27990 D FA      : Updating Scion state (FE)
06-04 21:50:23.037 27744 27744 I Capacitor/Console: File:  - Line 349 - Msg: [object Object]
06-04 21:50:23.038 27744 27744 V Capacitor/Plugin: To native (Capacitor plugin): callbackId: 31682327, pluginId: AdMob, methodName: initialize
06-04 21:50:23.038 27744 27744 V Capacitor: callback: 31682327, pluginId: AdMob, methodName: initialize, methodData: {"initializeForTesting":true,"tagForChildDirectedTreatment":false,"tagForUnderAgeOfConsent":false,"maxAdContentRating":"ParentalGuidance"}
06-04 21:50:23.106 27744 27990 V FA      : Connecting to remote service
06-04 21:50:23.136 15424 15824 D BackgroundInstallControlService: Package event received: 0
06-04 21:50:23.140 15424 16296 D ActivityManager: sync unfroze 3474 com.google.android.gms for 6
06-04 21:50:23.149 15424 15824 D BackgroundInstallControlService: Package event received: 0
06-04 21:50:23.172 15424 15635 D ActivityManager: freezing 23759 com.arrowagain.game
06-04 21:50:23.179 15424 15635 D ActivityManager: freezing 23930 com.google.android.webview:sandboxed_process0:org.chromium.content.app.SandboxedProcessService0:0
06-04 21:50:23.189 27744 27744 W nballarena.game: Weak pointer dereference blocked for 12 milliseconds.
06-04 21:50:23.192 15424 15755 D InetDiagMessage: Destroyed 0 sockets, proto=IPPROTO_TCP, family=AF_INET, states=14
06-04 21:50:23.192 15424 15755 D InetDiagMessage: Destroyed 0 sockets, proto=IPPROTO_TCP, family=AF_INET6, states=14
06-04 21:50:23.192 15424 15755 D InetDiagMessage: Destroyed live tcp sockets for uids={10226} in 0ms
06-04 21:50:23.200  3474  3474 D BoundBrokerSvc: onBind: Intent { act=com.google.android.gms.measurement.START xflg=0x4 pkg=com.google.android.gms }
06-04 21:50:23.202  3474  3474 D BoundBrokerSvc: Loading bound service for intent: Intent { act=com.google.android.gms.measurement.START xflg=0x4 pkg=com.google.android.gms }
06-04 21:50:23.212 15424 16296 W ProcessStats: Tracking association SourceState{775a3af com.professionballarena.game/10228 BTop #16115} whose proc state 2 is better than process ProcessState{e019d1d com.google.android.gms/10155 pkg=com.google.android.gms} proc state 14 (15 skipped)
06-04 21:50:23.272 27744 27990 D FA      : Connected to remote service
06-04 21:50:23.338 27744 27990 V FA      : Processing queued up service tasks: 1
06-04 21:50:23.488 15424 15755 D InetDiagMessage: Destroyed 0 sockets, proto=IPPROTO_TCP, family=AF_INET, states=14
06-04 21:50:23.488 15424 15755 D InetDiagMessage: Destroyed 0 sockets, proto=IPPROTO_TCP, family=AF_INET6, states=14
06-04 21:50:23.488 15424 15755 D InetDiagMessage: Destroyed live tcp sockets for uids={99002} in 0ms
06-04 21:50:23.523 15424 16296 D ConnectivityService: requestNetwork for uid/pid:10228/27744 activeRequest: null callbackRequest: 399 [NetworkRequest [ REQUEST id=400, [ Capabilities: INTERNET&NOT_RESTRICTED&TRUSTED&NOT_VCN_MANAGED&NOT_BANDWIDTH_CONSTRAINED Uid: 10228 RequestorUid: 10228 RequestorPkg: com.professionballarena.game UnderlyingNetworks: Null] ]] callback flags: 0 order: 2147483647 isUidTracked: false declaredMethods: AVAIL|LOST
06-04 21:50:23.535 15424 15755 D ConnectivityService: NetReassign [400 : null → 101] [c 0] [a 5] [i 6]
06-04 21:50:23.535 15424 15736 D WifiNetworkFactory: got request NetworkRequest [ REQUEST id=400, [ Capabilities: INTERNET&NOT_RESTRICTED&TRUSTED&NOT_VCN_MANAGED&NOT_BANDWIDTH_CONSTRAINED Uid: 10228 RequestorUid: 10228 RequestorPkg: com.professionballarena.game UnderlyingNetworks: Null] ]
06-04 21:50:23.536 15424 15736 D UntrustedWifiNetworkFactory: got request NetworkRequest [ REQUEST id=400, [ Capabilities: INTERNET&NOT_RESTRICTED&TRUSTED&NOT_VCN_MANAGED&NOT_BANDWIDTH_CONSTRAINED Uid: 10228 RequestorUid: 10228 RequestorPkg: com.professionballarena.game UnderlyingNetworks: Null] ]
06-04 21:50:23.536 15424 15736 D OemPaidWifiNetworkFactory: got request NetworkRequest [ REQUEST id=400, [ Capabilities: INTERNET&NOT_RESTRICTED&TRUSTED&NOT_VCN_MANAGED&NOT_BANDWIDTH_CONSTRAINED Uid: 10228 RequestorUid: 10228 RequestorPkg: com.professionballarena.game UnderlyingNetworks: Null] ]
06-04 21:50:23.536 15424 15736 D MultiInternetWifiNetworkFactory: got request NetworkRequest [ REQUEST id=400, [ Capabilities: INTERNET&NOT_RESTRICTED&TRUSTED&NOT_VCN_MANAGED&NOT_BANDWIDTH_CONSTRAINED Uid: 10228 RequestorUid: 10228 RequestorPkg: com.professionballarena.game UnderlyingNetworks: Null] ]
06-04 21:50:23.541 27744 27752 I nballarena.game: Background young concurrent mark compact GC freed 2765KB AllocSpace bytes, 24(928KB) LOS objects, 39% free, 6787KB/10MB, paused 2.650ms,3.536ms total 525.985ms
06-04 21:50:23.677 27744 27744 I Capacitor/Console: File:  - Line 333 - Msg: undefined
06-04 21:50:23.678 27744 27744 I Capacitor/Console: File:  - Line 349 - Msg: [object Object]
06-04 21:50:23.679 27744 27744 I Capacitor/Console: File:  - Line 349 - Msg: [object Object]
06-04 21:50:23.679 27744 27744 V Capacitor/Plugin: To native (Capacitor plugin): callbackId: 31682328, pluginId: GameAnalytics, methodName: logEvent
06-04 21:50:23.679 27744 27744 V Capacitor: callback: 31682328, pluginId: GameAnalytics, methodName: logEvent, methodData: {"name":"legal_accept","params":{"version":"2026.06.02"}}
06-04 21:50:23.679 27744 27744 V Capacitor/Plugin: To native (Capacitor plugin): callbackId: 31682329, pluginId: GameAnalytics, methodName: logEvent
06-04 21:50:23.679 27744 27744 V Capacitor: callback: 31682329, pluginId: GameAnalytics, methodName: logEvent, methodData: {"name":"game_init_success","params":{"scene":"classic","locale":"zh","surface":"native","render_quality":"low","render_reason":"device_low_end","render_dpr":1,"analytics_enabled":1,"analytics_consent":"granted","consent_source":"legal_accept"}}
06-04 21:50:23.679 27744 27824 D GameAnalytics: logEvent: legal_accept params=Bundle[{version=2026.06.02}]
06-04 21:50:23.682 27744 27824 D GameAnalytics: logEvent: game_init_success params=Bundle[{consent_source=legal_accept, surface=native, locale=zh, render_reason=device_low_end, analytics_consent=granted, scene=classic, render_quality=low, render_dpr=1, analytics_enabled=1}]
06-04 21:50:23.682 27744 27744 I Capacitor/Console: File:  - Line 349 - Msg: [object Object]
06-04 21:50:23.682 27744 27744 I Capacitor/Console: File:  - Line 349 - Msg: [object Object]
06-04 21:50:23.682 27744 27744 V Capacitor/Plugin: To native (Capacitor plugin): callbackId: 31682330, pluginId: GameAnalytics, methodName: logEvent
06-04 21:50:23.682 27744 27744 V Capacitor: callback: 31682330, pluginId: GameAnalytics, methodName: logEvent, methodData: {"name":"ad_request","params":{"placement":"app_open","ad_format":"interstitial","ad_network":"admob","creative_id":"unknown","scene":"classic","surface":"native","locale":"zh","source":"legal_accept"}}
06-04 21:50:23.682 27744 27744 V Capacitor/Plugin: To native (Capacitor plugin): callbackId: 31682331, pluginId: AdMob, methodName: prepareInterstitial
06-04 21:50:23.682 27744 27744 V Capacitor: callback: 31682331, pluginId: AdMob, methodName: prepareInterstitial, methodData: {"adId":"ca-app-pub-3940256099942544\/1033173712","isTesting":true,"npa":true,"immersiveMode":true}
06-04 21:50:23.688 27744 27824 D GameAnalytics: logEvent: ad_request params=Bundle[{surface=native, locale=zh, source=legal_accept, creative_id=unknown, scene=classic, ad_format=interstitial, placement=app_open, ad_network=admob}]
06-04 21:50:23.690 27744 27744 W Capacitor/AdMob|AdRewardExecutor: This device is registered as Testing Device. The real Ad Id will be used
06-04 21:50:23.696 27744 28006 D CompatChangeReporter: Compat change id reported: 288912692; UID 10228; state: ENABLED
06-04 21:50:23.726 27744 28012 D GASS    : Clearcut logging disabled
06-04 21:50:23.730 15424 15824 D BackgroundInstallControlService: Package event received: 0
06-04 21:50:23.732  3474  3474 D BoundBrokerSvc: onBind: Intent { act=com.google.android.gms.appset.service.START dat=chimera-action:/... xflg=0x4 cmp=com.google.android.gms/.chimera.GmsApiService }
06-04 21:50:23.732  3474  3474 D BoundBrokerSvc: Loading bound service for intent: Intent { act=com.google.android.gms.appset.service.START dat=chimera-action:/... xflg=0x4 cmp=com.google.android.gms/.chimera.GmsApiService }
06-04 21:50:23.746 15424 15824 D BackgroundInstallControlService: Package event received: 0
06-04 21:50:23.748  3474  3474 D BoundBrokerSvc: onBind: Intent { act=com.google.android.gms.safebrowsing.SafeBrowsingService.START dat=chimera-action:/... xflg=0x4 cmp=com.google.android.gms/.chimera.GmsBoundBrokerService }
06-04 21:50:23.749  3474  3474 D BoundBrokerSvc: Loading bound service for intent: Intent { act=com.google.android.gms.safebrowsing.SafeBrowsingService.START dat=chimera-action:/... xflg=0x4 cmp=com.google.android.gms/.chimera.GmsBoundBrokerService }
06-04 21:50:23.750 27744 28008 I Ads     : This request is sent from a test device.
06-04 21:50:23.767 27744 27744 I Capacitor/Console: File:  - Line 333 - Msg: {"sent":true,"transport":"firebase_native","facebook_app_events_sent":false}
06-04 21:50:23.767 27744 27744 I Capacitor/Console: File:  - Line 333 - Msg: {"sent":true,"transport":"firebase_native","facebook_app_events_sent":false}
06-04 21:50:23.767 27744 27744 I Capacitor/Console: File:  - Line 333 - Msg: {"sent":true,"transport":"firebase_native","facebook_app_events_sent":false}
06-04 21:50:23.796 27790 27839 E ashmem  : readlink(/proc/self/fd/122) failed: Operation not permitted
06-04 21:50:23.797 27790 27839 E ashmem  : readlink(/proc/self/fd/123) failed: Operation not permitted
06-04 21:50:23.797 27790 27839 E ashmem  : readlink(/proc/self/fd/125) failed: Operation not permitted
06-04 21:50:23.801 15424 15824 D BackgroundInstallControlService: Package event received: 0
06-04 21:50:23.839 27744 27752 W nballarena.game: Suspending all threads took: 7.599ms
06-04 21:50:23.856  3474 16260 W SQLiteLog: (28) double-quoted string literal: "1780408223845"
06-04 21:50:23.856  3474 16260 W SQLiteLog: (28) double-quoted string literal: "1"
06-04 21:50:23.886 27744 28013 D zzbak   : File /data/user/0/com.professionballarena.game/cache/1761777210094.dex not found. No need for deletion
06-04 21:50:23.902 27744 28021 I nballarena.game: IncrementDisableThreadFlip blocked for 20.598ms
06-04 21:50:23.914 27744 28018 I nballarena.game: Waiting for a blocking GC ClassLinker
06-04 21:50:23.915 27744 28026 I nballarena.game: Waiting for a blocking GC ClassLinker
06-04 21:50:23.923 27744 28027 I nballarena.game: Waiting for a blocking GC ClassLinker
06-04 21:50:23.939 27744 28025 I nballarena.game: Waiting for a blocking GC ClassLinker
06-04 21:50:23.962 27744 28028 I nballarena.game: Waiting for a blocking GC ClassLinker
06-04 21:50:23.968 27744 28034 I nballarena.game: Waiting for a blocking GC ClassLinker
06-04 21:50:23.973 27744 28036 I nballarena.game: Waiting for a blocking GC ClassLinker
06-04 21:50:23.973 27744 28039 I nballarena.game: Waiting for a blocking GC ClassLinker
06-04 21:50:23.973 27744 28040 I nballarena.game: Waiting for a blocking GC ClassLinker
06-04 21:50:23.978 27744 28041 I nballarena.game: Waiting for a blocking GC ClassLinker
06-04 21:50:23.984 27744 28043 I nballarena.game: Waiting for a blocking GC ClassLinker
06-04 21:50:23.984 27744 28035 I nballarena.game: Waiting for a blocking GC ClassLinker
06-04 21:50:23.984 27744 28037 I nballarena.game: Waiting for a blocking GC ClassLinker
06-04 21:50:23.988 27744 28042 I nballarena.game: Waiting for a blocking GC ClassLinker
06-04 21:50:23.989 27744 28038 I nballarena.game: Waiting for a blocking GC ClassLinker
06-04 21:50:23.989 27744 28045 I nballarena.game: Waiting for a blocking GC ClassLinker
06-04 21:50:23.989 27744 28046 I nballarena.game: Waiting for a blocking GC ClassLinker
06-04 21:50:23.989 27744 28047 I nballarena.game: Waiting for a blocking GC ClassLinker
06-04 21:50:23.989 27744 28048 I nballarena.game: Waiting for a blocking GC ClassLinker
06-04 21:50:23.989 27744 28049 I nballarena.game: Waiting for a blocking GC ClassLinker
06-04 21:50:23.989 27744 28019 I nballarena.game: Waiting for a blocking GC ClassLinker
06-04 21:50:23.990 27744 28051 I nballarena.game: Waiting for a blocking GC ClassLinker
06-04 21:50:23.990 27744 28052 I nballarena.game: Waiting for a blocking GC ClassLinker
06-04 21:50:23.990 27744 28044 I nballarena.game: Waiting for a blocking GC ClassLinker
06-04 21:50:23.990 27744 28032 I nballarena.game: Waiting for a blocking GC ClassLinker
06-04 21:50:23.993 27744 28055 I nballarena.game: Waiting for a blocking GC ClassLinker
06-04 21:50:23.995 27744 28050 I nballarena.game: Waiting for a blocking GC ClassLinker
06-04 21:50:23.995 27744 28053 I nballarena.game: Waiting for a blocking GC ClassLinker
06-04 21:50:23.995 27744 28054 I nballarena.game: Waiting for a blocking GC ClassLinker
06-04 21:50:24.011 15424 16758 D ConnectivityService: requestNetwork for uid/pid:10228/27744 activeRequest: null callbackRequest: 401 [NetworkRequest [ REQUEST id=402, [ Capabilities: INTERNET&NOT_RESTRICTED&TRUSTED&NOT_VCN_MANAGED&NOT_BANDWIDTH_CONSTRAINED Uid: 10228 RequestorUid: 10228 RequestorPkg: com.professionballarena.game UnderlyingNetworks: Null] ]] callback flags: 0 order: 2147483647 isUidTracked: false declaredMethods: AVAIL|LOST|NC
06-04 21:50:24.013 15424 15755 D ConnectivityService: NetReassign [402 : null → 101] [c 0] [a 1] [i 1]
06-04 21:50:24.013 15424 15736 D WifiNetworkFactory: got request NetworkRequest [ REQUEST id=402, [ Capabilities: INTERNET&NOT_RESTRICTED&TRUSTED&NOT_VCN_MANAGED&NOT_BANDWIDTH_CONSTRAINED Uid: 10228 RequestorUid: 10228 RequestorPkg: com.professionballarena.game UnderlyingNetworks: Null] ]
06-04 21:50:24.013 15424 15736 D UntrustedWifiNetworkFactory: got request NetworkRequest [ REQUEST id=402, [ Capabilities: INTERNET&NOT_RESTRICTED&TRUSTED&NOT_VCN_MANAGED&NOT_BANDWIDTH_CONSTRAINED Uid: 10228 RequestorUid: 10228 RequestorPkg: com.professionballarena.game UnderlyingNetworks: Null] ]
06-04 21:50:24.013 15424 15736 D OemPaidWifiNetworkFactory: got request NetworkRequest [ REQUEST id=402, [ Capabilities: INTERNET&NOT_RESTRICTED&TRUSTED&NOT_VCN_MANAGED&NOT_BANDWIDTH_CONSTRAINED Uid: 10228 RequestorUid: 10228 RequestorPkg: com.professionballarena.game UnderlyingNetworks: Null] ]
06-04 21:50:24.013 15424 15736 D MultiInternetWifiNetworkFactory: got request NetworkRequest [ REQUEST id=402, [ Capabilities: INTERNET&NOT_RESTRICTED&TRUSTED&NOT_VCN_MANAGED&NOT_BANDWIDTH_CONSTRAINED Uid: 10228 RequestorUid: 10228 RequestorPkg: com.professionballarena.game UnderlyingNetworks: Null] ]
06-04 21:50:24.049 15424 16758 D ConnectivityService: requestNetwork for uid/pid:10228/27744 activeRequest: null callbackRequest: 403 [NetworkRequest [ REQUEST id=404, [ Capabilities: INTERNET&NOT_RESTRICTED&TRUSTED&NOT_VCN_MANAGED&NOT_BANDWIDTH_CONSTRAINED Uid: 10228 RequestorUid: 10228 RequestorPkg: com.professionballarena.game UnderlyingNetworks: Null] ]] callback flags: 0 order: 2147483647 isUidTracked: false declaredMethods: AVAIL|LOST|NC
06-04 21:50:24.052 15424 15736 D WifiNetworkFactory: got request NetworkRequest [ REQUEST id=404, [ Capabilities: INTERNET&NOT_RESTRICTED&TRUSTED&NOT_VCN_MANAGED&NOT_BANDWIDTH_CONSTRAINED Uid: 10228 RequestorUid: 10228 RequestorPkg: com.professionballarena.game UnderlyingNetworks: Null] ]
06-04 21:50:24.052 15424 15736 D UntrustedWifiNetworkFactory: got request NetworkRequest [ REQUEST id=404, [ Capabilities: INTERNET&NOT_RESTRICTED&TRUSTED&NOT_VCN_MANAGED&NOT_BANDWIDTH_CONSTRAINED Uid: 10228 RequestorUid: 10228 RequestorPkg: com.professionballarena.game UnderlyingNetworks: Null] ]
06-04 21:50:24.052 15424 15736 D OemPaidWifiNetworkFactory: got request NetworkRequest [ REQUEST id=404, [ Capabilities: INTERNET&NOT_RESTRICTED&TRUSTED&NOT_VCN_MANAGED&NOT_BANDWIDTH_CONSTRAINED Uid: 10228 RequestorUid: 10228 RequestorPkg: com.professionballarena.game UnderlyingNetworks: Null] ]
06-04 21:50:24.052 15424 15736 D MultiInternetWifiNetworkFactory: got request NetworkRequest [ REQUEST id=404, [ Capabilities: INTERNET&NOT_RESTRICTED&TRUSTED&NOT_VCN_MANAGED&NOT_BANDWIDTH_CONSTRAINED Uid: 10228 RequestorUid: 10228 RequestorPkg: com.professionballarena.game UnderlyingNetworks: Null] ]
06-04 21:50:24.052 15424 15755 D ConnectivityService: NetReassign [404 : null → 101] [c 0] [a 0] [i 3]
06-04 21:50:24.056 27744 28065 D GASS    : Clearcut logging disabled
06-04 21:50:24.070  3474 16260 W SQLiteLog: (28) double-quoted string literal: "1780408224070"
06-04 21:50:24.070  3474 16260 W SQLiteLog: (28) double-quoted string literal: "1"
06-04 21:50:24.103 27744 27752 I nballarena.game: Background concurrent mark compact GC freed 2094KB AllocSpace bytes, 19(620KB) LOS objects, 49% free, 8415KB/16MB, paused 16.493ms,3.342ms total 503.337ms
06-04 21:50:24.107  3474 16260 W SQLiteLog: (28) double-quoted string literal: "1780408224107"
06-04 21:50:24.107  3474 16260 W SQLiteLog: (28) double-quoted string literal: "1"
06-04 21:50:24.113 27744 28008 W nballarena.game: Verification of void com.google.android.gms.internal.ads.zzhee.<clinit>() took 105.823ms (311.84 bytecodes/s) (0B arena alloc)
06-04 21:50:24.123 27744 28018 I nballarena.game: WaitForGcToComplete blocked ClassLinker on Background for 208.987ms
06-04 21:50:24.132 27744 28027 I nballarena.game: WaitForGcToComplete blocked ClassLinker on ClassLinker for 208.441ms
06-04 21:50:24.132 27744 28025 I nballarena.game: WaitForGcToComplete blocked ClassLinker on ClassLinker for 192.333ms
06-04 21:50:24.132 27744 28026 I nballarena.game: WaitForGcToComplete blocked ClassLinker on ClassLinker for 217.053ms
06-04 21:50:24.132 27744 28036 I nballarena.game: WaitForGcToComplete blocked ClassLinker on ClassLinker for 159.355ms
06-04 21:50:24.132 27744 28039 I nballarena.game: WaitForGcToComplete blocked ClassLinker on ClassLinker for 159.299ms
06-04 21:50:24.132 27744 28037 I nballarena.game: WaitForGcToComplete blocked ClassLinker on ClassLinker for 147.611ms
06-04 21:50:24.132 27744 28038 I nballarena.game: WaitForGcToComplete blocked ClassLinker on ClassLinker for 143.411ms
06-04 21:50:24.132 27744 28035 I nballarena.game: WaitForGcToComplete blocked ClassLinker on ClassLinker for 147.661ms
06-04 21:50:24.132 27744 28028 I nballarena.game: WaitForGcToComplete blocked ClassLinker on ClassLinker for 170.447ms
06-04 21:50:24.132 27744 28019 I nballarena.game: WaitForGcToComplete blocked ClassLinker on ClassLinker for 142.700ms
06-04 21:50:24.132 27744 28040 I nballarena.game: WaitForGcToComplete blocked ClassLinker on ClassLinker for 159.284ms
06-04 21:50:24.132 27744 28032 I nballarena.game: WaitForGcToComplete blocked ClassLinker on ClassLinker for 141.939ms
06-04 21:50:24.132 27744 28053 I nballarena.game: WaitForGcToComplete blocked ClassLinker on ClassLinker for 136.898ms
06-04 21:50:24.132 27744 28050 I nballarena.game: WaitForGcToComplete blocked ClassLinker on ClassLinker for 136.922ms
06-04 21:50:24.132 27744 28042 I nballarena.game: WaitForGcToComplete blocked ClassLinker on ClassLinker for 143.647ms
06-04 21:50:24.132 27744 28044 I nballarena.game: WaitForGcToComplete blocked ClassLinker on ClassLinker for 142.064ms
06-04 21:50:24.132 27744 28043 I nballarena.game: WaitForGcToComplete blocked ClassLinker on ClassLinker for 147.820ms
06-04 21:50:24.132 27744 28034 I nballarena.game: WaitForGcToComplete blocked ClassLinker on ClassLinker for 163.821ms
06-04 21:50:24.132 27744 28054 I nballarena.game: WaitForGcToComplete blocked ClassLinker on ClassLinker for 136.971ms
06-04 21:50:24.132 27744 28045 I nballarena.game: WaitForGcToComplete blocked ClassLinker on ClassLinker for 143.402ms
06-04 21:50:24.136 27744 28046 I nballarena.game: WaitForGcToComplete blocked ClassLinker on ClassLinker for 146.436ms
06-04 21:50:24.136 27744 28051 I nballarena.game: WaitForGcToComplete blocked ClassLinker on ClassLinker for 146.354ms
06-04 21:50:24.137 27744 28052 I nballarena.game: WaitForGcToComplete blocked ClassLinker on ClassLinker for 146.945ms
06-04 21:50:24.137 27744 28055 I nballarena.game: WaitForGcToComplete blocked ClassLinker on ClassLinker for 143.492ms
06-04 21:50:24.137 27744 28047 I nballarena.game: WaitForGcToComplete blocked ClassLinker on ClassLinker for 147.909ms
06-04 21:50:24.137 27744 28048 I nballarena.game: WaitForGcToComplete blocked ClassLinker on ClassLinker for 148.245ms
06-04 21:50:24.138 27744 28049 I nballarena.game: WaitForGcToComplete blocked ClassLinker on ClassLinker for 148.571ms
06-04 21:50:24.138 27744 28041 I nballarena.game: WaitForGcToComplete blocked ClassLinker on ClassLinker for 160.032ms
06-04 21:50:24.329 15424 16296 I AppsFilter: interaction: PackageSetting{8c0861e com.professionballarena.game/10228} -> PackageSetting{90c9593 com.google.android.apps.maps/10167} BLOCKED
06-04 21:50:24.369 27790 27815 E ashmem  : readlink(/proc/self/fd/126) failed: Operation not permitted
06-04 21:50:24.369 27790 27815 E ashmem  : readlink(/proc/self/fd/126) failed: Operation not permitted
06-04 21:50:24.404 15424 15824 D BackgroundInstallControlService: Package event received: 0
06-04 21:50:24.407  3474  3474 D BoundBrokerSvc: onBind: Intent { act=com.google.android.gms.ads.service.CACHE xflg=0x4 pkg=com.google.android.gms }
06-04 21:50:24.407  3474  3474 D BoundBrokerSvc: Loading bound service for intent: Intent { act=com.google.android.gms.ads.service.CACHE xflg=0x4 pkg=com.google.android.gms }
06-04 21:50:24.515 27744 27995 W Ads     : Not retrying to fetch app settings
06-04 21:50:24.546 27744 28080 W ServiceBindIntentUtils: Dynamic lookup for intent failed for action: com.google.android.gms.ads.service.START
06-04 21:50:24.552 15424 15824 D BackgroundInstallControlService: Package event received: 0
06-04 21:50:24.555  3474  3474 D BoundBrokerSvc: onBind: Intent { act=com.google.android.gms.ads.service.START xflg=0x4 pkg=com.google.android.gms }
06-04 21:50:24.555  3474  3474 D BoundBrokerSvc: Loading bound service for intent: Intent { act=com.google.android.gms.ads.service.START xflg=0x4 pkg=com.google.android.gms }
06-04 21:50:24.557  3474 27992 V FA-SVC  : Populate EES config from database on cache miss. appId: com.professionballarena.game
06-04 21:50:24.557  3474 27992 V FA-SVC  : Parsed config. version, gmp_app_id: 1779963305461532, 1:933439959875:android:76d88a27e9123f538d35f6
06-04 21:50:24.557  3474 27992 V FA-SVC  : EES not loaded for: com.professionballarena.game
06-04 21:50:24.560  3474  3474 D BoundBrokerSvc: onBind: Intent { act=com.google.android.gms.ads.identifier.service.EVENT_ATTESTATION dat=chimera-action:/... xflg=0x4 cmp=com.google.android.gms/.chimera.GmsBoundBrokerService }
06-04 21:50:24.560  3474  3474 D BoundBrokerSvc: Loading bound service for intent: Intent { act=com.google.android.gms.ads.identifier.service.EVENT_ATTESTATION dat=chimera-action:/... xflg=0x4 cmp=com.google.android.gms/.chimera.GmsBoundBrokerService }
06-04 21:50:24.560  3474 27992 V FA-SVC  : Logging event: origin=app,name=legal_accept,params=Bundle[{ga_event_origin(_o)=app, ga_screen_class(_sc)=MainActivity, ga_screen_id(_si)=9145632857322541656, version=2026.06.02}]
06-04 21:50:24.570 15424 16296 D ConnectivityService: requestNetwork for uid/pid:10155/3474 activeRequest: null callbackRequest: 405 [NetworkRequest [ TRACK_DEFAULT id=406, [ Capabilities: INTERNET&NOT_RESTRICTED&TRUSTED&NOT_VCN_MANAGED&NOT_BANDWIDTH_CONSTRAINED Uid: 10155 RequestorUid: 10155 RequestorPkg: com.google.android.gms UnderlyingNetworks: Null] ], NetworkRequest [ REQUEST id=407, [ Transports: SATELLITE Capabilities: INTERNET&NOT_RESTRICTED&TRUSTED&NOT_VCN_MANAGED Uid: 10155 RequestorUid: 10155 RequestorPkg: com.google.android.gms UnderlyingNetworks: Null] ]] callback flags: 0 order: 2147483647 isUidTracked: false declaredMethods: AVAIL|LOST
06-04 21:50:24.574 27744 27990 V FA      : Logging telemetry for logEvent from database
06-04 21:50:24.579 15424 15755 D ConnectivityService: NetReassign [406 : null → 101] [c 0] [a 2] [i 4]
06-04 21:50:24.581  3474  3485 I gle.android.gms: Waiting for a blocking GC ProfileSaver
06-04 21:50:24.591 26297 26297 D BoundBrokerSvc: onRebind: Intent { act=com.google.android.gms.presencemanager.service.START dat=chimera-action:/... xflg=0x4 cmp=com.google.android.gms/.chimera.PersistentApiService }
06-04 21:50:24.595 26297 26297 D BoundBrokerSvc: onRebind: Intent { act=com.google.android.gms.presencemanager.service.INTERNAL_IDENTITY dat=chimera-action:/... xflg=0x4 cmp=com.google.android.gms/.chimera.PersistentApiService }
06-04 21:50:24.599  3474 27992 V FA-SVC  : Upload scheduled in approximately ms: 3551643
06-04 21:50:24.599  3474 27992 V FA-SVC  : Unscheduling upload
06-04 21:50:24.613  3474 27992 V FA-SVC  : Scheduling upload, millis: 3551643
06-04 21:50:24.613  3474 27992 V FA-SVC  : Background event processing time, ms: 53
06-04 21:50:24.620  3474  3485 I gle.android.gms: WaitForGcToComplete blocked ProfileSaver on Background for 39.352ms
06-04 21:50:24.628  3474 28611 I Ads     : Parental control value is stale. Refreshing.
06-04 21:50:24.630 15424 15824 D BackgroundInstallControlService: Package event received: 0
06-04 21:50:24.653 15424 16296 D ActivityManager: sync unfroze 28283 com.android.vending for 6
06-04 21:50:24.661 15424 15824 D BackgroundInstallControlService: Package event received: 0
06-04 21:50:24.677 28283 28531 W MessengerIpcClient: Timing out request: 3
06-04 21:50:24.685 27744 27744 I Ads     : JS: The jsLoaded GMSG has been sent (https://googleads.g.doubleclick.net/mads/static/sdk/native/sdk-core-v40.html:1052)
06-04 21:50:24.686 27744 27744 I chromium: [INFO:CONSOLE(1052)] "The jsLoaded GMSG has been sent", source: https://googleads.g.doubleclick.net/mads/static/sdk/native/sdk-core-v40.html (1052)
06-04 21:50:24.686 15424 16296 D ActivityManager: sync unfroze 24532 com.android.vending:quick_launch for 6
06-04 21:50:24.688 15424 15824 D BackgroundInstallControlService: Package event received: 0
06-04 21:50:24.705 15424 16296 D ActivityManager: sync unfroze 23802 com.android.vending:background for 6
06-04 21:50:24.706 15424 15824 D BackgroundInstallControlService: Package event received: 0
06-04 21:50:24.738 28283 28283 W MessengerIpcClient: Received response for unknown request: 3
06-04 21:50:24.752 28283 28352 E Finsky  : [69] Error when retrieving FCM instance id
06-04 21:50:24.813 28283 28348 E Finsky  : [67] ItemStore: getItems RPC failed for item com.professionballarena.game
06-04 21:50:24.815 28283 28352 E Finsky  : [69] ItemStore: getItems RPC failed for item com.professionballarena.game
06-04 21:50:24.817  3474  3496 W SQLiteLog: (28) double-quoted string literal: "1780408224817"
06-04 21:50:24.817  3474  3496 W SQLiteLog: (28) double-quoted string literal: "1"
06-04 21:50:24.838 27744 27990 V FA      : Logging telemetry for logEvent from database
06-04 21:50:24.840  3474 27992 V FA-SVC  : Populate EES config from database on cache miss. appId: com.professionballarena.game
06-04 21:50:24.840  3474 27992 V FA-SVC  : Parsed config. version, gmp_app_id: 1779963305461532, 1:933439959875:android:76d88a27e9123f538d35f6
06-04 21:50:24.840  3474 27992 V FA-SVC  : EES not loaded for: com.professionballarena.game
06-04 21:50:24.840  3474 27992 V FA-SVC  : Logging event: origin=app,name=game_init_success,params=Bundle[{consent_source=legal_accept, surface=native, locale=zh, render_reason=device_low_end, analytics_consent=granted, ga_event_origin(_o)=app, ga_screen_class(_sc)=MainActivity, ga_screen_id(_si)=9145632857322541656, scene=classic, render_quality=low, render_dpr=1, analytics_enabled=1}]
06-04 21:50:24.847  3474 27992 V FA-SVC  : Upload scheduled in approximately ms: 3551395
06-04 21:50:24.847  3474 27992 V FA-SVC  : Unscheduling upload
06-04 21:50:24.847  3474 27992 V FA-SVC  : Scheduling upload, millis: 3551395
06-04 21:50:24.847  3474 27992 V FA-SVC  : Background event processing time, ms: 7
06-04 21:50:24.863 28283 28421 I Finsky  : [81] Received content filters request from com.google.android.gms
06-04 21:50:24.866  3474  4970 I Ads     : Successfully received play store parental controls the result.
06-04 21:50:24.871 28283 28283 I Finsky  : [2] Memory trim requested to level 40
06-04 21:50:24.874 23802 23802 I Finsky:background: [2] Memory trim requested to level 40
06-04 21:50:24.877 28283 28283 I Finsky  : [2] Flushing in-memory image cache
06-04 21:50:24.880 24532 24532 I Finsky:quick_launch: [2] Memory trim requested to level 40
06-04 21:50:24.886  3474  3474 I WebViewFactory: Loading com.google.android.webview version 134.0.6998.135 (code 699813532)
06-04 21:50:24.887  3474  3474 W ResourcesManager: Found a null ResourcesImpl, skipped.
06-04 21:50:24.887  3474  3474 W ResourcesManager: Found a null ResourcesImpl, skipped.
06-04 21:50:24.887  3474  3474 W ResourcesManager: Found a null ResourcesImpl, skipped.
06-04 21:50:24.887  3474  3474 W ResourcesManager: Found a null ResourcesImpl, skipped.
