06-04 21:49:20.119 27790 27815 E ashmem  : readlink(/proc/self/fd/118) failed: Operation not permitted
06-04 21:49:20.269 27790 27815 E ashmem  : readlink(/proc/self/fd/119) failed: Operation not permitted
06-04 21:49:20.270 27790 27815 E ashmem  : readlink(/proc/self/fd/120) failed: Operation not permitted
06-04 21:49:20.298 27790 27815 E ashmem  : readlink(/proc/self/fd/121) failed: Operation not permitted
06-04 21:49:20.577 27744 27744 I Capacitor/Console: File:  - Line 333 - Msg: {"url":"","source":"none","native":true}
06-04 21:49:20.619 27744 27744 I Capacitor/Console: File:  - Line 349 - Msg: [object Object]
06-04 21:49:20.620 27744 27744 I Capacitor/Console: File:  - Line 349 - Msg: [object Object]
06-04 21:49:20.623 27744 27744 V Capacitor/Plugin: To native (Capacitor plugin): callbackId: 31682324, pluginId: GameSocial, methodName: addListener
06-04 21:49:20.623 27744 27744 V Capacitor: callback: 31682324, pluginId: GameSocial, methodName: addListener, methodData: {"eventName":"deepLinkOpen"}
06-04 21:49:20.623 27744 27744 V Capacitor/Plugin: To native (Capacitor plugin): callbackId: 31682325, pluginId: GameAnalytics, methodName: setCollectionEnabled
06-04 21:49:20.623 27744 27744 V Capacitor: callback: 31682325, pluginId: GameAnalytics, methodName: setCollectionEnabled, methodData: {"enabled":false}
06-04 21:49:20.625 27744 27824 D GameAnalytics: setCollectionEnabled: false, firebase_app_id=1:933439959875:android:76d88a27e9123f538d35f6, gcm_sender_id=933439959875, project_id=profession-ball-arena
06-04 21:49:20.705 27744 27744 I Capacitor/Console: File:  - Line 333 - Msg: {"enabled":false,"firebase_app_id":"1:933439959875:android:76d88a27e9123f538d35f6","gcm_sender_id":"933439959875","project_id":"profession-ball-arena","facebook_app_events_configured":false,"facebook_collection_enabled":false,"facebook_sdk_initialized":false}
06-04 21:49:20.707 27744 27801 D Capacitor: Handling local request: https://localhost/icon-192.png
06-04 21:49:20.708 27744 27799 D Capacitor: Handling local request: https://localhost/icon-32.png
06-04 21:49:20.709 27744 27802 D Capacitor: Handling local request: https://localhost/favicon.ico
06-04 21:49:20.792 27790 27834 E ashmem  : readlink(/proc/self/fd/123) failed: Operation not permitted
06-04 21:49:20.994 15424 15635 D ActivityManager: freezing 28332 com.google.android.apps.wellbeing
06-04 21:49:20.999 15424 15755 D InetDiagMessage: Destroyed 0 sockets, proto=IPPROTO_TCP, family=AF_INET, states=14
06-04 21:49:20.999 15424 15755 D InetDiagMessage: Destroyed 0 sockets, proto=IPPROTO_TCP, family=AF_INET6, states=14
06-04 21:49:20.999 15424 15755 D InetDiagMessage: Destroyed live tcp sockets for uids={10159} in 0ms
06-04 21:49:21.206  3474 27886 V FA-SVC  : Parsed config. version, gmp_app_id: 1779963305461532, 1:933439959875:android:76d88a27e9123f538d35f6
06-04 21:49:21.277 15424 15736 I HalDevMgr: bestIfaceCreationProposal is null, requestIface=STA, existingIface=[name=wlan0 type=STA]
06-04 21:49:21.668 15424 15635 D ActivityManager: freezing 22302 com.google.android.webview:webview_service
06-04 21:49:21.674 15424 15755 D InetDiagMessage: Destroyed 0 sockets, proto=IPPROTO_TCP, family=AF_INET, states=14
06-04 21:49:21.674 15424 15755 D InetDiagMessage: Destroyed 0 sockets, proto=IPPROTO_TCP, family=AF_INET6, states=14
06-04 21:49:21.674 15424 15755 D InetDiagMessage: Destroyed live tcp sockets for uids={10180} in 3ms
06-04 21:49:21.675 17076 17252 D SatelliteController: iisInCarrierRoamingNbIotNtn: satellite is disabled
06-04 21:49:21.701 17076 17252 D SatelliteController: getCarrierRoamingNtnConnectType: Falling back to global carrier config connect type: 0
06-04 21:49:21.883 27790 27815 E ashmem  : readlink(/proc/self/fd/122) failed: Operation not permitted
06-04 21:49:22.835  3474 27886 V FA-SVC  : Setting user property: ga_session_number(_sno), 7
06-04 21:49:22.937  3474 27886 V FA-SVC  : Setting user property: ga_session_id(_sid), 1780580956
06-04 21:49:23.001  3474 27886 V FA-SVC  : Populate EES config from database on cache miss. appId: com.professionballarena.game
06-04 21:49:23.001  3474 27886 V FA-SVC  : Parsed config. version, gmp_app_id: 1779963305461532, 1:933439959875:android:76d88a27e9123f538d35f6
06-04 21:49:23.160  3474 27886 V FA-SVC  : EES not loaded for: com.professionballarena.game
06-04 21:49:23.248  3474 27886 V FA-SVC  : Logging event: origin=auto,name=session_start(_s),params=Bundle[{ga_event_origin(_o)=auto, ga_session_id(_sid)=1780580956}]
06-04 21:49:23.626 15424 15455 I system_server: Background concurrent mark compact GC freed 18MB AllocSpace bytes, 23(436KB) LOS objects, 42% free, 32MB/56MB, paused 4.571ms,2.599ms total 1.944s
06-04 21:49:23.891 27744 27763 I HWUI    : Davey! duration=3506ms; Flags=0, FrameTimelineVsyncId=244571711, IntendedVsync=1255416649547377, Vsync=1255416649547377, InputEventId=0, HandleInputStart=1255416649918378, AnimationStart=1255416649920087, PerformTraversalsStart=1255416653292587, DrawStart=1255416655700087, FrameDeadline=1255416666214043, FrameStartTime=1255416649913253, FrameInterval=16666666, WorkloadTarget=16666666, SyncQueued=1255416661278170, SyncStart=1255416663874253, IssueDrawCommandsStart=1255416664226503, SwapBuffers=1255420123178130, FrameCompleted=1255420159125630, DequeueBufferDuration=8834, QueueBufferDuration=7267125, GpuCompleted=1255420158785338, SwapBuffersCompleted=1255420159125630, DisplayPresentTime=0, CommandSubmissionCompleted=1255420123178130, 
06-04 21:49:23.899 26297 26297 D BoundBrokerSvc: onBind: Intent { act=com.google.android.gms.presencemanager.service.START dat=chimera-action:/... xflg=0x4 cmp=com.google.android.gms/.chimera.PersistentApiService }
06-04 21:49:23.909 26297 26297 D BoundBrokerSvc: Loading bound service for intent: Intent { act=com.google.android.gms.presencemanager.service.START dat=chimera-action:/... xflg=0x4 cmp=com.google.android.gms/.chimera.PersistentApiService }
06-04 21:49:23.921 27744 27744 I Choreographer: Skipped 182 frames!  The application may be doing too much work on its main thread.
06-04 21:49:23.974 26297 26311 I fpdk    : (REDACTED) Shared storage file not found for %s
06-04 21:49:23.980 26297 26311 I fpdk    : (REDACTED) Unable to retrieve flag snapshot for %s, using defaults.
06-04 21:49:24.061 26297 26297 D BoundBrokerSvc: onBind: Intent { act=com.google.android.gms.presencemanager.service.INTERNAL_IDENTITY dat=chimera-action:/... xflg=0x4 cmp=com.google.android.gms/.chimera.PersistentApiService }
06-04 21:49:24.084 26297 26297 D BoundBrokerSvc: Loading bound service for intent: Intent { act=com.google.android.gms.presencemanager.service.INTERNAL_IDENTITY dat=chimera-action:/... xflg=0x4 cmp=com.google.android.gms/.chimera.PersistentApiService }
06-04 21:49:24.111  3474  3487 I fpdk    : (REDACTED) Shared storage file not found for %s
06-04 21:49:24.111  3474  3487 I fpdk    : (REDACTED) Unable to retrieve flag snapshot for %s, using defaults.
06-04 21:49:24.266 27744 27856 I HWUI    : Davey! duration=3315ms; Flags=0, FrameTimelineVsyncId=244571782, IntendedVsync=1255417166214023, Vsync=1255420199547235, InputEventId=0, HandleInputStart=1255420215896630, AnimationStart=1255420215899172, PerformTraversalsStart=1255420239853338, DrawStart=1255420241063172, FrameDeadline=1255420349561498, FrameStartTime=1255420212425422, FrameInterval=16666666, WorkloadTarget=16666666, SyncQueued=1255420254318172, SyncStart=1255420318684172, IssueDrawCommandsStart=1255420321401297, SwapBuffers=1255420498807797, FrameCompleted=1255420546046797, DequeueBufferDuration=7458, QueueBufferDuration=34677500, GpuCompleted=1255420545849797, SwapBuffersCompleted=1255420546046797, DisplayPresentTime=0, CommandSubmissionCompleted=1255420498807797, 
06-04 21:49:24.841 15424 15736 I HalDevMgr: bestIfaceCreationProposal is null, requestIface=STA, existingIface=[name=wlan0 type=STA]
06-04 21:49:25.549 26297 30028 W libbinder.Binder: Binder transaction to com.google.android.gms.common.internal.IGmsServiceBroker code 46 took 1442ms. Data bytes: 884 Reply bytes: 4 Flags: 18
06-04 21:49:25.593  3474 27886 V FA-SVC  : Upload scheduled in approximately ms: 6184
06-04 21:49:25.593  3474 27886 V FA-SVC  : Unscheduling upload
06-04 21:49:25.738  3474 27886 V FA-SVC  : Scheduling upload, millis: 6184
06-04 21:49:26.015  3474 27886 V FA-SVC  : Background event processing time, ms: 2803
06-04 21:49:26.377  3474 27886 I SQLiteConnection: Long db operation: /data/user/0/com.google.android.gms/databases/google_app_measurement.db
06-04 21:49:26.378  3474 27886 V FA-SVC  : Populate EES config from database on cache miss. appId: com.professionballarena.game
06-04 21:49:26.378  3474 27886 V FA-SVC  : Parsed config. version, gmp_app_id: 1779963305461532, 1:933439959875:android:76d88a27e9123f538d35f6
06-04 21:49:26.378  3474 27886 V FA-SVC  : EES not loaded for: com.professionballarena.game
06-04 21:49:26.379  3474 27886 V FA-SVC  : Logging event: origin=auto,name=screen_view(_vs),params=Bundle[{ga_event_origin(_o)=auto, ga_screen_class(_sc)=MainActivity, ga_screen_id(_si)=9145632857322541656}]
06-04 21:49:26.438  3474 27886 V FA-SVC  : Upload scheduled in approximately ms: 6077
06-04 21:49:26.438  3474 27886 V FA-SVC  : Unscheduling upload
06-04 21:49:26.539  3474 27886 V FA-SVC  : Scheduling upload, millis: 6077
06-04 21:49:26.540  3474 27886 V FA-SVC  : Background event processing time, ms: 161
06-04 21:49:27.846  3474  5741 W libbinder.Binder: Binder transaction to com.google.android.gms.measurement.internal.IMeasurementService code 11 took 7526ms. Data bytes: 868 Reply bytes: 76 Flags: 18
06-04 21:49:27.917 15424 15736 I HalDevMgr: bestIfaceCreationProposal is null, requestIface=STA, existingIface=[name=wlan0 type=STA]
06-04 21:49:28.702  3474  3474 D BoundBrokerSvc: onUnbind: Intent { act=com.google.android.gms.common.BIND_SHARED_PREFS xflg=0x4 pkg=com.google.android.gms }
06-04 21:49:28.720 27744 27878 I CapacitorCookies: Getting cookies at: 'https://firebaseinstallations.googleapis.com/v1/projects/profession-ball-arena/installations'
06-04 21:49:29.080 27895 27895 W libbinder.BackendUnifiedServiceManager: Thread Pool max thread count is 0. Cannot cache binder as linkToDeath cannot be implemented. serviceName: package
06-04 21:49:29.688 15690 15691 I artd    : GetBestInfo: odex next to the dex file (/product/priv-app/PrebuiltGmsCore/oat/arm64/PrebuiltGmsCore.odex) is kOatUpToDate with filter 'verify' executable 'false'
06-04 21:49:29.701 15690 19816 W artd    : Could not get dex checksums for location /data/app/~~n4kQt_qV4sELtgvUB_MreQ==/com.arrowagain.game-eWnpHANVuymeyIjJp0n_fg==/base.apk, fd=-1
06-04 21:49:29.705 15690 19816 I artd    : GetBestInfo: /data/user_de/0/com.google.android.gms/app_chimera/m/0000000a/dl-MlkitOcrCommon.optional_253434100400.apk has no usable artifacts
06-04 21:49:29.711 15690 19816 I artd    : GetBestInfo: /data/user/0/com.google.android.gms/app_dg_cache/DD26CFCA40A2391A1E3626BBAF83BD500298C9F7/the.apk has no usable artifacts
06-04 21:49:29.722 15690 19816 I artd    : GetBestInfo: /data/user_de/0/com.google.android.gms/app_chimera/m/00000001/CronetDynamite.apk has no usable artifacts
06-04 21:49:29.726 15690 19816 I artd    : GetBestInfo: /data/user_de/0/com.google.android.gms/app_chimera/m/00000002/DynamiteLoader.apk has no usable artifacts
06-04 21:49:29.728 15690 19816 I artd    : GetBestInfo: /data/user_de/0/com.google.android.gms/app_chimera/m/00000005/GoogleCertificates.apk has no usable artifacts
06-04 21:49:29.739 15690 19816 I artd    : GetBestInfo: /data/user_de/0/com.google.android.gms/app_chimera/m/00000009/dl-TfliteDynamiteDynamite.integ_252130102100400.apk has no usable artifacts
06-04 21:49:29.765 15690 15691 I artd    : GetBestInfo: /data/user_de/0/com.google.android.gms/app_chimera/m/00000008/dl-VisionOcr.optional_253434100000.apk has no usable artifacts
06-04 21:49:29.765 15690 19816 I artd    : GetBestInfo: /data/user_de/0/com.google.android.gms/app_chimera/m/00000007/MeasurementDynamite.apk has no usable artifacts
06-04 21:49:29.806  3474  3474 D BoundBrokerSvc: onUnbind: Intent { act=com.google.android.gms.safetynet.service.START xflg=0x4 pkg=com.google.android.gms }
06-04 21:49:29.834 27881 27881 W libbinder.BackendUnifiedServiceManager: Thread Pool max thread count is 0. Cannot cache binder as linkToDeath cannot be implemented. serviceName: SurfaceFlingerAIDL
06-04 21:49:29.834 27881 27881 W libbinder.BpBinder: Linking to death on android.gui.ISurfaceComposer but there are no threads (yet?) listening to incoming transactions. See ProcessState::startThreadPool and ProcessState::setThreadPoolMaxThreadCount. Generally you should setup the binder threadpool before other initialization steps.
06-04 21:49:29.835 27881 27881 W libbinder.ProcessState: Extra binder thread started, but 0 threads requested. Do not use *startThreadPool when zero threads are requested.
06-04 21:49:30.142  3474  3474 D BoundBrokerSvc: onUnbind: Intent { act=com.google.android.gms.safebrowsing.SafeBrowsingService.START dat=chimera-action:/... xflg=0x4 cmp=com.google.android.gms/.chimera.GmsBoundBrokerService }
06-04 21:49:30.437  3474  3474 D BoundBrokerSvc: onUnbind: Intent { act=com.google.android.gms.checkin.START xflg=0x4 pkg=com.google.android.gms }
06-04 21:49:31.006 15424 15736 I HalDevMgr: bestIfaceCreationProposal is null, requestIface=STA, existingIface=[name=wlan0 type=STA]
06-04 21:49:31.055 27744 27786 D FA      : Setting app measurement enabled (FE): false
06-04 21:49:31.109 27744 27786 D FA      : Updating Scion state (FE)
06-04 21:49:31.373 27744 27786 V FA      : Inactivity, disconnecting from the service
06-04 21:49:31.726 17076 17252 D SatelliteController: iisInCarrierRoamingNbIotNtn: satellite is disabled
06-04 21:49:31.946 17076 17252 D SatelliteController: getCarrierRoamingNtnConnectType: Falling back to global carrier config connect type: 0
06-04 21:49:32.062 27790 27793 W ocessService0:0: userfaultfd: MOVE ioctl seems unsupported: Connection timed out
06-04 21:49:32.620  3474 27886 V FA-SVC  : Unscheduling upload
06-04 21:49:32.762  3474 27886 V FA-SVC  : Starting upload from DelayedRunnable
06-04 21:49:32.974  3474 27886 D FA-SVC  : Uploading events. Elapsed time since last upload attempt (ms): 369823366
06-04 21:49:32.975  3474 27886 V FA-SVC  : Fetching remote configuration: com.professionballarena.game
06-04 21:49:32.976  3474 27886 V FA-SVC  : Fetching config with GmsCore network library. app: com.professionballarena.game
06-04 21:49:33.921  3474 27886 V FA-SVC  : Not stopping services. fetch, network, upload: true, false, false
06-04 21:49:34.072 15424 15736 I HalDevMgr: bestIfaceCreationProposal is null, requestIface=STA, existingIface=[name=wlan0 type=STA]
06-04 21:49:34.170 27901 27901 D AndroidRuntime: >>>>>> START com.android.internal.os.RuntimeInit uid 2000 <<<<<<
06-04 21:49:34.587 27790 27815 E ashmem  : readlink(/proc/self/fd/71) failed: Operation not permitted
06-04 21:49:34.666 15424 16976 I AppSearchIcing: icing-search-engine.cc:2327: Persisting data to disk with mode 3
06-04 21:49:34.975 15424 16976 I AppSearchIcing: icing-search-engine.cc:2340: PersistToDisk completed.
06-04 21:49:35.054 27901 27901 I AndroidRuntime: Using default boot image
06-04 21:49:35.055 27901 27901 I AndroidRuntime: Leaving lock profiling enabled
06-04 21:49:35.126 27901 27901 I app_process: Using CollectorTypeCMC GC.
06-04 21:49:35.733  3474 27905 V FA-SVC  : Gms url request successful. app: com.professionballarena.game, CONFIG
06-04 21:49:35.812  3474  3478 W gle.android.gms: Suspending all threads took: 11.307ms
06-04 21:49:35.904 27901 27901 D nativeloader: InitDefaultPublicLibraries for_preload=1: libandroid.so:libaaudio.so:libamidi.so:libbinder_ndk.so:libc.so:libcamera2ndk.so:libdl.so:libEGL.so:libGLESv1_CM.so:libGLESv2.so:libGLESv3.so:libicu.so:libicui18n.so:libicuuc.so:libjnigraphics.so:liblog.so:libmediandk.so:libm.so:libnativehelper.so:libnativewindow.so:libOpenMAXAL.so:libOpenSLES.so:libRS.so:libstdc++.so:libsync.so:libvulkan.so:libwebviewchromium_plat_support.so:libz.so
06-04 21:49:35.966  3474 27886 V FA-SVC  : onConfigFetched. Response size: 0
06-04 21:49:35.998  3474 27886 V FA-SVC  : Successfully fetched config. Got network response. code, size: 304, 0
06-04 21:49:36.015 27901 27901 D nativeloader: Load libicu_jni.so using APEX ns com_android_art for caller /apex/com.android.art/javalib/core-oj.jar: ok
06-04 21:49:36.020 27901 27901 D app_process: u_setTimeZoneFilesDirectory("/apex/com.android.tzdata/etc/tz/versioned/9/icu") succeeded. 
06-04 21:49:36.025 27901 27901 D app_process: I18n APEX ICU file found: /apex/com.android.i18n/etc/icu/icudt76l.dat
06-04 21:49:36.027  3474 27886 V FA-SVC  : Saving bundle, size: 530
06-04 21:49:36.033  3474 27886 D FA-SVC  : Uploading events. Elapsed time since last upload attempt (ms): 369826534
06-04 21:49:36.034 27901 27901 D nativeloader: Load libjavacore.so using APEX ns com_android_art for caller /apex/com.android.art/javalib/core-oj.jar: ok
06-04 21:49:36.043 27901 27901 D nativeloader: Load libopenjdk.so using APEX ns com_android_art for caller /apex/com.android.art/javalib/core-oj.jar: ok
06-04 21:49:36.047  3474 27886 V FA-SVC  : Uploading data. app, uncompressed size, data: com.professionballarena.game, 588, 
06-04 21:49:36.047  3474 27886 V FA-SVC  : batch {
06-04 21:49:36.047  3474 27886 V FA-SVC  :   bundle {
06-04 21:49:36.047  3474 27886 V FA-SVC  :     protocol_version: 1
06-04 21:49:36.047  3474 27886 V FA-SVC  :     platform: android
06-04 21:49:36.047  3474 27886 V FA-SVC  :     gmp_version: 161000
06-04 21:49:36.047  3474 27886 V FA-SVC  :     uploading_gmp_version: 253434
06-04 21:49:36.047  3474 27886 V FA-SVC  :     dynamite_version: 185
06-04 21:49:36.047  3474 27886 V FA-SVC  :     config_version: 1779963305461532
06-04 21:49:36.047  3474 27886 V FA-SVC  :     gmp_app_id: 1:933439959875:android:76d88a27e9123f538d35f6
06-04 21:49:36.047  3474 27886 V FA-SVC  :     app_id: com.professionballarena.game
06-04 21:49:36.047  3474 27886 V FA-SVC  :     app_version: 1.0
06-04 21:49:36.047  3474 27886 V FA-SVC  :     app_version_major: 1
06-04 21:49:36.047  3474 27886 V FA-SVC  :     firebase_instance_id: ej9tTnPpTdydAPiVyMihmz
06-04 21:49:36.047  3474 27886 V FA-SVC  :     dev_cert_hash: 1167772833817644953
06-04 21:49:36.047  3474 27886 V FA-SVC  :     app_store: manual_install
06-04 21:49:36.047  3474 27886 V FA-SVC  :     upload_timestamp_millis: 1780580976001
06-04 21:49:36.047  3474 27886 V FA-SVC  :     start_timestamp_millis: 1780580956776
06-04 21:49:36.047  3474 27886 V FA-SVC  :     end_timestamp_millis: 1780580957515
06-04 21:49:36.047  3474 27886 V FA-SVC  :     previous_bundle_start_timestamp_millis: 1780204266301
06-04 21:49:36.047  3474 27886 V FA-SVC  :     previous_bundle_end_timestamp_millis: 1780204409028
06-04 21:49:36.047  3474 27886 V FA-SVC  :     app_instance_id: c2d946c3bb211f3b6878a9e88f851a46
06-04 21:49:36.047  3474 27886 V FA-SVC  :     resettable_device_id: 
06-04 21:49:36.047  3474 27886 V FA-SVC  :     ds_id: 
06-04 21:49:36.047  3474 27886 V FA-SVC  :     os_version: 16
06-04 21:49:36.047  3474 27886 V FA-SVC  :     device_model: sdk_gphone64_arm64
06-04 21:49:36.047  3474 27886 V FA-SVC  :     user_default_language: en-us
06-04 21:49:36.047  3474 27886 V FA-SVC  :     time_zone_offset_minutes: 480
06-04 21:49:36.047  3474 27886 V FA-SVC  :     bundle_sequential_index: 78
06-04 21:49:36.047  3474 27886 V FA-SVC  :     delivery_index: 17
06-04 21:49:36.047  3474 27886 V FA-SVC  :     service_upload: true
06-04 21:49:36.047  3474 27886 V FA-SVC  :     health_monitor: 
06-04 21:49:36.047  3474 27886 V FA-SVC  :     consent_signals: G1--
06-04 21:49:36.047  3474 27886 V FA-SVC  :     is_dma_region: false
06-04 21:49:36.047  3474 27886 V FA-SVC  :     consent_diagnostics: 19913
06-04 21:49:36.047  3474 27886 V FA-SVC  :     target_os_version: 36
06-04 21:49:36.047  3474 27886 V FA-SVC  :     ad_services_version: 0
06-04 21:49:36.047  3474 27886 V FA-SVC  :     user_property {
06-04 21:49:36.047  3474 27886 V FA-SVC  :       set_timestamp_millis: 1780047815242
06-04 21:49:36.047  3474 27886 V FA-SVC  :       name: non_personalized_ads(_npa)
06-04 21:49:36.047  3474 27886 V FA-SVC  :       string_value: 
06-04 21:49:36.047  3474 27886 V FA-SVC  :       int_value: 1
06-04 21:49:36.047  3474 27886 V FA-SVC  :     }
06-04 21:49:36.047  3474 27886 V FA-SVC  :     user_property {
06-04 21:49:36.047  3474 27886 V FA-SVC  :       set_timestamp_millis: 1780047815242
06-04 21:49:36.047  3474 27886 V FA-SVC  :       name: first_open_time(_fot)
06-04 21:49:36.047  3474 27886 V FA-SVC  :       string_value: 
06-04 21:49:36.047  3474 27886 V FA-SVC  :       int_value: 1780048800000
06-04 21:49:36.047  3474 27886 V FA-SVC  :     }
06-04 21:49:36.047  3474 27886 V FA-SVC  :     user_property {
06-04 21:49:36.047  3474 27886 V FA-SVC  :       set_timestamp_millis: 1780047815242
06-04 21:49:36.047  3474 27886 V FA-SVC  :       name: first_open_after_install(_fi)
06-04 21:49:36.047  3474 27886 V FA-SVC  :       string_value: 
06-04 21:49:36.047  3474 27886 V FA-SVC  :       int_value: 1
06-04 21:49:36.047  3474 27886 V FA-SVC  :     }
06-04 21:49:36.047  3474 27886 V FA-SVC  :     user_property {
06-04 21:49:36.047  3474 27886 V FA-SVC  :       set_timestamp_millis: 1780580976010
06-04 21:49:36.047  3474 27886 V FA-SVC  :       name: lifetime_user_engagement(_lte)
06-04 21:49:36.047  3474 27886 V FA-SVC  :       string_value: 
06-04 21:49:36.047  3474 27886 V FA-SVC  :       int_value: 82174342
06-04 21:49:36.047  3474 27886 V FA-SVC  :     }
06-04 21:49:36.047  3474 27886 V FA-SVC  :     user_property {
06-04 21:49:36.047  3474 27886 V FA-SVC  :       set_timestamp_millis: 1780580976010
06-04 21:49:36.047  3474 27886 V FA-SVC  :       name: session_user_engagement(_se)
06-04 21:49:36.047  3474 27886 V FA-SVC  :       string_value: 
06-04 21:49:36.047  3474 27886 V FA-SVC  :       int_value: 0
06-04 21:49:36.047  3474 27886 V FA-SVC  :     }
06-04 21:49:36.047  3474 27886 V FA-SVC  :     user_property {
06-04 21:49:36.047  3474 27886 V FA-SVC  :       set_timestamp_millis: 1780580956776
06-04 21:49:36.047  3474 27886 V FA-SVC  :       name: ga_session_number(_sno)
06-04 21:49:36.047  3474 27886 V FA-SVC  :       string_value: 
06-04 21:49:36.047  3474 27886 V FA-SVC  :       int_value: 7
06-04 21:49:36.047  3474 27886 V FA-SVC  :     }
06-04 21:49:36.047  3474 27886 V FA-SVC  :     user_property {
06-04 21:49:36.047  3474 27886 V FA-SVC  :       set_timestamp_millis: 1780580956776
06-04 21:49:36.047  3474 27886 V FA-SVC  :       name: ga_session_id(_sid)
06-04 21:49:36.047  3474 27886 V FA-SVC  :       string_value: 
06-04 21:49:36.047  3474 27886 V FA-SVC  :       int_value: 1780580956
06-04 21:49:36.047  3474 27886 V FA-SVC  :     }
06-04 21:49:36.047  3474 27886 V FA-SVC  :     event {
06-04 21:49:36.047  3474 27886 V FA-SVC  :       name: session_start(_s)
06-04 21:49:36.047  3474 27886 V FA-SVC  :       timestamp_millis: 1780580956776
06-04 21:49:36.047  3474 27886 V FA-SVC  :       previous_timestamp_millis: 1780204102459
06-04 21:49:36.047  3474 27886 V FA-SVC  :       param {
06-04 21:49:36.047  3474 27886 V FA-SVC  :         name: ga_event_origin(_o)
06-04 21:49:36.047  3474 27886 V FA-SVC  :         string_value: auto
06-04 21:49:36.047  3474 27886 V FA-SVC  :       }
06-04 21:49:36.047  3474 27886 V FA-SVC  :       param {
06-04 21:49:36.047  3474 27886 V FA-SVC  :         name: ga_session_id(_sid)
06-04 21:49:36.047  3474 27886 V FA-SVC  :         int_value: 1780580956
06-04 21:49:36.047  3474 27886 V FA-SVC  :       }
06-04 21:49:36.047  3474 27886 V FA-SVC  :       param {
06-04 21:49:36.047  3474 27886 V FA-SVC  :         name: ga_session_number(_sno)
06-04 21:49:36.047  3474 27886 V FA-SVC  :         int_value: 7
06-04 21:49:36.047  3474 27886 V FA-SVC  :       }
06-04 21:49:36.047  3474 27886 V FA-SVC  :     }
06-04 21:49:36.047  3474 27886 V FA-SVC  :     event {
06-04 21:49:36.047  3474 27886 V FA-SVC  :       name: screen_view(_vs)
06-04 21:49:36.047  3474 27886 V FA-SVC  :       timestamp_millis: 1780580957515
06-04 21:49:36.047  3474 27886 V FA-SVC  :       previous_timestamp_millis: 1780204366705
06-04 21:49:36.047  3474 27886 V FA-SVC  :       param {
06-04 21:49:36.047  3474 27886 V FA-SVC  :         name: ga_event_origin(_o)
06-04 21:49:36.047  3474 27886 V FA-SVC  :         string_value: auto
06-04 21:49:36.047  3474 27886 V FA-SVC  :       }
06-04 21:49:36.047  3474 27886 V FA-SVC  :       param {
06-04 21:49:36.047  3474 27886 V FA-SVC  :         name: ga_screen_class(_sc)
06-04 21:49:36.047  3474 27886 V FA-SVC  :         string_value: MainActivity
06-04 21:49:36.047  3474 27886 V FA-SVC  :       }
06-04 21:49:36.047  3474 27886 V FA-SVC  :       param {
06-04 21:49:36.047  3474 27886 V FA-SVC  :         name: ga_screen_id(_si)
06-04 21:49:36.047  3474 27886 V FA-SVC  :         int_value: 9145632857322541656
06-04 21:49:36.047  3474 27886 V FA-SVC  :       }
06-04 21:49:36.047  3474 27886 V FA-SVC  :     }
06-04 21:49:36.047  3474 27886 V FA-SVC  :   }
06-04 21:49:36.047  3474 27886 V FA-SVC  : } // End-of-batch
06-04 21:49:36.049  3474 27886 V FA-SVC  : Uploading bundle with GmsCore network library. app: com.professionballarena.game
06-04 21:49:36.055 27901 27901 I app_process: Priority-to-niceness mapping: 19, 16, 13, 10, 0, -2, -4, -5, -6, -8
06-04 21:49:36.067 27901 27901 W app_process: ClassLoaderContext shared library size mismatch. Expected=2, found=0 (PCL[]{PCL[/system/framework/android.test.base.jar*1947731759]#PCL[/system/framework/android.test.mock.jar*3673435773]} | PCL[])
06-04 21:49:36.081 27901 27901 W app_process: ClassLoaderContext classpath size mismatch. expected=0, found=1 (PCL[]{PCL[/system/framework/android.test.runner.jar*3527284906]{PCL[/system/framework/android.test.base.jar*1947731759]#PCL[/system/framework/android.test.mock.jar*3673435773]}#PCL[/system/framework/android.test.base.jar*1947731759]} | PCL[/system/framework/android.test.runner.jar*3527284906])
06-04 21:49:36.100  3474 27886 V FA-SVC  : Not stopping services. fetch, network, upload: true, true, false
06-04 21:49:36.148  3474 27886 V FA-SVC  : Not stopping services. fetch, network, upload: false, true, false
06-04 21:49:36.242  3474 27905 V FA-SVC  : Gms url request successful. app: com.professionballarena.game, GOOGLE_ANALYTICS
06-04 21:49:36.242  3474 27886 V FA-SVC  : Network upload successful with code, uploadAttempted: 204, true
06-04 21:49:36.249  3474 27886 V FA-SVC  : Upload scheduled in approximately ms: 3599994
06-04 21:49:36.249  3474 27886 V FA-SVC  : Unscheduling upload
06-04 21:49:36.249 27901 27901 D nativeloader: Load libframework-connectivity-tiramisu-jni.so using APEX ns com_android_tethering for caller /apex/com.android.tethering/javalib/framework-connectivity-t.jar: ok
06-04 21:49:36.253 27901 27901 D AndroidRuntime: Calling main entry com.android.commands.uiautomator.Launcher
06-04 21:49:36.264  3474 27886 V FA-SVC  : Scheduling upload, millis: 3599994
06-04 21:49:36.265  3474 27886 V FA-SVC  : Successful upload. Got network response. code, size: 204, 0
06-04 21:49:36.313 27901 27901 I AconfigPackage: android.media.swcodec.flags is mapped to com.android.media.swcodec
06-04 21:49:36.319 27901 27901 I AconfigPackage: com.android.permission.flags is mapped to com.android.permission
06-04 21:49:36.319 27901 27901 I AconfigPackage: com.android.permissioncontroller.flags is mapped to com.android.permission
06-04 21:49:36.325  3474 27886 V FA-SVC  : Nothing to upload or uploading impossible
06-04 21:49:36.325 27901 27901 I AconfigPackage: com.android.icu is mapped to com.android.i18n
06-04 21:49:36.326  3474 27886 V FA-SVC  : Unscheduling upload
06-04 21:49:36.330 27901 27901 I AconfigPackage: com.android.appsearch.flags is mapped to com.android.appsearch
06-04 21:49:36.333 27901 27901 I AconfigPackage: android.uprobestats.mainline.flags is mapped to com.android.uprobestats
06-04 21:49:36.336 27901 27901 I AconfigPackage: com.android.crashrecovery.flags is mapped to com.android.crashrecovery
06-04 21:49:36.338 27901 27901 I AconfigPackage: android.provider.flags is mapped to com.android.configinfrastructure
06-04 21:49:36.338 27901 27901 I AconfigPackage: com.android.server.deviceconfig is mapped to com.android.configinfrastructure
06-04 21:49:36.342  3474 27886 V FA-SVC  : Stopping uploading service(s)
06-04 21:49:36.346 27901 27901 I AconfigPackage: com.android.art.flags is mapped to com.android.art
06-04 21:49:36.346 27901 27901 I AconfigPackage: com.android.art.rw.flags is mapped to com.android.art
06-04 21:49:36.346 27901 27901 I AconfigPackage: com.android.libcore is mapped to com.android.art
06-04 21:49:36.348 27901 27901 I AconfigPackage: com.android.telephony.flags is mapped to com.android.telephonycore
06-04 21:49:36.354 27901 27901 I AconfigPackage: com.android.media.extractor.flags is mapped to com.android.media
06-04 21:49:36.354 27901 27901 I AconfigPackage: com.android.media.mainline.flags is mapped to com.android.media
06-04 21:49:36.357 27901 27901 I AconfigPackage: com.android.wifi.flags is mapped to com.android.wifi
06-04 21:49:36.357 27901 27901 I AconfigPackage: com.android.org.conscrypt.flags is mapped to com.android.conscrypt
06-04 21:49:36.358 27901 27901 I AconfigPackage: com.android.org.conscrypt.net.flags is mapped to com.android.conscrypt
06-04 21:49:36.360 27901 27901 I AconfigPackage: com.android.healthfitness.flags is mapped to com.android.healthfitness
06-04 21:49:36.362 27901 27901 I AconfigPackage: com.android.ipsec.flags is mapped to com.android.ipsec
06-04 21:49:36.363 27901 27901 I AconfigPackage: com.android.nfc.module.flags is mapped to com.android.nfcservices
06-04 21:49:36.365 27901 27901 I AconfigPackage: com.android.adservices.ondevicepersonalization.flags is mapped to com.android.ondevicepersonalization
06-04 21:49:36.366 27901 27901 I AconfigPackage: com.android.adbd.flags is mapped to com.android.adbd
06-04 21:49:36.367 27901 27901 I AconfigPackage: com.android.bluetooth.flags is mapped to com.android.bt
06-04 21:49:36.368 27901 27901 I AconfigPackage: com.android.devicelock.flags is mapped to com.android.devicelock
06-04 21:49:36.370 27901 27901 I AconfigPackage: android.os.profiling is mapped to com.android.profiling
06-04 21:49:36.370 27901 27901 I AconfigPackage: android.os.profiling.anomaly.flags is mapped to com.android.profiling
06-04 21:49:36.371 27901 27901 I AconfigPackage: com.android.os.statsd.flags is mapped to com.android.os.statsd
06-04 21:49:36.372 27901 27901 I AconfigPackage: com.android.rkpd.flags is mapped to com.android.rkpd
06-04 21:49:36.378 27901 27901 I AconfigPackage: com.android.cellbroadcastreceiver.flags is mapped to com.android.cellbroadcast
06-04 21:49:36.381 27901 27901 I AconfigPackage: com.android.adservices.flags is mapped to com.android.adservices
06-04 21:49:36.381 27901 27901 I AconfigPackage: com.android.sdksandbox.flags is mapped to com.android.adservices
06-04 21:49:36.382 27901 27901 I AconfigPackage: com.android.uwb.flags is mapped to com.android.uwb
06-04 21:49:36.382 27901 27901 I AconfigPackage: com.android.ranging.flags is mapped to com.android.uwb
06-04 21:49:36.383 27901 27901 I AconfigPackage: android.graphics.pdf.flags is mapped to com.android.mediaprovider
06-04 21:49:36.383 27901 27901 I AconfigPackage: com.android.providers.media.flags is mapped to com.android.mediaprovider
06-04 21:49:36.383 27901 27901 I AconfigPackage: android.graphics.pdf.flags.readonly is mapped to com.android.mediaprovider
06-04 21:49:36.384 27901 27901 I AconfigPackage: com.android.tethering.mainline.beta is mapped to com.android.tethering
06-04 21:49:36.384 27901 27901 I AconfigPackage: android.net.http is mapped to com.android.tethering
06-04 21:49:36.384 27901 27901 I AconfigPackage: com.android.tethering.readonly.flags is mapped to com.android.tethering
06-04 21:49:36.384 27901 27901 I AconfigPackage: android.net.vcn is mapped to com.android.tethering
06-04 21:49:36.384 27901 27901 I AconfigPackage: com.android.net.flags is mapped to com.android.tethering
06-04 21:49:36.384 27901 27901 I AconfigPackage: com.android.tethering.beta.test is mapped to com.android.tethering
06-04 21:49:36.384 27901 27901 I AconfigPackage: com.android.nearby.flags is mapped to com.android.tethering
06-04 21:49:36.384 27901 27901 I AconfigPackage: com.android.net.ct.flags is mapped to com.android.tethering
06-04 21:49:36.384 27901 27901 I AconfigPackage: com.android.net.thread.flags is mapped to com.android.tethering
06-04 21:49:36.392 27901 27901 I AconfigPackage: com.android.system.virtualmachine.flags is mapped to com.android.virt
06-04 21:49:36.392 27901 27901 E FeatureFlagsImplExport: android.os.flagging.AconfigStorageReadException: ERROR_PACKAGE_NOT_FOUND: package android.xr cannot be found on the device
06-04 21:49:36.409 27901 27901 D UiAutomationConnection: Created on user UserHandle{0}
06-04 21:49:36.414 27901 27901 I UiAutomation: Initialized for user 0 on display 0
06-04 21:49:36.414 27901 27901 W UiAutomation: Created with deprecatead constructor, assumes DEFAULT_DISPLAY
06-04 21:49:36.421 15424 16296 D AccessibilityManagerService: changeCurrentUserForTestAutomationIfNeededLocked(0): ignoring because device doesn't support visible background users
06-04 21:49:36.422 15424 16296 I UiAutomationManager: Registering UiTestAutomationService (id=com.android.server.accessibility/UiAutomation, flags=0x0) when called by user 0
06-04 21:49:36.434 15424 16296 V AccessibilityManagerService: onUserStateChangedLocked for userId: 0, forceUpdate: false
06-04 21:49:36.507 15424 16296 V AccessibilityUserState: updateShortcutTargets: type:accessibility_shortcut_target_service, current:{}, new:{}
06-04 21:49:36.507 15424 16296 V AccessibilityUserState: updateShortcutTargets: type:accessibility_button_targets, current:{}, new:{}
06-04 21:49:36.507 15424 16296 V AccessibilityUserState: updateShortcutTargets: type:accessibility_gesture_targets, current:{}, new:{}
06-04 21:49:36.507 15424 16296 V AccessibilityUserState: updateShortcutTargets: type:accessibility_qs_targets, current:{}, new:{}
06-04 21:49:36.508 15424 16296 V AccessibilityUserState: updateShortcutTargets: type:accessibility_key_gesture_targets, current:{}, new:{}
06-04 21:49:36.514 15424 16296 W MagnificationConnectionManager: requestConnection duplicated request: connect=false, mConnectionState=DISCONNECTED
06-04 21:49:36.532 15424 15424 W libbinder.IPCThreadState: Sending oneway calls to frozen process.
06-04 21:49:36.538 15424 15424 W libbinder.IPCThreadState: Sending oneway calls to frozen process.
06-04 21:49:36.538 15424 15424 W libbinder.IPCThreadState: Sending oneway calls to frozen process.
06-04 21:49:36.569 15424 15424 W libbinder.IPCThreadState: Sending oneway calls to frozen process.
06-04 21:49:36.569 15424 15424 W libbinder.IPCThreadState: Sending oneway calls to frozen process.
06-04 21:49:36.585 15424 15424 W libbinder.IPCThreadState: Sending oneway calls to frozen process.
06-04 21:49:36.585 15424 15424 W libbinder.IPCThreadState: Sending oneway calls to frozen process.
06-04 21:49:36.585 15424 15424 W libbinder.IPCThreadState: Sending oneway calls to frozen process.
06-04 21:49:36.589 15424 16296 V AccessibilityManagerService: onUserStateChangedLocked for userId: 0, forceUpdate: false
06-04 21:49:36.591 15424 16296 V AccessibilityUserState: updateShortcutTargets: type:accessibility_shortcut_target_service, current:{}, new:{}
06-04 21:49:36.596 15424 16296 V AccessibilityUserState: updateShortcutTargets: type:accessibility_button_targets, current:{}, new:{}
06-04 21:49:36.597 15424 16296 V AccessibilityUserState: updateShortcutTargets: type:accessibility_gesture_targets, current:{}, new:{}
06-04 21:49:36.597 15424 16296 V AccessibilityUserState: updateShortcutTargets: type:accessibility_qs_targets, current:{}, new:{}
06-04 21:49:36.597 15424 16296 V AccessibilityUserState: updateShortcutTargets: type:accessibility_key_gesture_targets, current:{}, new:{}
06-04 21:49:36.597 15424 16296 W MagnificationConnectionManager: requestConnection duplicated request: connect=false, mConnectionState=DISCONNECTED
06-04 21:49:36.599 15424 15424 W libbinder.IPCThreadState: Sending oneway calls to frozen process.
06-04 21:49:36.599 15424 15424 W libbinder.IPCThreadState: Sending oneway calls to frozen process.
06-04 21:49:36.602 15424 15424 W libbinder.IPCThreadState: Sending oneway calls to frozen process.
06-04 21:49:36.602 15424 15424 W libbinder.IPCThreadState: Sending oneway calls to frozen process.
06-04 21:49:36.602 15424 15424 W libbinder.IPCThreadState: Sending oneway calls to frozen process.
06-04 21:49:36.621 15424 15424 W libbinder.IPCThreadState: Sending oneway calls to frozen process.
06-04 21:49:36.621 15424 15424 W libbinder.IPCThreadState: Sending oneway calls to frozen process.
06-04 21:49:36.630 15424 15424 W libbinder.IPCThreadState: Sending oneway calls to frozen process.
06-04 21:49:36.630 15424 15424 W libbinder.IPCThreadState: Sending oneway calls to frozen process.
06-04 21:49:36.630 15424 15424 W libbinder.IPCThreadState: Sending oneway calls to frozen process.
06-04 21:49:36.672 15424 15424 W libbinder.IPCThreadState: Sending oneway calls to frozen process.
06-04 21:49:36.672 15424 15424 W libbinder.IPCThreadState: Sending oneway calls to frozen process.
06-04 21:49:36.686 15424 15424 W libbinder.IPCThreadState: Sending oneway calls to frozen process.
06-04 21:49:36.686 15424 15424 W libbinder.IPCThreadState: Sending oneway calls to frozen process.
06-04 21:49:36.686 15424 15424 W libbinder.IPCThreadState: Sending oneway calls to frozen process.
06-04 21:49:36.735 15424 15424 W libbinder.IPCThreadState: Sending oneway calls to frozen process.
06-04 21:49:36.735 15424 15424 W libbinder.IPCThreadState: Sending oneway calls to frozen process.
06-04 21:49:36.741 15424 15424 D BatterySaverPolicy: accessibility changed to true, updating policy.
06-04 21:49:36.806 17102 17339 I AiAiEcho: Settings changed for uri: content://settings/secure/accessibility_enabled
06-04 21:49:36.880  3474  3474 D BoundBrokerSvc: onUnbind: Intent { act=com.google.android.gms.measurement.START xflg=0x4 pkg=com.google.android.gms }
06-04 21:49:36.897 15424 16758 D AccessibilityManagerService: .getAccessibilityShortcutTargets {shortcutType=32, userId=0}
06-04 21:49:36.963 17102 17206 I AiAiEcho: Predicting[0]:  [CONTEXT sampling_count=5 ]
06-04 21:49:36.992 17102 17206 I AiAiEcho: EchoTargets: 
06-04 21:49:36.992 17102 17206 I AiAiEcho: Filtered by AiAi flag check: 
06-04 21:49:36.992 17102 17206 I AiAiEcho: [CONTEXT ratelimit_period="10 SECONDS" ]
06-04 21:49:37.019 17102 17206 I AiAiEcho: #remoteViewsTwiddler: feature disabled.
06-04 21:49:37.025 17102 17339 I AiAiEcho: Settings changed for uri: content://settings/secure/accessibility_enabled
06-04 21:49:37.052 17102 17206 I AiAiEcho: #postPredictionTargets: Sending updates to UISurface lockscreen with targets# 0 (types=[])
06-04 21:49:37.081 15424 15736 I HalDevMgr: bestIfaceCreationProposal is null, requestIface=STA, existingIface=[name=wlan0 type=STA]
06-04 21:49:37.102 17102 17206 I AiAiEcho: Predicting[0]:  [CONTEXT sampling_count=5 ]
06-04 21:49:37.102 17102 17206 I AiAiEcho: EchoTargets: 
06-04 21:49:37.102 17102 17206 I AiAiEcho: Filtered by AiAi flag check: 
06-04 21:49:37.102 17102 17206 I AiAiEcho: [CONTEXT ratelimit_period="10 SECONDS" ]
06-04 21:49:37.103 17102 17206 I AiAiEcho: #remoteViewsTwiddler: feature disabled.
06-04 21:49:37.104 17102 17206 I AiAiEcho: #postPredictionTargets: Sending updates to UISurface lockscreen with targets# 0 (types=[])
06-04 21:49:37.133 15885 15885 W SsPagerDots: Total number of pages invalid: 0. Assuming 1 page.
06-04 21:49:37.139 15885 15885 W SsPagerDots: Total number of pages invalid: 0. Assuming 1 page.
06-04 21:49:38.331 27744 27744 I cr_A11yState: Enabled accessibility services list updated. []
06-04 21:49:38.337 27744 27744 I cr_A11yState: Informing listeners of changes.
06-04 21:49:38.337 27744 27744 I cr_A11yState: New AccessibilityState: State{isScreenReaderEnabled=false, isTouchExplorationEnabled=false, isPerformGesturesEnabled=false, isAnyAccessibilityServiceEnabled=false, isAccessibilityToolPresent=false, isSpokenFeedbackServicePresent=false, isTextShowPasswordEnabled=true, isOnlyPasswordManagersEnabled=false}
06-04 21:49:38.345 27901 27901 W AccessibilityNodeInfoDumper: Fetch time: 393ms
06-04 21:49:38.349 15424 16599 V AccessibilityManagerService: onUserStateChangedLocked for userId: 0, forceUpdate: false
06-04 21:49:38.350 27744 27744 I Choreographer: Skipped 40 frames!  The application may be doing too much work on its main thread.
06-04 21:49:38.440 15424 16599 V AccessibilityUserState: updateShortcutTargets: type:accessibility_shortcut_target_service, current:{}, new:{}
06-04 21:49:38.441 15424 16599 V AccessibilityUserState: updateShortcutTargets: type:accessibility_button_targets, current:{}, new:{}
06-04 21:49:38.441 15424 16599 V AccessibilityUserState: updateShortcutTargets: type:accessibility_gesture_targets, current:{}, new:{}
06-04 21:49:38.441 15424 16599 V AccessibilityUserState: updateShortcutTargets: type:accessibility_qs_targets, current:{}, new:{}
06-04 21:49:38.441 15424 16599 V AccessibilityUserState: updateShortcutTargets: type:accessibility_key_gesture_targets, current:{}, new:{}
06-04 21:49:38.441 15424 16599 W MagnificationConnectionManager: requestConnection duplicated request: connect=false, mConnectionState=DISCONNECTED
06-04 21:49:38.445 15424 16599 D AccessibilityManagerService: restoreCurrentUserForTestAutomationIfNeededLocked(): ignoring because device doesn't support visible background users
06-04 21:49:38.447 17102 17339 I AiAiEcho: Settings changed for uri: content://settings/secure/accessibility_enabled
06-04 21:49:38.448 15424 15424 W libbinder.IPCThreadState: Sending oneway calls to frozen process.
06-04 21:49:38.448 15424 15424 W libbinder.IPCThreadState: Sending oneway calls to frozen process.
06-04 21:49:38.448 15424 15424 W libbinder.IPCThreadState: Sending oneway calls to frozen process.
06-04 21:49:38.448 15424 15424 W libbinder.IPCThreadState: Sending oneway calls to frozen process.
06-04 21:49:38.448 15424 15424 W libbinder.IPCThreadState: Sending oneway calls to frozen process.
06-04 21:49:38.449 15424 15424 W libbinder.IPCThreadState: Sending oneway calls to frozen process.
06-04 21:49:38.449 15424 15424 W libbinder.IPCThreadState: Sending oneway calls to frozen process.
06-04 21:49:38.449 15424 15424 W libbinder.IPCThreadState: Sending oneway calls to frozen process.
06-04 21:49:38.449 15424 15424 W libbinder.IPCThreadState: Sending oneway calls to frozen process.
06-04 21:49:38.449 15424 15424 W libbinder.IPCThreadState: Sending oneway calls to frozen process.
06-04 21:49:38.455 17102 17206 I AiAiEcho: Predicting[0]:  [CONTEXT sampling_count=5 ]
06-04 21:49:38.458 17102 17206 I AiAiEcho: EchoTargets: 
06-04 21:49:38.458 17102 17206 I AiAiEcho: Filtered by AiAi flag check: 
06-04 21:49:38.458 17102 17206 I AiAiEcho: [CONTEXT ratelimit_period="10 SECONDS" ]
06-04 21:49:38.459 17102 17206 I AiAiEcho: #remoteViewsTwiddler: feature disabled.
06-04 21:49:38.461 17102 17206 I AiAiEcho: #postPredictionTargets: Sending updates to UISurface lockscreen with targets# 0 (types=[])
06-04 21:49:38.467 15424 15424 W libbinder.IPCThreadState: Sending oneway calls to frozen process.
06-04 21:49:38.469 15885 15885 W SsPagerDots: Total number of pages invalid: 0. Assuming 1 page.
06-04 21:49:38.479 15424 15424 W libbinder.IPCThreadState: Sending oneway calls to frozen process.
06-04 21:49:38.482 15424 15424 W libbinder.IPCThreadState: Sending oneway calls to frozen process.
06-04 21:49:38.482 27901 27914 W libbinder.IPCThreadState: call to talkWithDriver in joinThreadPool returned error: -9 (Bad file descriptor), FD: -1
06-04 21:49:38.482 27901 27917 W libbinder.IPCThreadState: call to talkWithDriver in joinThreadPool returned error: -9 (Bad file descriptor), FD: -1
06-04 21:49:38.482 27901 27913 W libbinder.IPCThreadState: call to talkWithDriver in joinThreadPool returned error: -9 (Bad file descriptor), FD: -1
06-04 21:49:38.484 15424 15424 W libbinder.IPCThreadState: Sending oneway calls to frozen process.
06-04 21:49:38.484 15424 15424 W libbinder.IPCThreadState: Sending oneway calls to frozen process.
06-04 21:49:38.484 27901 27901 D AndroidRuntime: Shutting down VM
06-04 21:49:38.485 15424 15424 D BatterySaverPolicy: accessibility changed to false, updating policy.
06-04 21:49:38.913 27918 27918 W libbinder.BackendUnifiedServiceManager: Thread Pool max thread count is 0. Cannot cache binder as linkToDeath cannot be implemented. serviceName: package
06-04 21:49:39.164 15690 19816 I artd    : GetBestInfo: odex next to the dex file (/product/priv-app/PrebuiltGmsCore/oat/arm64/PrebuiltGmsCore.odex) is kOatUpToDate with filter 'verify' executable 'false'
06-04 21:49:39.165 15690 15691 W artd    : Could not get dex checksums for location /data/app/~~n4kQt_qV4sELtgvUB_MreQ==/com.arrowagain.game-eWnpHANVuymeyIjJp0n_fg==/base.apk, fd=-1
06-04 21:49:39.167 15690 15691 I artd    : GetBestInfo: /data/user_de/0/com.google.android.gms/app_chimera/m/0000000a/dl-MlkitOcrCommon.optional_253434100400.apk has no usable artifacts
06-04 21:49:39.169 15690 19596 I artd    : GetBestInfo: /data/user/0/com.google.android.gms/app_dg_cache/DD26CFCA40A2391A1E3626BBAF83BD500298C9F7/the.apk has no usable artifacts
06-04 21:49:39.171 15690 15691 I artd    : GetBestInfo: /data/user_de/0/com.google.android.gms/app_chimera/m/00000001/CronetDynamite.apk has no usable artifacts
06-04 21:49:39.171 15690 19816 I artd    : GetBestInfo: /data/user_de/0/com.google.android.gms/app_chimera/m/00000002/DynamiteLoader.apk has no usable artifacts
06-04 21:49:39.172 15690 15693 I artd    : GetBestInfo: /data/user_de/0/com.google.android.gms/app_chimera/m/00000005/GoogleCertificates.apk has no usable artifacts
06-04 21:49:39.178 15690 19816 I artd    : GetBestInfo: /data/user_de/0/com.google.android.gms/app_chimera/m/00000009/dl-TfliteDynamiteDynamite.integ_252130102100400.apk has no usable artifacts
06-04 21:49:39.182 15690 19816 I artd    : GetBestInfo: /data/user_de/0/com.google.android.gms/app_chimera/m/00000008/dl-VisionOcr.optional_253434100000.apk has no usable artifacts
06-04 21:49:39.186 15690 15693 I artd    : GetBestInfo: /data/user_de/0/com.google.android.gms/app_chimera/m/00000007/MeasurementDynamite.apk has no usable artifacts
06-04 21:49:40.086 15424 15736 I HalDevMgr: bestIfaceCreationProposal is null, requestIface=STA, existingIface=[name=wlan0 type=STA]
06-04 21:49:40.633 26297 26297 D BoundBrokerSvc: onUnbind: Intent { act=com.google.android.gms.presencemanager.service.START dat=chimera-action:/... xflg=0x4 cmp=com.google.android.gms/.chimera.PersistentApiService }
06-04 21:49:40.646 26297 26297 D BoundBrokerSvc: onUnbind: Intent { act=com.google.android.gms.presencemanager.service.INTERNAL_IDENTITY dat=chimera-action:/... xflg=0x4 cmp=com.google.android.gms/.chimera.PersistentApiService }
06-04 21:49:40.703  3474  3474 D BoundBrokerSvc: onBind: Intent { act=com.google.android.gms.potokens.service.IntegrityTokenRefreshTaskService.ACTION_TASK_READY dat=chimera-action:/... xflg=0x4 cmp=com.google.android.gms/.chimera.GmsInternalBoundBrokerService }
06-04 21:49:40.706  3474  3474 D BoundBrokerSvc: Loading bound service for intent: Intent { act=com.google.android.gms.potokens.service.IntegrityTokenRefreshTaskService.ACTION_TASK_READY dat=chimera-action:/... xflg=0x4 cmp=com.google.android.gms/.chimera.GmsInternalBoundBrokerService }
06-04 21:49:40.727 26297 27892 I NetworkScheduler.Stats: (REDACTED) Task %s/%s started execution. cause:%s exec_start_elapsed_seconds: %s
06-04 21:49:40.762  3474  3474 D BoundBrokerSvc: onUnbind: Intent { act=com.google.android.gms.potokens.service.IntegrityTokenRefreshTaskService.ACTION_TASK_READY dat=chimera-action:/... xflg=0x4 cmp=com.google.android.gms/.chimera.GmsInternalBoundBrokerService }
06-04 21:49:40.768 26297 27867 I NetworkScheduler.Stats: (REDACTED) Task %s/%s finished executing. cause:%s result: %s elapsed_millis: %s uptime_millis: %s exec_start_elapsed_seconds: %s
06-04 21:49:40.968 27790 27815 E ashmem  : readlink(/proc/self/fd/116) failed: Operation not permitted
06-04 21:49:41.189 27744 27878 I CapacitorCookies: Getting cookies at: 'https://firebaseinstallations.googleapis.com/v1/projects/profession-ball-arena/installations'
06-04 21:49:41.620 17076 17252 D SatelliteController: iisInCarrierRoamingNbIotNtn: satellite is disabled
06-04 21:49:41.636 17076 17252 D SatelliteController: getCarrierRoamingNtnConnectType: Falling back to global carrier config connect type: 0
06-04 21:49:43.124 15424 15736 I HalDevMgr: bestIfaceCreationProposal is null, requestIface=STA, existingIface=[name=wlan0 type=STA]
06-04 21:49:43.687 27790 27815 E ashmem  : readlink(/proc/self/fd/71) failed: Operation not permitted
06-04 21:49:45.322 27744 27751 I nballarena.game: Compiler allocated 5145KB to compile void android.view.ViewRootImpl.performTraversals()
06-04 21:49:46.145 15424 15736 I HalDevMgr: bestIfaceCreationProposal is null, requestIface=STA, existingIface=[name=wlan0 type=STA]
06-04 21:49:46.571 15424 15537 W libbinder.IPCThreadState: Sending oneway calls to frozen process.
06-04 21:49:46.929 27790 27815 E ashmem  : readlink(/proc/self/fd/71) failed: Operation not permitted
06-04 21:49:46.991 15424 15537 W libbinder.IPCThreadState: Sending oneway calls to frozen process.
06-04 21:49:48.453 15424 15537 W libbinder.IPCThreadState: Sending oneway calls to frozen process.
06-04 21:49:48.909 27925 27925 W libbinder.BackendUnifiedServiceManager: Thread Pool max thread count is 0. Cannot cache binder as linkToDeath cannot be implemented. serviceName: package
06-04 21:49:49.167 15424 15736 I HalDevMgr: bestIfaceCreationProposal is null, requestIface=STA, existingIface=[name=wlan0 type=STA]
