06-04 22:00:59.248 15424 15736 I HalDevMgr: bestIfaceCreationProposal is null, requestIface=STA, existingIface=[name=wlan0 type=STA]
06-04 22:01:00.793 15949 30096 D NetworkMonitor/102: PROBE_HTTPS https://www.google.com/generate_204 Probe failed with exception java.net.ConnectException: Failed to connect to www.google.com/[2001::1]:443
06-04 22:01:01.811 17076 17252 D SatelliteController: iisInCarrierRoamingNbIotNtn: satellite is disabled
06-04 22:01:01.812 17076 17252 D SatelliteController: getCarrierRoamingNtnConnectType: Falling back to global carrier config connect type: 0
06-04 22:01:02.251 15424 15736 I HalDevMgr: bestIfaceCreationProposal is null, requestIface=STA, existingIface=[name=wlan0 type=STA]
06-04 22:01:03.767 15949 30095 D NetworkMonitor/102: PROBE_FALLBACK http://www.google.com/gen_204 Probe failed with exception java.net.ConnectException: Failed to connect to www.google.com/[2001::1]:80
06-04 22:01:03.767 15949 30095 D NetworkMonitor/102: isCaptivePortal: isSuccessful()=false isPortal()=false RedirectUrl=null isPartialConnectivity()=true Time=13013ms
06-04 22:01:03.768 15424 15755 D ConnectivityService: [102 CELLULAR] validation failed
06-04 22:01:04.605 29627 29737 I CapacitorCookies: Getting cookies at: 'https://firebaseinstallations.googleapis.com/v1/projects/profession-ball-arena/installations'
06-04 22:01:05.254 15424 15736 I HalDevMgr: bestIfaceCreationProposal is null, requestIface=STA, existingIface=[name=wlan0 type=STA]
06-04 22:01:08.259 15424 15736 I HalDevMgr: bestIfaceCreationProposal is null, requestIface=STA, existingIface=[name=wlan0 type=STA]
06-04 22:01:08.773 30131 30131 W libbinder.BackendUnifiedServiceManager: Thread Pool max thread count is 0. Cannot cache binder as linkToDeath cannot be implemented. serviceName: package
06-04 22:01:08.850 15690 19596 I artd    : GetBestInfo: odex next to the dex file (/product/priv-app/PrebuiltGmsCore/oat/arm64/PrebuiltGmsCore.odex) is kOatUpToDate with filter 'verify' executable 'false'
06-04 22:01:08.853 15690 19596 W artd    : Could not get dex checksums for location /data/app/~~n4kQt_qV4sELtgvUB_MreQ==/com.arrowagain.game-eWnpHANVuymeyIjJp0n_fg==/base.apk, fd=-1
06-04 22:01:08.854 15690 19596 I artd    : GetBestInfo: /data/user_de/0/com.google.android.gms/app_chimera/m/0000000a/dl-MlkitOcrCommon.optional_253434100400.apk has no usable artifacts
06-04 22:01:08.854 15690 19596 I artd    : GetBestInfo: /data/user/0/com.google.android.gms/app_dg_cache/DD26CFCA40A2391A1E3626BBAF83BD500298C9F7/the.apk has no usable artifacts
06-04 22:01:08.854 15690 19596 I artd    : GetBestInfo: /data/user_de/0/com.google.android.gms/app_chimera/m/00000001/CronetDynamite.apk has no usable artifacts
06-04 22:01:08.855 15690 19596 I artd    : GetBestInfo: /data/user_de/0/com.google.android.gms/app_chimera/m/00000002/DynamiteLoader.apk has no usable artifacts
06-04 22:01:08.856 15690 19596 I artd    : GetBestInfo: /data/user_de/0/com.google.android.gms/app_chimera/m/00000005/GoogleCertificates.apk has no usable artifacts
06-04 22:01:08.869 15690 19596 I artd    : GetBestInfo: /data/user_de/0/com.google.android.gms/app_chimera/m/00000009/dl-TfliteDynamiteDynamite.integ_252130102100400.apk has no usable artifacts
06-04 22:01:08.874 15690 19596 I artd    : GetBestInfo: /data/user_de/0/com.google.android.gms/app_chimera/m/00000008/dl-VisionOcr.optional_253434100000.apk has no usable artifacts
06-04 22:01:08.877 15690 19596 I artd    : GetBestInfo: /data/user_de/0/com.google.android.gms/app_chimera/m/00000007/MeasurementDynamite.apk has no usable artifacts
06-04 22:01:08.923 15424 15455 I system_server: Background young concurrent mark compact GC freed 24MB AllocSpace bytes, 8(160KB) LOS objects, 39% free, 34MB/57MB, paused 1.698ms,7.932ms total 146.195ms
06-04 22:01:08.924 29627 29777 D nballarena.game: PlayerBase::~PlayerBase()
06-04 22:01:11.265 15424 15736 I HalDevMgr: bestIfaceCreationProposal is null, requestIface=STA, existingIface=[name=wlan0 type=STA]
06-04 22:01:11.813 17076 17252 D SatelliteController: iisInCarrierRoamingNbIotNtn: satellite is disabled
06-04 22:01:11.815 17076 17252 D SatelliteController: getCarrierRoamingNtnConnectType: Falling back to global carrier config connect type: 0
06-04 22:01:14.269 15424 15736 I HalDevMgr: bestIfaceCreationProposal is null, requestIface=STA, existingIface=[name=wlan0 type=STA]
06-04 22:01:14.653 29627 29737 I CapacitorCookies: Getting cookies at: 'https://firebaseinstallations.googleapis.com/v1/projects/profession-ball-arena/installations'
06-04 22:01:17.273 15424 15736 I HalDevMgr: bestIfaceCreationProposal is null, requestIface=STA, existingIface=[name=wlan0 type=STA]
06-04 22:01:18.600 15424 15548 D KernelCpuUidUserSysTimeReader: Removing uids 90002-90002
06-04 22:01:18.601 15424 15548 E BluetoothPowerStatsCollector: Cannot acquire BluetoothActivityEnergyInfo
06-04 22:01:18.601 15424 15548 E BluetoothPowerStatsCollector: java.util.concurrent.ExecutionException: java.lang.RuntimeException: error: 9
06-04 22:01:18.601 15424 15548 E BluetoothPowerStatsCollector: 	at java.util.concurrent.CompletableFuture.reportGet(CompletableFuture.java:372)
06-04 22:01:18.601 15424 15548 E BluetoothPowerStatsCollector: 	at java.util.concurrent.CompletableFuture.get(CompletableFuture.java:2072)
06-04 22:01:18.601 15424 15548 E BluetoothPowerStatsCollector: 	at com.android.server.power.stats.BluetoothPowerStatsCollector.collectBluetoothActivityInfo(BluetoothPowerStatsCollector.java:191)
06-04 22:01:18.601 15424 15548 E BluetoothPowerStatsCollector: 	at com.android.server.power.stats.BluetoothPowerStatsCollector.collectStats(BluetoothPowerStatsCollector.java:155)
06-04 22:01:18.601 15424 15548 E BluetoothPowerStatsCollector: 	at com.android.server.power.stats.PowerStatsCollector.collectAndDeliverStats(PowerStatsCollector.java:196)
06-04 22:01:18.601 15424 15548 E BluetoothPowerStatsCollector: 	at com.android.server.power.stats.PowerStatsCollector.lambda$schedule$0(PowerStatsCollector.java:166)
06-04 22:01:18.601 15424 15548 E BluetoothPowerStatsCollector: 	at com.android.server.power.stats.PowerStatsCollector.$r8$lambda$G7G_yFY7rV7oxQbQHnZ5FHX8eBk(PowerStatsCollector.java:0)
06-04 22:01:18.601 15424 15548 E BluetoothPowerStatsCollector: 	at com.android.server.power.stats.PowerStatsCollector$$ExternalSyntheticLambda1.run(R8$$SyntheticClass:0)
06-04 22:01:18.601 15424 15548 E BluetoothPowerStatsCollector: 	at android.os.Handler.handleCallback(Handler.java:1070)
06-04 22:01:18.601 15424 15548 E BluetoothPowerStatsCollector: 	at android.os.Handler.dispatchMessage(Handler.java:125)
06-04 22:01:18.601 15424 15548 E BluetoothPowerStatsCollector: 	at android.os.Looper.dispatchMessage(Looper.java:333)
06-04 22:01:18.601 15424 15548 E BluetoothPowerStatsCollector: 	at android.os.Looper.loopOnce(Looper.java:263)
06-04 22:01:18.601 15424 15548 E BluetoothPowerStatsCollector: 	at android.os.Looper.loop(Looper.java:367)
06-04 22:01:18.601 15424 15548 E BluetoothPowerStatsCollector: 	at android.os.HandlerThread.run(HandlerThread.java:139)
06-04 22:01:18.601 15424 15548 E BluetoothPowerStatsCollector: Caused by: java.lang.RuntimeException: error: 9
06-04 22:01:18.601 15424 15548 E BluetoothPowerStatsCollector: 	at com.android.server.power.stats.BluetoothPowerStatsCollector$1.onBluetoothActivityEnergyInfoError(BluetoothPowerStatsCollector.java:180)
06-04 22:01:18.601 15424 15548 E BluetoothPowerStatsCollector: 	at android.bluetooth.BluetoothAdapter.lambda$requestControllerActivityEnergyInfo$27(BluetoothAdapter.java:2513)
06-04 22:01:18.601 15424 15548 E BluetoothPowerStatsCollector: 	at android.bluetooth.BluetoothAdapter$$ExternalSyntheticLambda27.run(D8$$SyntheticClass:0)
06-04 22:01:18.601 15424 15548 E BluetoothPowerStatsCollector: 	at com.android.server.SystemServerInitThreadPool$$ExternalSyntheticLambda0.execute(R8$$SyntheticClass:0)
06-04 22:01:18.601 15424 15548 E BluetoothPowerStatsCollector: 	at android.bluetooth.BluetoothAdapter.requestControllerActivityEnergyInfo(BluetoothAdapter.java:2511)
06-04 22:01:18.601 15424 15548 E BluetoothPowerStatsCollector: 	at com.android.server.power.stats.BatteryStatsImpl$BluetoothStatsRetrieverImpl.requestControllerActivityEnergyInfo(BatteryStatsImpl.java:471)
06-04 22:01:18.601 15424 15548 E BluetoothPowerStatsCollector: 	at com.android.server.power.stats.BluetoothPowerStatsCollector.collectBluetoothActivityInfo(BluetoothPowerStatsCollector.java:169)
06-04 22:01:18.601 15424 15548 E BluetoothPowerStatsCollector: 	... 11 more
06-04 22:01:18.751 30139 30139 W libbinder.BackendUnifiedServiceManager: Thread Pool max thread count is 0. Cannot cache binder as linkToDeath cannot be implemented. serviceName: SurfaceFlingerAIDL
06-04 22:01:18.751 30139 30139 W libbinder.BpBinder: Linking to death on android.gui.ISurfaceComposer but there are no threads (yet?) listening to incoming transactions. See ProcessState::startThreadPool and ProcessState::setThreadPoolMaxThreadCount. Generally you should setup the binder threadpool before other initialization steps.
06-04 22:01:18.751 30139 30139 W libbinder.ProcessState: Extra binder thread started, but 0 threads requested. Do not use *startThreadPool when zero threads are requested.
06-04 22:01:18.774 30141 30141 W libbinder.BackendUnifiedServiceManager: Thread Pool max thread count is 0. Cannot cache binder as linkToDeath cannot be implemented. serviceName: package
06-04 22:01:18.830 15690 19596 I artd    : GetBestInfo: odex next to the dex file (/product/priv-app/PrebuiltGmsCore/oat/arm64/PrebuiltGmsCore.odex) is kOatUpToDate with filter 'verify' executable 'false'
06-04 22:01:18.832 15690 19596 W artd    : Could not get dex checksums for location /data/app/~~n4kQt_qV4sELtgvUB_MreQ==/com.arrowagain.game-eWnpHANVuymeyIjJp0n_fg==/base.apk, fd=-1
06-04 22:01:18.832 15690 19596 I artd    : GetBestInfo: /data/user_de/0/com.google.android.gms/app_chimera/m/0000000a/dl-MlkitOcrCommon.optional_253434100400.apk has no usable artifacts
06-04 22:01:18.833 15690 19596 I artd    : GetBestInfo: /data/user/0/com.google.android.gms/app_dg_cache/DD26CFCA40A2391A1E3626BBAF83BD500298C9F7/the.apk has no usable artifacts
06-04 22:01:18.834 15690 19816 I artd    : GetBestInfo: /data/user_de/0/com.google.android.gms/app_chimera/m/00000001/CronetDynamite.apk has no usable artifacts
06-04 22:01:18.834 15690 19816 I artd    : GetBestInfo: /data/user_de/0/com.google.android.gms/app_chimera/m/00000002/DynamiteLoader.apk has no usable artifacts
06-04 22:01:18.834 15690 19514 I artd    : GetBestInfo: /data/user_de/0/com.google.android.gms/app_chimera/m/00000005/GoogleCertificates.apk has no usable artifacts
06-04 22:01:18.834 15690 15692 I artd    : GetBestInfo: /data/user_de/0/com.google.android.gms/app_chimera/m/00000009/dl-TfliteDynamiteDynamite.integ_252130102100400.apk has no usable artifacts
06-04 22:01:18.834 15690 19816 I artd    : GetBestInfo: /data/user_de/0/com.google.android.gms/app_chimera/m/00000008/dl-VisionOcr.optional_253434100000.apk has no usable artifacts
06-04 22:01:18.836 15690 19816 I artd    : GetBestInfo: /data/user_de/0/com.google.android.gms/app_chimera/m/00000007/MeasurementDynamite.apk has no usable artifacts
06-04 22:01:20.277 15424 15736 I HalDevMgr: bestIfaceCreationProposal is null, requestIface=STA, existingIface=[name=wlan0 type=STA]
06-04 22:01:21.812 17076 17252 D SatelliteController: iisInCarrierRoamingNbIotNtn: satellite is disabled
06-04 22:01:21.813 17076 17252 D SatelliteController: getCarrierRoamingNtnConnectType: Falling back to global carrier config connect type: 0
06-04 22:01:23.281 15424 15736 I HalDevMgr: bestIfaceCreationProposal is null, requestIface=STA, existingIface=[name=wlan0 type=STA]
06-04 22:01:23.811 30116 30116 W simpleperf: type=1400 audit(0.0:5526): avc:  denied  { read } for  name="kallsyms" dev="proc" ino=4026532037 scontext=u:r:simpleperf:s0:c228,c256,c512,c768 tcontext=u:object_r:proc_kallsyms:s0 tclass=file permissive=0 app=com.professionballarena.game
06-04 22:01:23.815 30116 30116 W simpleperf: type=1400 audit(0.0:5527): avc:  denied  { read } for  name="kptr_restrict" dev="proc" ino=10881539 scontext=u:r:simpleperf:s0:c228,c256,c512,c768 tcontext=u:object_r:proc_security:s0 tclass=file permissive=0 app=com.professionballarena.game
06-04 22:01:24.699 29627 29737 I CapacitorCookies: Getting cookies at: 'https://firebaseinstallations.googleapis.com/v1/projects/profession-ball-arena/installations'
06-04 22:01:25.052 15424 16829 D TelephonyManager: requestModemActivityInfo: Sending result to app: ModemActivityInfo{ mTimestamp=1256141343 mSleepTimeMs=24318 mIdleTimeMs=8106 mActivityStatsTechSpecificInfo=[{mRat=UNKNOWN,mFrequencyRange=UNKNOWN,mTxTimeMs[]=[579, 1737, 3474, 4632, 5211],mRxTimeMs=5211}]}
06-04 22:01:25.061 15424 15548 E BluetoothPowerStatsCollector: Cannot acquire BluetoothActivityEnergyInfo
06-04 22:01:25.061 15424 15548 E BluetoothPowerStatsCollector: java.util.concurrent.ExecutionException: java.lang.RuntimeException: error: 9
06-04 22:01:25.061 15424 15548 E BluetoothPowerStatsCollector: 	at java.util.concurrent.CompletableFuture.reportGet(CompletableFuture.java:372)
06-04 22:01:25.061 15424 15548 E BluetoothPowerStatsCollector: 	at java.util.concurrent.CompletableFuture.get(CompletableFuture.java:2072)
06-04 22:01:25.061 15424 15548 E BluetoothPowerStatsCollector: 	at com.android.server.power.stats.BluetoothPowerStatsCollector.collectBluetoothActivityInfo(BluetoothPowerStatsCollector.java:191)
06-04 22:01:25.061 15424 15548 E BluetoothPowerStatsCollector: 	at com.android.server.power.stats.BluetoothPowerStatsCollector.collectStats(BluetoothPowerStatsCollector.java:155)
06-04 22:01:25.061 15424 15548 E BluetoothPowerStatsCollector: 	at com.android.server.power.stats.PowerStatsCollector.collectAndDeliverStats(PowerStatsCollector.java:196)
06-04 22:01:25.061 15424 15548 E BluetoothPowerStatsCollector: 	at com.android.server.power.stats.PowerStatsCollector.lambda$forceSchedule$1(PowerStatsCollector.java:185)
06-04 22:01:25.061 15424 15548 E BluetoothPowerStatsCollector: 	at com.android.server.power.stats.PowerStatsCollector.$r8$lambda$S8t6eDCBuELjdSNvyveTMprEzE0(PowerStatsCollector.java:0)
06-04 22:01:25.061 15424 15548 E BluetoothPowerStatsCollector: 	at com.android.server.power.stats.PowerStatsCollector$$ExternalSyntheticLambda0.run(R8$$SyntheticClass:0)
06-04 22:01:25.061 15424 15548 E BluetoothPowerStatsCollector: 	at android.os.Handler.handleCallback(Handler.java:1070)
06-04 22:01:25.061 15424 15548 E BluetoothPowerStatsCollector: 	at android.os.Handler.dispatchMessage(Handler.java:125)
06-04 22:01:25.061 15424 15548 E BluetoothPowerStatsCollector: 	at android.os.Looper.dispatchMessage(Looper.java:333)
06-04 22:01:25.061 15424 15548 E BluetoothPowerStatsCollector: 	at android.os.Looper.loopOnce(Looper.java:263)
06-04 22:01:25.061 15424 15548 E BluetoothPowerStatsCollector: 	at android.os.Looper.loop(Looper.java:367)
06-04 22:01:25.061 15424 15548 E BluetoothPowerStatsCollector: 	at android.os.HandlerThread.run(HandlerThread.java:139)
06-04 22:01:25.061 15424 15548 E BluetoothPowerStatsCollector: Caused by: java.lang.RuntimeException: error: 9
06-04 22:01:25.061 15424 15548 E BluetoothPowerStatsCollector: 	at com.android.server.power.stats.BluetoothPowerStatsCollector$1.onBluetoothActivityEnergyInfoError(BluetoothPowerStatsCollector.java:180)
06-04 22:01:25.061 15424 15548 E BluetoothPowerStatsCollector: 	at android.bluetooth.BluetoothAdapter.lambda$requestControllerActivityEnergyInfo$27(BluetoothAdapter.java:2513)
06-04 22:01:25.061 15424 15548 E BluetoothPowerStatsCollector: 	at android.bluetooth.BluetoothAdapter$$ExternalSyntheticLambda27.run(D8$$SyntheticClass:0)
06-04 22:01:25.061 15424 15548 E BluetoothPowerStatsCollector: 	at com.android.server.SystemServerInitThreadPool$$ExternalSyntheticLambda0.execute(R8$$SyntheticClass:0)
06-04 22:01:25.061 15424 15548 E BluetoothPowerStatsCollector: 	at android.bluetooth.BluetoothAdapter.requestControllerActivityEnergyInfo(BluetoothAdapter.java:2511)
06-04 22:01:25.061 15424 15548 E BluetoothPowerStatsCollector: 	at com.android.server.power.stats.BatteryStatsImpl$BluetoothStatsRetrieverImpl.requestControllerActivityEnergyInfo(BatteryStatsImpl.java:471)
06-04 22:01:25.061 15424 15548 E BluetoothPowerStatsCollector: 	at com.android.server.power.stats.BluetoothPowerStatsCollector.collectBluetoothActivityInfo(BluetoothPowerStatsCollector.java:169)
06-04 22:01:25.061 15424 15548 E BluetoothPowerStatsCollector: 	... 11 more
06-04 22:01:25.100  3474  3474 D BoundBrokerSvc: onBind: Intent { act=com.google.android.gms.potokens.service.IntegrityTokenRefreshTaskService.ACTION_TASK_READY dat=chimera-action:/... xflg=0x4 cmp=com.google.android.gms/.chimera.GmsInternalBoundBrokerService }
06-04 22:01:25.102  3474  3474 D BoundBrokerSvc: Loading bound service for intent: Intent { act=com.google.android.gms.potokens.service.IntegrityTokenRefreshTaskService.ACTION_TASK_READY dat=chimera-action:/... xflg=0x4 cmp=com.google.android.gms/.chimera.GmsInternalBoundBrokerService }
06-04 22:01:25.106 26297 30175 I NetworkScheduler.Stats: (REDACTED) Task %s/%s started execution. cause:%s exec_start_elapsed_seconds: %s
06-04 22:01:25.107 26297 30174 E WorkSourceUtil: Could not find package: com.google.android.gms.westworld
06-04 22:01:25.112 26297 30177 I NetworkScheduler.Stats: (REDACTED) Task %s/%s finished executing. cause:%s result: %s elapsed_millis: %s uptime_millis: %s exec_start_elapsed_seconds: %s
06-04 22:01:25.114  3474  3474 D BoundBrokerSvc: onUnbind: Intent { act=com.google.android.gms.potokens.service.IntegrityTokenRefreshTaskService.ACTION_TASK_READY dat=chimera-action:/... xflg=0x4 cmp=com.google.android.gms/.chimera.GmsInternalBoundBrokerService }
06-04 22:01:26.282 15424 15736 I HalDevMgr: bestIfaceCreationProposal is null, requestIface=STA, existingIface=[name=wlan0 type=STA]
06-04 22:01:28.797 30204 30204 W libbinder.BackendUnifiedServiceManager: Thread Pool max thread count is 0. Cannot cache binder as linkToDeath cannot be implemented. serviceName: package
06-04 22:01:28.857 15690 19816 I artd    : GetBestInfo: odex next to the dex file (/product/priv-app/PrebuiltGmsCore/oat/arm64/PrebuiltGmsCore.odex) is kOatUpToDate with filter 'verify' executable 'false'
06-04 22:01:28.857 15690 19596 W artd    : Could not get dex checksums for location /data/app/~~n4kQt_qV4sELtgvUB_MreQ==/com.arrowagain.game-eWnpHANVuymeyIjJp0n_fg==/base.apk, fd=-1
06-04 22:01:28.858 15690 19596 I artd    : GetBestInfo: /data/user_de/0/com.google.android.gms/app_chimera/m/0000000a/dl-MlkitOcrCommon.optional_253434100400.apk has no usable artifacts
06-04 22:01:28.862 15690 19816 I artd    : GetBestInfo: /data/user/0/com.google.android.gms/app_dg_cache/DD26CFCA40A2391A1E3626BBAF83BD500298C9F7/the.apk has no usable artifacts
06-04 22:01:28.863 15690 19816 I artd    : GetBestInfo: /data/user_de/0/com.google.android.gms/app_chimera/m/00000001/CronetDynamite.apk has no usable artifacts
06-04 22:01:28.863 15690 19596 I artd    : GetBestInfo: /data/user_de/0/com.google.android.gms/app_chimera/m/00000002/DynamiteLoader.apk has no usable artifacts
06-04 22:01:28.863 15690 15692 I artd    : GetBestInfo: /data/user_de/0/com.google.android.gms/app_chimera/m/00000005/GoogleCertificates.apk has no usable artifacts
06-04 22:01:28.864 15690 19514 I artd    : GetBestInfo: /data/user_de/0/com.google.android.gms/app_chimera/m/00000009/dl-TfliteDynamiteDynamite.integ_252130102100400.apk has no usable artifacts
06-04 22:01:28.866 15690 19514 I artd    : GetBestInfo: /data/user_de/0/com.google.android.gms/app_chimera/m/00000008/dl-VisionOcr.optional_253434100000.apk has no usable artifacts
06-04 22:01:28.866 15690 19816 I artd    : GetBestInfo: /data/user_de/0/com.google.android.gms/app_chimera/m/00000007/MeasurementDynamite.apk has no usable artifacts
06-04 22:01:29.288 15424 15736 I HalDevMgr: bestIfaceCreationProposal is null, requestIface=STA, existingIface=[name=wlan0 type=STA]
06-04 22:01:31.811 17076 17252 D SatelliteController: iisInCarrierRoamingNbIotNtn: satellite is disabled
06-04 22:01:31.811 17076 17252 D SatelliteController: getCarrierRoamingNtnConnectType: Falling back to global carrier config connect type: 0
06-04 22:01:32.291 15424 15736 I HalDevMgr: bestIfaceCreationProposal is null, requestIface=STA, existingIface=[name=wlan0 type=STA]
06-04 22:01:34.750 29627 29737 I CapacitorCookies: Getting cookies at: 'https://firebaseinstallations.googleapis.com/v1/projects/profession-ball-arena/installations'
06-04 22:01:35.299 15424 15736 I HalDevMgr: bestIfaceCreationProposal is null, requestIface=STA, existingIface=[name=wlan0 type=STA]
06-04 22:01:35.430 15949 30233 D NetworkMonitor/101: PROBE_DNS www.google.com 26ms OK 69.171.235.22,2001::1
06-04 22:01:35.441 15949 30234 D NetworkMonitor/101: PROBE_DNS connectivitycheck.gstatic.com 33ms OK 120.253.255.34
06-04 22:01:35.555 15949 30234 D NetworkMonitor/101: PROBE_HTTP http://connectivitycheck.gstatic.com/generate_204 time=111ms ret=204 request={Connection=[close], User-Agent=[Mozilla/5.0 (X11; Linux x86_64) AppleWebKit/537.36 (KHTML, like Gecko) Chrome/60.0.3112.32 Safari/537.36]} headers={null=[HTTP/1.1 204 No Content], Connection=[close], Content-Length=[0], Cross-Origin-Resource-Policy=[cross-origin], Date=[Thu, 04 Jun 2026 14:01:51 GMT], X-Android-Received-Millis=[1780581695555], X-Android-Response-Source=[NETWORK 204], X-Android-Selected-Protocol=[http/1.1], X-Android-Sent-Millis=[1780581695494]}
06-04 22:01:35.745 28301 28387 W libbinder.Binder: Binder transaction to com.google.android.gms.droidguard.internal.IDroidGuardHandle code 5 took 60035ms. Data bytes: 336 Reply bytes: 16 Flags: 18
06-04 22:01:38.303 15424 15736 I HalDevMgr: bestIfaceCreationProposal is null, requestIface=STA, existingIface=[name=wlan0 type=STA]
06-04 22:01:38.804 30256 30256 W libbinder.BackendUnifiedServiceManager: Thread Pool max thread count is 0. Cannot cache binder as linkToDeath cannot be implemented. serviceName: package
06-04 22:01:38.845 15690 19514 I artd    : GetBestInfo: odex next to the dex file (/product/priv-app/PrebuiltGmsCore/oat/arm64/PrebuiltGmsCore.odex) is kOatUpToDate with filter 'verify' executable 'false'
06-04 22:01:38.845 15690 19514 W artd    : Could not get dex checksums for location /data/app/~~n4kQt_qV4sELtgvUB_MreQ==/com.arrowagain.game-eWnpHANVuymeyIjJp0n_fg==/base.apk, fd=-1
06-04 22:01:38.846 15690 15692 I artd    : GetBestInfo: /data/user_de/0/com.google.android.gms/app_chimera/m/0000000a/dl-MlkitOcrCommon.optional_253434100400.apk has no usable artifacts
06-04 22:01:38.848 15690 15692 I artd    : GetBestInfo: /data/user/0/com.google.android.gms/app_dg_cache/DD26CFCA40A2391A1E3626BBAF83BD500298C9F7/the.apk has no usable artifacts
06-04 22:01:38.848 15690 19514 I artd    : GetBestInfo: /data/user_de/0/com.google.android.gms/app_chimera/m/00000001/CronetDynamite.apk has no usable artifacts
06-04 22:01:38.848 15690 19514 I artd    : GetBestInfo: /data/user_de/0/com.google.android.gms/app_chimera/m/00000002/DynamiteLoader.apk has no usable artifacts
06-04 22:01:38.848 15690 19514 I artd    : GetBestInfo: /data/user_de/0/com.google.android.gms/app_chimera/m/00000005/GoogleCertificates.apk has no usable artifacts
06-04 22:01:38.849 15690 19816 I artd    : GetBestInfo: /data/user_de/0/com.google.android.gms/app_chimera/m/00000009/dl-TfliteDynamiteDynamite.integ_252130102100400.apk has no usable artifacts
06-04 22:01:38.849 15690 15692 I artd    : GetBestInfo: /data/user_de/0/com.google.android.gms/app_chimera/m/00000008/dl-VisionOcr.optional_253434100000.apk has no usable artifacts
06-04 22:01:38.849 15690 19514 I artd    : GetBestInfo: /data/user_de/0/com.google.android.gms/app_chimera/m/00000007/MeasurementDynamite.apk has no usable artifacts
06-04 22:01:41.308 15424 15736 I HalDevMgr: bestIfaceCreationProposal is null, requestIface=STA, existingIface=[name=wlan0 type=STA]
06-04 22:01:41.817 17076 17252 D SatelliteController: iisInCarrierRoamingNbIotNtn: satellite is disabled
06-04 22:01:41.818 17076 17252 D SatelliteController: getCarrierRoamingNtnConnectType: Falling back to global carrier config connect type: 0
06-04 22:01:44.311 15424 15736 I HalDevMgr: bestIfaceCreationProposal is null, requestIface=STA, existingIface=[name=wlan0 type=STA]
06-04 22:01:44.799 29627 29737 I CapacitorCookies: Getting cookies at: 'https://firebaseinstallations.googleapis.com/v1/projects/profession-ball-arena/installations'
06-04 22:01:44.888 30262 30262 W libbinder.BackendUnifiedServiceManager: Thread Pool max thread count is 0. Cannot cache binder as linkToDeath cannot be implemented. serviceName: SurfaceFlingerAIDL
06-04 22:01:44.888 30262 30262 W libbinder.BpBinder: Linking to death on android.gui.ISurfaceComposer but there are no threads (yet?) listening to incoming transactions. See ProcessState::startThreadPool and ProcessState::setThreadPoolMaxThreadCount. Generally you should setup the binder threadpool before other initialization steps.
06-04 22:01:44.888 30262 30262 W libbinder.ProcessState: Extra binder thread started, but 0 threads requested. Do not use *startThreadPool when zero threads are requested.
06-04 22:01:45.037 30264 30264 W libbinder.BackendUnifiedServiceManager: Thread Pool max thread count is 0. Cannot cache binder as linkToDeath cannot be implemented. serviceName: gfxinfo
06-04 22:01:45.037 15424 17061 D ActivityManager: freezer override set to true
06-04 22:01:45.038 15424 17061 D ActivityManager: sync unfroze 23983 android.process.media for 19
06-04 22:01:45.038 15424 17061 D ActivityManager: sync unfroze 18915 com.google.android.settings.intelligence for 19
06-04 22:01:45.039 15424 17061 D ActivityManager: sync unfroze 22615 com.android.providers.calendar for 19
06-04 22:01:45.039 15424 17061 D ActivityManager: sync unfroze 23252 com.google.android.partnersetup for 19
06-04 22:01:45.040 15424 17061 D ActivityManager: sync unfroze 26446 com.google.android.apps.photos for 19
06-04 22:01:45.040 15424 17061 D ActivityManager: sync unfroze 24532 com.android.vending:quick_launch for 19
06-04 22:01:45.041 15424 17061 D ActivityManager: sync unfroze 22378 com.google.android.adservices.api for 19
06-04 22:01:45.041 15424 17061 D ActivityManager: sync unfroze 28956 com.google.android.as.oss for 19
06-04 22:01:45.041 15424 17061 D ActivityManager: sync unfroze 29258 com.android.providers.partnerbookmarks for 19
06-04 22:01:45.043 15424 17061 D ActivityManager: sync unfroze 23802 com.android.vending:background for 19
06-04 22:01:45.043 15424 17061 D ActivityManager: sync unfroze 23675 com.android.keychain for 19
06-04 22:01:45.045 15424 17061 D ActivityManager: sync unfroze 22302 com.google.android.webview:webview_service for 19
06-04 22:01:45.045 15424 17061 D ActivityManager: sync unfroze 22390 com.google.android.permissioncontroller for 19
06-04 22:01:45.045 15424 17061 D ActivityManager: sync unfroze 26137 com.android.settings for 19
06-04 22:01:45.045 15424 17061 D ActivityManager: sync unfroze 22525 android.process.acore for 19
06-04 22:01:45.045 15424 17061 D ActivityManager: sync unfroze 23853 com.google.android.documentsui for 19
06-04 22:01:45.048 15424 17061 D ActivityManager: sync unfroze 28283 com.android.vending for 19
06-04 22:01:45.048 15424 17061 D ActivityManager: sync unfroze 23930 com.google.android.webview:sandboxed_process0:org.chromium.content.app.SandboxedProcessService0:0 for 19
06-04 22:01:45.048 15424 17061 D ActivityManager: sync unfroze 23759 com.arrowagain.game for 19
06-04 22:01:45.061 15424 17061 D ActivityManager: freezer override set to false
06-04 22:01:45.073 28283 28283 I Finsky  : [2] Memory trim requested to level 40
06-04 22:01:45.094 30270 30270 W libbinder.BackendUnifiedServiceManager: Thread Pool max thread count is 0. Cannot cache binder as linkToDeath cannot be implemented. serviceName: gfxinfo
06-04 22:01:45.095 15424 17061 D ActivityManager: freezer override set to true
06-04 22:01:45.103 15424 17061 D ActivityManager: freezer override set to false
06-04 22:01:45.104 24532 24532 I Finsky:quick_launch: [2] Memory trim requested to level 40
06-04 22:01:45.112 23802 23802 I Finsky:background: [2] Memory trim requested to level 40
06-04 22:01:45.133 30278 30278 W libbinder.BackendUnifiedServiceManager: Thread Pool max thread count is 0. Cannot cache binder as linkToDeath cannot be implemented. serviceName: meminfo
06-04 22:01:45.134 15424 17061 D ActivityManager: freezer override set to true
06-04 22:01:45.139 28283 28283 I Finsky  : [2] Flushing in-memory image cache
06-04 22:01:45.184 26297 30259 I AlarmManager: setExactAndAllowWhileIdle [name: GCM_HB_ALARM type: 2 triggerAtMillis: 1256221475]
06-04 22:01:45.189 26297 30259 W WakeLock: GCM_HB_ALARM release without a matched acquire!
06-04 22:01:45.300 29627 29776 I nballarena.game: Explicit concurrent mark compact GC freed 2336KB AllocSpace bytes, 3(60KB) LOS objects, 49% free, 5057KB/10115KB, paused 74us,898us total 125.697ms
06-04 22:01:45.333 15424 17061 D ActivityManager: freezer override set to false
